nohup: ignoring input
=== Lancio dei calcoli in ordine definito ===
input__Hg104ABGV.txt
input__Hg114ABGV.txt
input__Hg105ABGV.txt
input__Hg115ABGV.txt
input__Hg106ABGV.txt
input__Hg116ABGV.txt
input__Hg107ABGV.txt
input__Hg117ABGV.txt
input__Hg108ABGV.txt
input__Hg118ABGV.txt
>>> Elaboro tutti i file contenenti Hg104
Now executing: python test.py Input_Making/input__Hg104ABGV.txt
Input file: Input_Making/input__Hg104ABGV.txt
Output file: outputs/output__Hg104ABGV.txt
light_speed = 137.03599913900001  # default 137.03599913900001
derivative = "ABGV"         # possible values: PH, ABGV, BS
order = 7
box = 1
prec = 1.0e-4                 # precision threshold for the MRA operations
thr  = 1.0e-3                  # error threshold for SCF convergence

readPotential    = False         # bool
computePotential = True         # bool 
savePotential    = True         # bool
potential = "fermi_dirac"       # possible values: point_charge coulomb_HFYGB homogeneus_charge_sphere gaussian

readOrbitals     = False         # bool
saveOrbitals     = True         # bool
saveGuess        = False

scf              = True
ktrs             = False
D2               = False         # bool
two_electrons    = False         # bool

runGaunt         = False
runGaugeA        = False
runGaugeB        = False
runGaugeC        = False
runGaugeD        = False
runGaugeDelta    = False

molecule = [ ["Hg", 80, 0.0, 0.0, 0.0, 54, 54] ]

# With the paramenters I got from Robert, the error is (1) higher than
#  what he gets and (2) dominated by the width of the Gaussian
# I get a much better agreement with the ideal value IF the Gaussian
#  size is reduced by one order of magnitude 3e4->3e5 for Ar
# It seems the position of the nucleus is also important: I get bad
#  results from D2 if I move the nucleus
# Higher prec with off centered nucleus is too demanding for my laptop

**************************************
80 [0.0, 0.0, 0.0]
Fermi Dirac potential
Using Half Charge Radius for Hg: 0.00012485722724
Integral of the Fermi-Dirac distribution via cartesian 3D integration: 8.718057234102968
The normalization constant is: 9.176356366078787
Integral of the Fermi-Dirac distribution via 3D integration: 80.00000000000058
3D density

*FunctionTree: nn
  genNodes: 0
  square norm: 5.71427e+14
  root scale: 0
  order: 7
  nodes: 712
  endNodes: 624
  nodes per scale: 
    scale=0  nodes=8
    scale=1  nodes=64
    scale=2  nodes=64
    scale=3  nodes=64
    scale=4  nodes=64
    scale=5  nodes=64
    scale=6  nodes=64
    scale=7  nodes=64
    scale=8  nodes=64
    scale=9  nodes=64
    scale=10  nodes=64
    scale=11  nodes=64

3D potential

*FunctionTree: nn
  genNodes: 0
  square norm: 98223.4
  root scale: 0
  order: 7
  nodes: 840
  endNodes: 736
  nodes per scale: 
    scale=0  nodes=8
    scale=1  nodes=64
    scale=2  nodes=64
    scale=3  nodes=64
    scale=4  nodes=64
    scale=5  nodes=64
    scale=6  nodes=64
    scale=7  nodes=64
    scale=8  nodes=64
    scale=9  nodes=64
    scale=10  nodes=64
    scale=11  nodes=64
    scale=12  nodes=64
    scale=13  nodes=64

Potential

*FunctionTree: nn
  genNodes: 0
  square norm: 98223.4
  root scale: 0
  order: 7
  nodes: 840
  endNodes: 736
  nodes per scale: 
    scale=0  nodes=8
    scale=1  nodes=64
    scale=2  nodes=64
    scale=3  nodes=64
    scale=4  nodes=64
    scale=5  nodes=64
    scale=6  nodes=64
    scale=7  nodes=64
    scale=8  nodes=64
    scale=9  nodes=64
    scale=10  nodes=64
    scale=11  nodes=64
    scale=12  nodes=64
    scale=13  nodes=64

Number of Atoms =  1
[['Hg', 80, 0.0, 0.0, 0.0, 54, 54]]
Using derivative  ABGV
One-electron calculations 0.0001
calc_dirac_mu 6267.879388060468 15327.82149236144 137.035999139
Error 0.04545516186045455
Delta E 15327.82149236144
Energy -3451.043567662571
Converged?  0.04545516186045455  >  0.001   ----   15327.82149236144  >  1e-05   ----  iteration 0
calc_dirac_mu 6326.277105318018 15292.006697928964 137.035999139
Error 0.03255919087148845
Delta E 35.81479443247554
Energy -3486.8583620950467
Converged?  0.03255919087148845  >  0.001   ----   35.81479443247554  >  1e-05   ----  iteration 1
calc_dirac_mu 6364.366726992861 15268.60140890072 137.035999139
Error 0.019626419051147176
Delta E 23.405289028243715
Energy -3510.2636511232904
Converged?  0.019626419051147176  >  0.001   ----   23.405289028243715  >  1e-05   ----  iteration 2
calc_dirac_mu 6381.080904093895 15258.31955713064 137.035999139
Error 0.012899923539872063
Delta E 10.281851770079811
Energy -3520.54550289337
Converged?  0.012899923539872063  >  0.001   ----   10.281851770079811  >  1e-05   ----  iteration 3
calc_dirac_mu 6387.531836480524 15254.34936399175 137.035999139
Error 0.007743019536272572
Delta E 3.970193138889954
Energy -3524.51569603226
Converged?  0.007743019536272572  >  0.001   ----   3.970193138889954  >  1e-05   ----  iteration 4
calc_dirac_mu 6389.872685230997 15252.908445142666 137.035999139
Error 0.004771670737272042
Delta E 1.4409188490844826
Energy -3525.9566148813446
Converged?  0.004771670737272042  >  0.001   ----   1.4409188490844826  >  1e-05   ----  iteration 5
calc_dirac_mu 6390.768469410945 15252.357005580034 137.035999139
Error 0.002843524160178965
Delta E 0.5514395626323676
Energy -3526.508054443977
Converged?  0.002843524160178965  >  0.001   ----   0.5514395626323676  >  1e-05   ----  iteration 6
calc_dirac_mu 6391.040571597022 15252.189497099473 137.035999139
Error 0.0017203933490320634
Delta E 0.16750848056108225
Energy -3526.675562924538
Converged?  0.0017203933490320634  >  0.001   ----   0.16750848056108225  >  1e-05   ----  iteration 7
calc_dirac_mu 6391.148868454008 15252.12282809733 137.035999139
Error 0.0010272233554300143
Delta E 0.0666690021425893
Energy -3526.7422319266807
Converged?  0.0010272233554300143  >  0.001   ----   0.0666690021425893  >  1e-05   ----  iteration 8
calc_dirac_mu 6391.165712159822 15252.112458859236 137.035999139
Error 0.0006191485471788989
Delta E 0.010369238094426692
Energy -3526.752601164775
Converged?  0.0006191485471788989  >  0.001   ----   0.010369238094426692  >  1e-05   ----  iteration 9
calc_dirac_mu 6391.161371645809 15252.11513094548 137.035999139
Error 0.00037078654107911284
Delta E 0.0026720862442743964
Energy -3526.749929078531
Converged?  0.00037078654107911284  >  0.001   ----   0.0026720862442743964  >  1e-05   ----  iteration 10
calc_dirac_mu 6391.151757481852 15252.12104956893 137.035999139
Error 0.0002234473624011279
Delta E 0.005918623450270388
Energy -3526.7440104550806
Converged?  0.0002234473624011279  >  0.001   ----   0.005918623450270388  >  1e-05   ----  iteration 11
calc_dirac_mu 6391.145088662642 15252.125154992655 137.035999139
Error 0.00013430077399228128
Delta E 0.0041054237244679825
Energy -3526.739905031356
Converged?  0.00013430077399228128  >  0.001   ----   0.0041054237244679825  >  1e-05   ----  iteration 12
calc_dirac_mu 6391.140220338969 15252.128152004003 137.035999139
Error 8.104080951939403e-05
Delta E 0.002997011348270462
Energy -3526.736908020008
Converged?  8.104080951939403e-05  >  0.001   ----   0.002997011348270462  >  1e-05   ----  iteration 13
calc_dirac_mu 6391.136766729106 15252.130278096454 137.035999139
Error 4.8831595887677865e-05
Delta E 0.002126092451362638
Energy -3526.7347819275565
Converged?  4.8831595887677865e-05  >  0.001   ----   0.002126092451362638  >  1e-05   ----  iteration 14
Classic-like energies: cke = 7151.378301988316, cpe = -10331.864271406903, cke + cpe = -3180.485969418587
Exact Energy = -3532.192093162126
Dirac Energy = -3526.732654155905
Kutze Energy = -3508.1761674897907
Error Kutze  = 24.01592567233456
Error Dirac  = 5.459439006221146
Delta Energy = 0.002127771651430521
Dirac - Kutzelnigg = -18.556486666115234

PARAMETERS:
molecule    = [['Hg', 80, 0.0, 0.0, 0.0, 54, 54]]
D2          = False
prec        = 4
derivative  = ABGV
box         = 1

-------------------------------
Hg 1 0 4 ABGV 1
-------------------------------
>>> Elaboro tutti i file contenenti Hg114
Now executing: python test.py Input_Making/input__Hg114ABGV.txt
Input file: Input_Making/input__Hg114ABGV.txt
Output file: outputs/output__Hg114ABGV.txt
light_speed = 137.03599913900001  # default 137.03599913900001
derivative = "ABGV"         # possible values: PH, ABGV, BS
order = 7
box = 1
prec = 1.0e-4                 # precision threshold for the MRA operations
thr  = 1.0e-3                  # error threshold for SCF convergence

readPotential    = True        # bool
computePotential = False         # bool 
savePotential    = False         # bool
potential = "fermi_dirac"       # possible values: point_charge coulomb_HFYGB homogeneus_charge_sphere gaussian

readOrbitals     = True
orbitalName = "spinorb1"        # bool
saveOrbitals     = False         # bool
saveGuess        = False

scf              = True
ktrs             = False
D2               = True         # bool
two_electrons    = False         # bool

runGaunt         = False
runGaugeA        = False
runGaugeB        = False
runGaugeC        = False
runGaugeD        = False
runGaugeDelta    = False

molecule = [ ["Hg", 80, 0.0, 0.0, 0.0, 54, 54] ]

# With the paramenters I got from Robert, the error is (1) higher than
#  what he gets and (2) dominated by the width of the Gaussian
# I get a much better agreement with the ideal value IF the Gaussian
#  size is reduced by one order of magnitude 3e4->3e5 for Ar
# It seems the position of the nucleus is also important: I get bad
#  results from D2 if I move the nucleus
# Higher prec with off centered nucleus is too demanding for my laptop

**************************************
80 [0.0, 0.0, 0.0]
Potential

*FunctionTree: nn
  genNodes: 0
  square norm: 98223.4
  root scale: 0
  order: 7
  nodes: 840
  endNodes: 736
  nodes per scale: 
    scale=0  nodes=8
    scale=1  nodes=64
    scale=2  nodes=64
    scale=3  nodes=64
    scale=4  nodes=64
    scale=5  nodes=64
    scale=6  nodes=64
    scale=7  nodes=64
    scale=8  nodes=64
    scale=9  nodes=64
    scale=10  nodes=64
    scale=11  nodes=64
    scale=12  nodes=64
    scale=13  nodes=64

Number of Atoms =  1
[['Hg', 80, 0.0, 0.0, 0.0, 54, 54]]
Using derivative  ABGV
Hartree-Fock 1e D2
Classic-like energies: cke = 7151.378301988316 cpe = -10331.864275660051 cke + cpe = -3180.4859736717353
mu = 79.75570166040464
Error = 0.0010563841771546946
Delta E 3508.176172720026
Energy -3508.176172720026 0
Converged?  0.0010563841771546946  >  0.001   ----   3508.176172720026  >  1e-05   ----  iteration 0
Classic-like energies: cke = 7107.377566284389 cpe = -10299.978287168353 cke + cpe = -3192.6007208839637
mu = 79.90745548300188
Error = 0.0007812171528248456
Delta E 14.905174673552665
Energy -3523.0813473935787 -3508.176172720026
Converged?  0.0007812171528248456  >  0.001   ----   14.905174673552665  >  1e-05   ----  iteration 1
Classic-like energies: cke = 7101.307071761612 cpe = -10295.674390177819 cke + cpe = -3194.367318416207
mu = 79.9295604694059
Error = 0.000772770400884045
Delta E 2.174720224299108
Energy -3525.2560676178778 -3523.0813473935787
Converged?  0.000772770400884045  >  0.001   ----   2.174720224299108  >  1e-05   ----  iteration 2
Classic-like energies: cke = 7117.746013269204 cpe = -10311.468981577973 cke + cpe = -3193.722968308769
mu = 79.92149858841198
Error = 0.0021479749930149055
Delta E 0.7932450022908597
Energy -3524.462822615587 -3525.2560676178778
Converged?  0.0021479749930149055  >  0.001   ----   0.7932450022908597  >  1e-05   ----  iteration 3
Classic-like energies: cke = 7094.631475574627 cpe = -10285.308720386865 cke + cpe = -3190.6772448122383
mu = 79.88338055956619
Error = 0.005177616276558341
Delta E 3.7489638922816084
Energy -3520.7138587233053 -3524.462822615587
Converged?  0.005177616276558341  >  0.001   ----   3.7489638922816084  >  1e-05   ----  iteration 4
Classic-like energies: cke = 7142.735957644793 cpe = -10324.92513621081 cke + cpe = -3182.1891785660164
mu = 79.7770540765453
Error = 0.010229566949321648
Delta E 10.443055639610975
Energy -3510.2708030836943 -3520.7138587233053
Converged?  0.010229566949321648  >  0.001   ----   10.443055639610975  >  1e-05   ----  iteration 5
Classic-like energies: cke = 7055.485643457659 cpe = -10216.912664744239 cke + cpe = -3161.4270212865804
mu = 79.51637593963372
Error = 0.019104843895637342
Delta E 25.514088526635987
Energy -3484.7567145570583 -3510.2708030836943
Converged?  0.019104843895637342  >  0.001   ----   25.514088526635987  >  1e-05   ----  iteration 6
Classic-like energies: cke = 7165.188459315229 cpe = -10275.305909511764 cke + cpe = -3110.117450196535
mu = 78.86846581741698
Error = 0.03191490841673664
Delta E 62.87121128369108
Energy -3421.8855032733672 -3484.7567145570583
Converged?  0.03191490841673664  >  0.001   ----   62.87121128369108  >  1e-05   ----  iteration 7
Classic-like energies: cke = 6892.2785634644915 cpe = -9882.997328514413 cke + cpe = -2990.718765049922
mu = 77.33975387922982
Error = 0.055211167864945586
Delta E 145.31590875646816
Energy -3276.569594516899 -3421.8855032733672
Converged?  0.055211167864945586  >  0.001   ----   145.31590875646816  >  1e-05   ----  iteration 8
Classic-like energies: cke = 7057.713937815815 cpe = -9772.875590425472 cke + cpe = -2715.161652609657
mu = 73.69072740324467
Error = 0.08420974328802565
Delta E 330.28058394149093
Energy -2946.289010575408 -3276.569594516899
Converged?  0.08420974328802565  >  0.001   ----   330.28058394149093  >  1e-05   ----  iteration 9
Classic-like energies: cke = 6198.588339488568 cpe = -8395.019199986476 cke + cpe = -2196.4308604979087
mu = 66.27866716369466
Error = 0.14269419112423296
Delta E 603.7500441973039
Energy -2342.5389663781043 -2946.289010575408
Converged?  0.14269419112423296  >  0.001   ----   603.7500441973039  >  1e-05   ----  iteration 10
Classic-like energies: cke = 5898.2881587053325 cpe = -7324.563645746046 cke + cpe = -1426.2754870407134
mu = 53.40927797753333
Error = 0.11928660803667822
Delta E 857.5486348085417
Energy -1484.9903315695626 -2342.5389663781043
Converged?  0.11928660803667822  >  0.001   ----   857.5486348085417  >  1e-05   ----  iteration 11
Classic-like energies: cke = 3867.688613324822 cpe = -6810.330183981312 cke + cpe = -2942.64157065649
mu = 76.71559907419729
Error = 0.040909511511211236
Delta E 1733.449445325458
Energy -3218.4397768950207 -1484.9903315695626
Converged?  0.040909511511211236  >  0.001   ----   1733.449445325458  >  1e-05   ----  iteration 12
Classic-like energies: cke = 4204.736226631529 cpe = -7283.940362669512 cke + cpe = -3079.2041360379835
mu = 78.47552658043122
Error = 0.03171713699478531
Delta E 165.69063076357816
Energy -3384.130407658599 -3218.4397768950207
Converged?  0.03171713699478531  >  0.001   ----   165.69063076357816  >  1e-05   ----  iteration 13
Classic-like energies: cke = 4490.543189988928 cpe = -7605.214228641026 cke + cpe = -3114.671038652098
mu = 78.92618119042753
Error = 0.025081860837416394
Delta E 43.324337343361094
Energy -3427.45474500196 -3384.130407658599
Converged?  0.025081860837416394  >  0.001   ----   43.324337343361094  >  1e-05   ----  iteration 14
Classic-like energies: cke = 4787.883177701455, cpe = -7923.579353946958, cke + cpe = -3135.696176245503
Exact Energy = -3532.192093162126
Dirac Energy = -3469.497079742312
Kutze Energy = -3453.195671162216
Error Kutze  = 78.99642199990922
Error Dirac  = 62.69501341981413
Delta Energy = -25.740926160256095
Dirac - Kutzelnigg = -16.301408580096904

PARAMETERS:
molecule    = [['Hg', 80, 0.0, 0.0, 0.0, 54, 54]]
D2          = True
prec        = 4
derivative  = ABGV
box         = 1

-------------------------------
Hg 1 1 4 ABGV 1
-------------------------------
>>> Elaboro tutti i file contenenti Hg105
Now executing: python test.py Input_Making/input__Hg105ABGV.txt
Input file: Input_Making/input__Hg105ABGV.txt
Output file: outputs/output__Hg105ABGV.txt
light_speed = 137.03599913900001  # default 137.03599913900001
derivative = "ABGV"         # possible values: PH, ABGV, BS
order = 8
box = 1
prec = 1.0e-5                 # precision threshold for the MRA operations
thr  = 1.0e-4                  # error threshold for SCF convergence

readPotential    = False         # bool
computePotential = True         # bool 
savePotential    = True         # bool
potential = "fermi_dirac"       # possible values: point_charge coulomb_HFYGB homogeneus_charge_sphere gaussian

readOrbitals     = False         # bool
saveOrbitals     = True         # bool
saveGuess        = False

scf              = True
ktrs             = False
D2               = False         # bool
two_electrons    = False         # bool

runGaunt         = False
runGaugeA        = False
runGaugeB        = False
runGaugeC        = False
runGaugeD        = False
runGaugeDelta    = False

molecule = [ ["Hg", 80, 0.0, 0.0, 0.0, 54, 54] ]

# With the paramenters I got from Robert, the error is (1) higher than
#  what he gets and (2) dominated by the width of the Gaussian
# I get a much better agreement with the ideal value IF the Gaussian
#  size is reduced by one order of magnitude 3e4->3e5 for Ar
# It seems the position of the nucleus is also important: I get bad
#  results from D2 if I move the nucleus
# Higher prec with off centered nucleus is too demanding for my laptop

**************************************
80 [0.0, 0.0, 0.0]
Fermi Dirac potential
Using Half Charge Radius for Hg: 0.00012485722724
Integral of the Fermi-Dirac distribution via cartesian 3D integration: 8.635336356041455
The normalization constant is: 9.264259862214908
Integral of the Fermi-Dirac distribution via 3D integration: 80.00000000000183
3D density

*FunctionTree: nn
  genNodes: 0
  square norm: 5.68278e+14
  root scale: 0
  order: 8
  nodes: 712
  endNodes: 624
  nodes per scale: 
    scale=0  nodes=8
    scale=1  nodes=64
    scale=2  nodes=64
    scale=3  nodes=64
    scale=4  nodes=64
    scale=5  nodes=64
    scale=6  nodes=64
    scale=7  nodes=64
    scale=8  nodes=64
    scale=9  nodes=64
    scale=10  nodes=64
    scale=11  nodes=64

3D potential

*FunctionTree: nn
  genNodes: 0
  square norm: 98223.3
  root scale: 0
  order: 8
  nodes: 904
  endNodes: 792
  nodes per scale: 
    scale=0  nodes=8
    scale=1  nodes=64
    scale=2  nodes=64
    scale=3  nodes=64
    scale=4  nodes=64
    scale=5  nodes=64
    scale=6  nodes=64
    scale=7  nodes=64
    scale=8  nodes=64
    scale=9  nodes=64
    scale=10  nodes=64
    scale=11  nodes=64
    scale=12  nodes=64
    scale=13  nodes=64
    scale=14  nodes=64

Potential

*FunctionTree: nn
  genNodes: 0
  square norm: 98223.3
  root scale: 0
  order: 8
  nodes: 904
  endNodes: 792
  nodes per scale: 
    scale=0  nodes=8
    scale=1  nodes=64
    scale=2  nodes=64
    scale=3  nodes=64
    scale=4  nodes=64
    scale=5  nodes=64
    scale=6  nodes=64
    scale=7  nodes=64
    scale=8  nodes=64
    scale=9  nodes=64
    scale=10  nodes=64
    scale=11  nodes=64
    scale=12  nodes=64
    scale=13  nodes=64
    scale=14  nodes=64

Number of Atoms =  1
[['Hg', 80, 0.0, 0.0, 0.0, 54, 54]]
Using derivative  ABGV
One-electron calculations 1e-05
calc_dirac_mu 6267.7377990366585 15327.908225940986 137.035999139
Error 0.04545768479188843
Delta E 15327.908225940986
Energy -3450.9568340830247
Converged?  0.04545768479188843  >  0.0001   ----   15327.908225940986  >  1.0000000000000002e-06   ----  iteration 0
calc_dirac_mu 6327.8990638153355 15291.010768086922 137.035999139
Error 0.032625089009261574
Delta E 36.89745785406376
Energy -3487.8542919370884
Converged?  0.032625089009261574  >  0.0001   ----   36.89745785406376  >  1.0000000000000002e-06   ----  iteration 1
calc_dirac_mu 6366.628424046222 15267.210514043269 137.035999139
Error 0.019688944791467777
Delta E 23.800254043653695
Energy -3511.654545980742
Converged?  0.019688944791467777  >  0.0001   ----   23.800254043653695  >  1.0000000000000002e-06   ----  iteration 2
calc_dirac_mu 6383.981337465884 15256.534628171865 137.035999139
Error 0.012959573197395505
Delta E 10.675885871403807
Energy -3522.330431852146
Converged?  0.012959573197395505  >  0.0001   ----   10.675885871403807  >  1.0000000000000002e-06   ----  iteration 3
calc_dirac_mu 6390.879832295688 15252.288449838636 137.035999139
Error 0.00779397560808581
Delta E 4.246178333229182
Energy -3526.576610185375
Converged?  0.00779397560808581  >  0.0001   ----   4.246178333229182  >  1.0000000000000002e-06   ----  iteration 4
calc_dirac_mu 6393.534995834602 15250.653822025844 137.035999139
Error 0.004812571533939675
Delta E 1.6346278127912228
Energy -3528.2112379981663
Converged?  0.004812571533939675  >  0.0001   ----   1.6346278127912228  >  1.0000000000000002e-06   ----  iteration 5
calc_dirac_mu 6394.473157973473 15250.076208959128 137.035999139
Error 0.002868259380217628
Delta E 0.577613066716367
Energy -3528.7888510648827
Converged?  0.002868259380217628  >  0.0001   ----   0.577613066716367  >  1.0000000000000002e-06   ----  iteration 6
calc_dirac_mu 6394.801724905981 15249.873909805696 137.035999139
Error 0.0017373201814780005
Delta E 0.20229915343225002
Energy -3528.991150218315
Converged?  0.0017373201814780005  >  0.0001   ----   0.20229915343225002  >  1.0000000000000002e-06   ----  iteration 7
calc_dirac_mu 6396.774471535799 15248.659230313118 137.035999139
Error 0.0011078187814983138
Delta E 1.2146794925774884
Energy -3530.2058297108924
Converged?  0.0011078187814983138  >  0.0001   ----   1.2146794925774884  >  1.0000000000000002e-06   ----  iteration 8
calc_dirac_mu 6396.8331391753145 15248.623105399636 137.035999139
Error 0.0006646332744643189
Delta E 0.03612491348212643
Energy -3530.2419546243746
Converged?  0.0006646332744643189  >  0.0001   ----   0.03612491348212643  >  1.0000000000000002e-06   ----  iteration 9
calc_dirac_mu 6396.861944643184 15248.605368247076 137.035999139
Error 0.0003977337609107035
Delta E 0.017737152560584946
Energy -3530.259691776935
Converged?  0.0003977337609107035  >  0.0001   ----   0.017737152560584946  >  1.0000000000000002e-06   ----  iteration 10
calc_dirac_mu 6396.877418039786 15248.595840394837 137.035999139
Error 0.00023964768777475005
Delta E 0.009527852238534251
Energy -3530.2692196291737
Converged?  0.00023964768777475005  >  0.0001   ----   0.009527852238534251  >  1.0000000000000002e-06   ----  iteration 11
calc_dirac_mu 6396.881181096222 15248.593523265603 137.035999139
Error 0.0001440405552222168
Delta E 0.002317129234143067
Energy -3530.271536758408
Converged?  0.0001440405552222168  >  0.0001   ----   0.002317129234143067  >  1.0000000000000002e-06   ----  iteration 12
calc_dirac_mu 6396.881297386952 15248.593451658739 137.035999139
Error 8.688103360643317e-05
Delta E 7.160686436691321e-05
Energy -3530.271608365272
Converged?  8.688103360643317e-05  >  0.0001   ----   7.160686436691321e-05  >  1.0000000000000002e-06   ----  iteration 13
calc_dirac_mu 6396.882269974 15248.592852781165 137.035999139
Error 5.242029575861499e-05
Delta E 0.0005988775737932883
Energy -3530.272207242846
Converged?  5.242029575861499e-05  >  0.0001   ----   0.0005988775737932883  >  1.0000000000000002e-06   ----  iteration 14
Classic-like energies: cke = 7147.277356939909, cpe = -10343.076843816612, cke + cpe = -3195.7994868767037
Exact Energy = -3532.192093162126
Dirac Energy = -3530.2723912023757
Kutze Energy = -3527.0193259271905
Error Kutze  = 5.172767234937055
Error Dirac  = 1.919701959750455
Delta Energy = -0.00018395952974969987
Dirac - Kutzelnigg = -3.253065275184781

PARAMETERS:
molecule    = [['Hg', 80, 0.0, 0.0, 0.0, 54, 54]]
D2          = False
prec        = 5
derivative  = ABGV
box         = 1

-------------------------------
Hg 1 0 5 ABGV 1
-------------------------------
>>> Elaboro tutti i file contenenti Hg115
Now executing: python test.py Input_Making/input__Hg115ABGV.txt
Input file: Input_Making/input__Hg115ABGV.txt
Output file: outputs/output__Hg115ABGV.txt
light_speed = 137.03599913900001  # default 137.03599913900001
derivative = "ABGV"         # possible values: PH, ABGV, BS
order = 8
box = 1
prec = 1.0e-5                 # precision threshold for the MRA operations
thr  = 1.0e-4                  # error threshold for SCF convergence

readPotential    = True        # bool
computePotential = False         # bool 
savePotential    = False         # bool
potential = "fermi_dirac"       # possible values: point_charge coulomb_HFYGB homogeneus_charge_sphere gaussian

readOrbitals     = True
orbitalName = "spinorb1"        # bool
saveOrbitals     = False         # bool
saveGuess        = False

scf              = True
ktrs             = False
D2               = True         # bool
two_electrons    = False         # bool

runGaunt         = False
runGaugeA        = False
runGaugeB        = False
runGaugeC        = False
runGaugeD        = False
runGaugeDelta    = False

molecule = [ ["Hg", 80, 0.0, 0.0, 0.0, 54, 54] ]

# With the paramenters I got from Robert, the error is (1) higher than
#  what he gets and (2) dominated by the width of the Gaussian
# I get a much better agreement with the ideal value IF the Gaussian
#  size is reduced by one order of magnitude 3e4->3e5 for Ar
# It seems the position of the nucleus is also important: I get bad
#  results from D2 if I move the nucleus
# Higher prec with off centered nucleus is too demanding for my laptop

**************************************
80 [0.0, 0.0, 0.0]
Potential

*FunctionTree: nn
  genNodes: 0
  square norm: 98223.3
  root scale: 0
  order: 8
  nodes: 904
  endNodes: 792
  nodes per scale: 
    scale=0  nodes=8
    scale=1  nodes=64
    scale=2  nodes=64
    scale=3  nodes=64
    scale=4  nodes=64
    scale=5  nodes=64
    scale=6  nodes=64
    scale=7  nodes=64
    scale=8  nodes=64
    scale=9  nodes=64
    scale=10  nodes=64
    scale=11  nodes=64
    scale=12  nodes=64
    scale=13  nodes=64
    scale=14  nodes=64

Number of Atoms =  1
[['Hg', 80, 0.0, 0.0, 0.0, 54, 54]]
Using derivative  ABGV
Hartree-Fock 1e D2
Classic-like energies: cke = 7147.277356939909 cpe = -10343.076854791538 cke + cpe = -3195.799497851629
mu = 79.94747648114516
Error = 0.00026962119739584517
Delta E 3527.019339440087
Energy -3527.019339440087 0
Converged?  0.00026962119739584517  >  0.0001   ----   3527.019339440087  >  1.0000000000000002e-06   ----  iteration 0
Classic-like energies: cke = 7140.727081178867 cpe = -10339.047356329656 cke + cpe = -3198.3202751507897
mu = 79.97900068331424
Error = 0.000346880401055359
Delta E 3.1040278736841174
Energy -3530.1233673137713 -3527.019339440087
Converged?  0.000346880401055359  >  0.0001   ----   3.1040278736841174  >  1.0000000000000002e-06   ----  iteration 1
Classic-like energies: cke = 7140.344528644708 cpe = -10338.637015648992 cke + cpe = -3198.2924870042843
mu = 79.97865323952742
Error = 0.0006413385426901375
Delta E 0.034221136304040556
Energy -3530.0891461774672 -3530.1233673137713
Converged?  0.0006413385426901375  >  0.0001   ----   0.034221136304040556  >  1.0000000000000002e-06   ----  iteration 2
Classic-like energies: cke = 7147.4568171745295 cpe = -10345.665997999939 cke + cpe = -3198.209180825409
mu = 79.97761162757249
Error = 0.0011882628936867579
Delta E 0.10259120063892624
Energy -3529.9865549768283 -3530.0891461774672
Converged?  0.0011882628936867579  >  0.0001   ----   0.10259120063892624  >  1.0000000000000002e-06   ----  iteration 3
Classic-like energies: cke = 7140.5213472049645 cpe = -10338.521962807046 cke + cpe = -3198.000615602082
mu = 79.9750037899603
Error = 0.0020450882720611774
Delta E 0.25684414754368845
Energy -3529.7297108292846 -3529.9865549768283
Converged?  0.0020450882720611774  >  0.0001   ----   0.25684414754368845  >  1.0000000000000002e-06   ----  iteration 4
Classic-like energies: cke = 7155.23111133105 cpe = -10352.715721041195 cke + cpe = -3197.4846097101454
mu = 79.9685514400523
Error = 0.0034126568376732203
Delta E 0.6354329544233224
Energy -3529.0942778748613 -3529.7297108292846
Converged?  0.0034126568376732203  >  0.0001   ----   0.6354329544233224  >  1.0000000000000002e-06   ----  iteration 5
Classic-like energies: cke = 7133.728373164485 cpe = -10329.946674688781 cke + cpe = -3196.2183015242963
mu = 79.95271479473722
Error = 0.005587408317640273
Delta E 1.5592768713695477
Energy -3527.5350010034917 -3529.0942778748613
Converged?  0.005587408317640273  >  0.0001   ----   1.5592768713695477  >  1.0000000000000002e-06   ----  iteration 6
Classic-like energies: cke = 7167.709513533841 cpe = -10360.803564884183 cke + cpe = -3193.094051350342
mu = 79.9136290172126
Error = 0.008943992744338056
Delta E 3.846384208305153
Energy -3523.6886167951866 -3527.5350010034917
Converged?  0.008943992744338056  >  0.0001   ----   3.846384208305153  >  1.0000000000000002e-06   ----  iteration 7
Classic-like energies: cke = 7109.558564914056 cpe = -10295.022190663378 cke + cpe = -3185.463625749322
mu = 79.81808849815087
Error = 0.014381525950268485
Delta E 9.390035366888696
Energy -3514.298581428298 -3523.6886167951866
Converged?  0.014381525950268485  >  0.0001   ----   9.390035366888696  >  1.0000000000000002e-06   ----  iteration 8
Classic-like energies: cke = 7186.696514205754 cpe = -10353.362975928652 cke + cpe = -3166.666461722898
mu = 79.58224000017715
Error = 0.02247806483311115
Delta E 23.10726834808429
Energy -3491.1913130802136 -3514.298581428298
Converged?  0.02247806483311115  >  0.0001   ----   23.10726834808429  >  1.0000000000000002e-06   ----  iteration 9
Classic-like energies: cke = 7028.272724306228 cpe = -10149.78368902101 cke + cpe = -3121.510964714781
mu = 79.01279598539443
Error = 0.0361641426284526
Delta E 55.367234656366236
Energy -3435.8240784238474 -3491.1913130802136
Converged?  0.0361641426284526  >  0.0001   ----   55.367234656366236  >  1.0000000000000002e-06   ----  iteration 10
Classic-like energies: cke = 7179.040827131669 cpe = -10191.32507947809 cke + cpe = -3012.2842523464215
mu = 77.61809392591938
Error = 0.02811544877978043
Delta E 133.10886091858583
Energy -3302.7152175052615 -3435.8240784238474
Converged?  0.02811544877978043  >  0.0001   ----   133.10886091858583  >  1.0000000000000002e-06   ----  iteration 11
Classic-like energies: cke = 6833.74549433295 cpe = -10016.03560369615 cke + cpe = -3182.290109363199
mu = 79.77831922725872
Error = 0.00831724963944924
Delta E 207.67972100921133
Energy -3510.394938514473 -3302.7152175052615
Converged?  0.00831724963944924  >  0.0001   ----   207.67972100921133  >  1.0000000000000002e-06   ----  iteration 12
Classic-like energies: cke = 6906.150698377713 cpe = -10102.67771284423 cke + cpe = -3196.5270144665174
mu = 79.95657589550115
Error = 0.003295042555141493
Delta E 17.52018349537184
Energy -3527.9151220098447 -3510.394938514473
Converged?  0.003295042555141493  >  0.0001   ----   17.52018349537184  >  1.0000000000000002e-06   ----  iteration 13
Classic-like energies: cke = 6929.212767198214 cpe = -10127.035596310561 cke + cpe = -3197.822829112347
mu = 79.97278073335136
Error = 0.0018306932616587884
Delta E 1.5956515186026081
Energy -3529.5107735284473 -3527.9151220098447
Converged?  0.0018306932616587884  >  0.0001   ----   1.5956515186026081  >  1.0000000000000002e-06   ----  iteration 14
Classic-like energies: cke = 6964.387145029725, cpe = -10162.42303585218, cke + cpe = -3198.0358908224553
Exact Energy = -3532.192093162126
Dirac Energy = -3529.8891016101024
Kutze Energy = -3529.7731512953637
Error Kutze  = 2.418941866762907
Error Dirac  = 2.302991552023741
Delta Energy = -0.26237776691641557
Dirac - Kutzelnigg = -0.11595031473916606

PARAMETERS:
molecule    = [['Hg', 80, 0.0, 0.0, 0.0, 54, 54]]
D2          = True
prec        = 5
derivative  = ABGV
box         = 1

-------------------------------
Hg 1 1 5 ABGV 1
-------------------------------
>>> Elaboro tutti i file contenenti Hg106
Now executing: python test.py Input_Making/input__Hg106ABGV.txt
Input file: Input_Making/input__Hg106ABGV.txt
Output file: outputs/output__Hg106ABGV.txt
light_speed = 137.03599913900001  # default 137.03599913900001
derivative = "ABGV"         # possible values: PH, ABGV, BS
order = 9
box = 1
prec = 1.0e-6                 # precision threshold for the MRA operations
thr  = 1.0e-5                  # error threshold for SCF convergence

readPotential    = False         # bool
computePotential = True         # bool 
savePotential    = True         # bool
potential = "fermi_dirac"       # possible values: point_charge coulomb_HFYGB homogeneus_charge_sphere gaussian

readOrbitals     = False         # bool
saveOrbitals     = True         # bool
saveGuess        = False

scf              = True
ktrs             = False
D2               = False         # bool
two_electrons    = False         # bool

runGaunt         = False
runGaugeA        = False
runGaugeB        = False
runGaugeC        = False
runGaugeD        = False
runGaugeDelta    = False

molecule = [ ["Hg", 80, 0.0, 0.0, 0.0, 54, 54] ]

# With the paramenters I got from Robert, the error is (1) higher than
#  what he gets and (2) dominated by the width of the Gaussian
# I get a much better agreement with the ideal value IF the Gaussian
#  size is reduced by one order of magnitude 3e4->3e5 for Ar
# It seems the position of the nucleus is also important: I get bad
#  results from D2 if I move the nucleus
# Higher prec with off centered nucleus is too demanding for my laptop

**************************************
80 [0.0, 0.0, 0.0]
Fermi Dirac potential
Using Half Charge Radius for Hg: 0.00012485722724
Integral of the Fermi-Dirac distribution via cartesian 3D integration: 8.65878873324857
The normalization constant is: 9.239167563103935
Integral of the Fermi-Dirac distribution via 3D integration: 80.00000000000031
3D density

*FunctionTree: nn
  genNodes: 0
  square norm: 5.70217e+14
  root scale: 0
  order: 9
  nodes: 840
  endNodes: 736
  nodes per scale: 
    scale=0  nodes=8
    scale=1  nodes=64
    scale=2  nodes=64
    scale=3  nodes=64
    scale=4  nodes=64
    scale=5  nodes=64
    scale=6  nodes=64
    scale=7  nodes=64
    scale=8  nodes=64
    scale=9  nodes=64
    scale=10  nodes=64
    scale=11  nodes=64
    scale=12  nodes=64
    scale=13  nodes=64

3D potential

*FunctionTree: nn
  genNodes: 0
  square norm: 98223.3
  root scale: 0
  order: 9
  nodes: 1096
  endNodes: 960
  nodes per scale: 
    scale=0  nodes=8
    scale=1  nodes=64
    scale=2  nodes=64
    scale=3  nodes=64
    scale=4  nodes=64
    scale=5  nodes=64
    scale=6  nodes=64
    scale=7  nodes=64
    scale=8  nodes=64
    scale=9  nodes=64
    scale=10  nodes=64
    scale=11  nodes=64
    scale=12  nodes=64
    scale=13  nodes=64
    scale=14  nodes=256

Potential

*FunctionTree: nn
  genNodes: 0
  square norm: 98223.3
  root scale: 0
  order: 9
  nodes: 1096
  endNodes: 960
  nodes per scale: 
    scale=0  nodes=8
    scale=1  nodes=64
    scale=2  nodes=64
    scale=3  nodes=64
    scale=4  nodes=64
    scale=5  nodes=64
    scale=6  nodes=64
    scale=7  nodes=64
    scale=8  nodes=64
    scale=9  nodes=64
    scale=10  nodes=64
    scale=11  nodes=64
    scale=12  nodes=64
    scale=13  nodes=64
    scale=14  nodes=256

Number of Atoms =  1
[['Hg', 80, 0.0, 0.0, 0.0, 54, 54]]
Using derivative  ABGV
One-electron calculations 1e-06
calc_dirac_mu 6267.729234246933 15327.913472482152 137.035999139
Error 0.04545704847431137
Delta E 15327.913472482152
Energy -3450.9515875418583
Converged?  0.04545704847431137  >  9.999999999999999e-06   ----   15327.913472482152  >  1e-07   ----  iteration 0
calc_dirac_mu 6328.37177010626 15290.72050042443 137.035999139
Error 0.03264249230434098
Delta E 37.19297205772273
Energy -3488.144559599581
Converged?  0.03264249230434098  >  9.999999999999999e-06   ----   37.19297205772273  >  1e-07   ----  iteration 1
calc_dirac_mu 6367.396236735756 15266.738297004544 137.035999139
Error 0.019710079063810466
Delta E 23.98220341988599
Energy -3512.126763019467
Converged?  0.019710079063810466  >  9.999999999999999e-06   ----   23.98220341988599  >  1e-07   ----  iteration 2
calc_dirac_mu 6384.998903748426 15255.908367602951 137.035999139
Error 0.012981187800411102
Delta E 10.82992940159238
Energy -3522.9566924210594
Converged?  0.012981187800411102  >  9.999999999999999e-06   ----   10.82992940159238  >  1e-07   ----  iteration 3
calc_dirac_mu 6392.161636280989 15251.499340491337 137.035999139
Error 0.007816283216544253
Delta E 4.409027111614705
Energy -3527.365719532674
Converged?  0.007816283216544253  >  9.999999999999999e-06   ----   4.409027111614705  >  1e-07   ----  iteration 4
calc_dirac_mu 6394.992077815636 15249.756708005812 137.035999139
Error 0.004831875160802917
Delta E 1.7426324855241546
Energy -3529.1083520181983
Converged?  0.004831875160802917  >  9.999999999999999e-06   ----   1.7426324855241546  >  1e-07   ----  iteration 5
calc_dirac_mu 6396.059163289453 15249.09967831701 137.035999139
Error 0.0028840940397726
Delta E 0.6570296888021403
Energy -3529.7653817070004
Converged?  0.0028840940397726  >  9.999999999999999e-06   ----   0.6570296888021403  >  1e-07   ----  iteration 6
calc_dirac_mu 6396.449303037156 15248.859453007339 137.035999139
Error 0.0017481029133686065
Delta E 0.24022530967158673
Energy -3530.005607016672
Converged?  0.0017481029133686065  >  9.999999999999999e-06   ----   0.24022530967158673  >  1e-07   ----  iteration 7
calc_dirac_mu 6396.6000540058285 15248.76662833663 137.035999139
Error 0.001044607755376794
Delta E 0.09282467070806888
Energy -3530.09843168738
Converged?  0.001044607755376794  >  9.999999999999999e-06   ----   0.09282467070806888  >  1e-07   ----  iteration 8
calc_dirac_mu 6396.653462527046 15248.733741988543 137.035999139
Error 0.0006305817741219462
Delta E 0.03288634808814095
Energy -3530.131318035468
Converged?  0.0006305817741219462  >  9.999999999999999e-06   ----   0.03288634808814095  >  1e-07   ----  iteration 9
calc_dirac_mu 6396.674004119057 15248.721093464705 137.035999139
Error 0.00037828292829225016
Delta E 0.012648523837924586
Energy -3530.143966559306
Converged?  0.00037828292829225016  >  9.999999999999999e-06   ----   0.012648523837924586  >  1e-07   ----  iteration 10
calc_dirac_mu 6396.68120093475 15248.71666200945 137.035999139
Error 0.00022842222100002616
Delta E 0.004431455254234606
Energy -3530.1483980145604
Converged?  0.00022842222100002616  >  9.999999999999999e-06   ----   0.004431455254234606  >  1e-07   ----  iteration 11
calc_dirac_mu 6396.6839695233575 15248.714957244521 137.035999139
Error 0.00013754418847096282
Delta E 0.0017047649289452238
Energy -3530.1501027794893
Converged?  0.00013754418847096282  >  9.999999999999999e-06   ----   0.0017047649289452238  >  1e-07   ----  iteration 12
calc_dirac_mu 6396.685029717953 15248.714304427162 137.035999139
Error 8.316836879331507e-05
Delta E 0.0006528173598780995
Energy -3530.150755596849
Converged?  8.316836879331507e-05  >  9.999999999999999e-06   ----   0.0006528173598780995  >  1e-07   ----  iteration 13
calc_dirac_mu 6396.68538994012 15248.714082619494 137.035999139
Error 5.021970062862706e-05
Delta E 0.00022180766791279893
Energy -3530.150977404517
Converged?  5.021970062862706e-05  >  9.999999999999999e-06   ----   0.00022180766791279893  >  1e-07   ----  iteration 14
Classic-like energies: cke = 7149.415230049803, cpe = -10347.973556960507, cke + cpe = -3198.5583269107046
Exact Energy = -3532.192093162126
Dirac Energy = -3530.1510575985303
Kutze Energy = -3530.416531493444
Error Kutze  = 1.7755616686808935
Error Dirac  = 2.0410355635958695
Delta Energy = -8.019401320780162e-05
Dirac - Kutzelnigg = 0.265473894913157

PARAMETERS:
molecule    = [['Hg', 80, 0.0, 0.0, 0.0, 54, 54]]
D2          = False
prec        = 6
derivative  = ABGV
box         = 1

-------------------------------
Hg 1 0 6 ABGV 1
-------------------------------
>>> Elaboro tutti i file contenenti Hg116
Now executing: python test.py Input_Making/input__Hg116ABGV.txt
Input file: Input_Making/input__Hg116ABGV.txt
Output file: outputs/output__Hg116ABGV.txt
light_speed = 137.03599913900001  # default 137.03599913900001
derivative = "ABGV"         # possible values: PH, ABGV, BS
order = 9
box = 1
prec = 1.0e-6                 # precision threshold for the MRA operations
thr  = 1.0e-5                  # error threshold for SCF convergence

readPotential    = True        # bool
computePotential = False         # bool 
savePotential    = False         # bool
potential = "fermi_dirac"       # possible values: point_charge coulomb_HFYGB homogeneus_charge_sphere gaussian

readOrbitals     = True
orbitalName = "spinorb1"        # bool
saveOrbitals     = False         # bool
saveGuess        = False

scf              = True
ktrs             = False
D2               = True         # bool
two_electrons    = False         # bool

runGaunt         = False
runGaugeA        = False
runGaugeB        = False
runGaugeC        = False
runGaugeD        = False
runGaugeDelta    = False

molecule = [ ["Hg", 80, 0.0, 0.0, 0.0, 54, 54] ]

# With the paramenters I got from Robert, the error is (1) higher than
#  what he gets and (2) dominated by the width of the Gaussian
# I get a much better agreement with the ideal value IF the Gaussian
#  size is reduced by one order of magnitude 3e4->3e5 for Ar
# It seems the position of the nucleus is also important: I get bad
#  results from D2 if I move the nucleus
# Higher prec with off centered nucleus is too demanding for my laptop

**************************************
80 [0.0, 0.0, 0.0]
Potential

*FunctionTree: nn
  genNodes: 0
  square norm: 98223.3
  root scale: 0
  order: 9
  nodes: 1096
  endNodes: 960
  nodes per scale: 
    scale=0  nodes=8
    scale=1  nodes=64
    scale=2  nodes=64
    scale=3  nodes=64
    scale=4  nodes=64
    scale=5  nodes=64
    scale=6  nodes=64
    scale=7  nodes=64
    scale=8  nodes=64
    scale=9  nodes=64
    scale=10  nodes=64
    scale=11  nodes=64
    scale=12  nodes=64
    scale=13  nodes=64
    scale=14  nodes=256

Number of Atoms =  1
[['Hg', 80, 0.0, 0.0, 0.0, 54, 54]]
Using derivative  ABGV
Hartree-Fock 1e D2
Classic-like energies: cke = 7149.415230049803 cpe = -10347.97355666848 cke + cpe = -3198.558326618677
mu = 79.98197705256699
Error = 4.054454220038576e-05
Delta E 3530.416531133805
Energy -3530.416531133805 0
Converged?  4.054454220038576e-05  >  9.999999999999999e-06   ----   3530.416531133805  >  1e-07   ----  iteration 0
Classic-like energies: cke = 7150.768148527532 cpe = -10349.132017455711 cke + cpe = -3198.3638689281797
mu = 79.97954574674927
Error = 9.15794340723553e-06
Delta E 0.2394778752741331
Energy -3530.177053258531 -3530.416531133805
Converged?  9.15794340723553e-06  >  9.999999999999999e-06   ----   0.2394778752741331  >  1e-07   ----  iteration 1
Classic-like energies: cke = 7151.2248804054625 cpe = -10349.588743343602 cke + cpe = -3198.3638629381394
mu = 79.97954567185462
Error = 1.442463730152872e-05
Delta E 7.376776466117008e-06
Energy -3530.1770458817546 -3530.177053258531
Converged?  1.442463730152872e-05  >  9.999999999999999e-06   ----   7.376776466117008e-06  >  1e-07   ----  iteration 2
Classic-like energies: cke = 7151.412483921993 cpe = -10349.77630386034 cke + cpe = -3198.3638199383477
mu = 79.97954513421976
Error = 2.2856706913336617e-05
Delta E 5.295454184306436e-05
Energy -3530.1769929272127 -3530.1770458817546
Converged?  2.2856706913336617e-05  >  9.999999999999999e-06   ----   5.295454184306436e-05  >  1e-07   ----  iteration 3
Classic-like energies: cke = 7151.846232029426 cpe = -10350.209910462581 cke + cpe = -3198.3636784331557
mu = 79.97954336495246
Error = 4.577595208130758e-05
Delta E 0.00017426462363800965
Energy -3530.176818662589 -3530.1769929272127
Converged?  4.577595208130758e-05  >  9.999999999999999e-06   ----   0.00017426462363800965  >  1e-07   ----  iteration 4
Classic-like energies: cke = 7151.684415006168 cpe = -10350.047746569326 cke + cpe = -3198.3633315631578
mu = 79.97953902796837
Error = 7.968739435898852e-05
Delta E 0.0004271727957529947
Energy -3530.1763914897933 -3530.176818662589
Converged?  7.968739435898852e-05  >  9.999999999999999e-06   ----   0.0004271727957529947  >  1e-07   ----  iteration 5
Classic-like energies: cke = 7152.3748212049995 cpe = -10350.737286137992 cke + cpe = -3198.362464932992
mu = 79.97952819231922
Error = 0.00013637733167991061
Delta E 0.0010672609760149498
Energy -3530.1753242288173 -3530.1763914897933
Converged?  0.00013637733167991061  >  9.999999999999999e-06   ----   0.0010672609760149498  >  1e-07   ----  iteration 6
Classic-like energies: cke = 7151.588650225151 cpe = -10349.9489882442 cke + cpe = -3198.360338019049
mu = 79.97950159908537
Error = 0.00022433282841782202
Delta E 0.002619308756038663
Energy -3530.1727049200613 -3530.1753242288173
Converged?  0.00022433282841782202  >  9.999999999999999e-06   ----   0.002619308756038663  >  1e-07   ----  iteration 7
Classic-like energies: cke = 7153.0864265639175 cpe = -10351.441517411426 cke + cpe = -3198.355090847508
mu = 79.97943599260385
Error = 0.0003638869281680612
Delta E 0.006461924940140307
Energy -3530.166242995121 -3530.1727049200613
Converged?  0.0003638869281680612  >  9.999999999999999e-06   ----   0.006461924940140307  >  1e-07   ----  iteration 8
Classic-like energies: cke = 7150.89699932251 cpe = -10349.239203110812 cke + cpe = -3198.342203788302
mu = 79.97927486278307
Error = 0.0005824959252090559
Delta E 0.015870483298840554
Energy -3530.1503725118223 -3530.166242995121
Converged?  0.0005824959252090559  >  9.999999999999999e-06   ----   0.015870483298840554  >  1e-07   ----  iteration 9
Classic-like energies: cke = 7154.474443417852 cpe = -10352.784909782082 cke + cpe = -3198.31046636423
mu = 79.97887804119573
Error = 0.0009255401188418959
Delta E 0.03908473942829005
Energy -3530.111287772394 -3530.1503725118223
Converged?  0.0009255401188418959  >  9.999999999999999e-06   ----   0.03908473942829005  >  1e-07   ----  iteration 10
Classic-like energies: cke = 7148.89328734195 cpe = -10347.125757053242 cke + cpe = -3198.2324697112917
mu = 79.97790281960751
Error = 0.0007323279498398096
Delta E 0.09605270237034347
Energy -3530.0152350700237 -3530.111287772394
Converged?  0.0007323279498398096  >  9.999999999999999e-06   ----   0.09605270237034347  >  1e-07   ----  iteration 11
Classic-like energies: cke = 7153.164537467852 cpe = -10351.517872461805 cke + cpe = -3198.3533349939535
mu = 79.97941403878818
Error = 0.00021115514319840957
Delta E 0.14884558095263856
Energy -3530.1640806509763 -3530.0152350700237
Converged?  0.00021115514319840957  >  9.999999999999999e-06   ----   0.14884558095263856  >  1e-07   ----  iteration 12
Classic-like energies: cke = 7151.946041575113 cpe = -10350.309129750194 cke + cpe = -3198.3630881750814
mu = 79.97953598483905
Error = 5.9842072093513804e-05
Delta E 0.012011104728117061
Energy -3530.1760917557044 -3530.1640806509763
Converged?  5.9842072093513804e-05  >  9.999999999999999e-06   ----   0.012011104728117061  >  1e-07   ----  iteration 13
Classic-like energies: cke = 7152.339060412924 cpe = -10350.702934956375 cke + cpe = -3198.363874543451
mu = 79.97954581695811
Error = 1.723935270589841e-05
Delta E 0.0009684180727163039
Energy -3530.177060173777 -3530.1760917557044
Converged?  1.723935270589841e-05  >  9.999999999999999e-06   ----   0.0009684180727163039  >  1e-07   ----  iteration 14
Classic-like energies: cke = 7152.270827919919, cpe = -10350.63476672866, cke + cpe = -3198.363938808742
Exact Energy = -3532.192093162126
Dirac Energy = -3530.178273767906
Kutze Energy = -3530.177139316928
Error Kutze  = 2.014953845198761
Error Dirac  = 2.0138193942202633
Delta Energy = -7.914315074231126e-05
Dirac - Kutzelnigg = -0.001134450976678636

PARAMETERS:
molecule    = [['Hg', 80, 0.0, 0.0, 0.0, 54, 54]]
D2          = True
prec        = 6
derivative  = ABGV
box         = 1

-------------------------------
Hg 1 1 6 ABGV 1
-------------------------------
>>> Elaboro tutti i file contenenti Hg107
Now executing: python test.py Input_Making/input__Hg107ABGV.txt
Input file: Input_Making/input__Hg107ABGV.txt
Output file: outputs/output__Hg107ABGV.txt
light_speed = 137.03599913900001  # default 137.03599913900001
derivative = "ABGV"         # possible values: PH, ABGV, BS
order = 10
box = 1
prec = 1.0e-7                 # precision threshold for the MRA operations
thr  = 1.0e-6                  # error threshold for SCF convergence

readPotential    = False         # bool
computePotential = True         # bool 
savePotential    = True         # bool
potential = "fermi_dirac"       # possible values: point_charge coulomb_HFYGB homogeneus_charge_sphere gaussian

readOrbitals     = False         # bool
saveOrbitals     = True         # bool
saveGuess        = False

scf              = True
ktrs             = False
D2               = False         # bool
two_electrons    = False         # bool

runGaunt         = False
runGaugeA        = False
runGaugeB        = False
runGaugeC        = False
runGaugeD        = False
runGaugeDelta    = False

molecule = [ ["Hg", 80, 0.0, 0.0, 0.0, 54, 54] ]

# With the paramenters I got from Robert, the error is (1) higher than
#  what he gets and (2) dominated by the width of the Gaussian
# I get a much better agreement with the ideal value IF the Gaussian
#  size is reduced by one order of magnitude 3e4->3e5 for Ar
# It seems the position of the nucleus is also important: I get bad
#  results from D2 if I move the nucleus
# Higher prec with off centered nucleus is too demanding for my laptop

**************************************
80 [0.0, 0.0, 0.0]
Fermi Dirac potential
Using Half Charge Radius for Hg: 0.00012485722724
Integral of the Fermi-Dirac distribution via cartesian 3D integration: 8.658788732877582
The normalization constant is: 9.23916756349979
Integral of the Fermi-Dirac distribution via 3D integration: 79.99999999999253
3D density

*FunctionTree: nn
  genNodes: 0
  square norm: 5.70217e+14
  root scale: 0
  order: 10
  nodes: 840
  endNodes: 736
  nodes per scale: 
    scale=0  nodes=8
    scale=1  nodes=64
    scale=2  nodes=64
    scale=3  nodes=64
    scale=4  nodes=64
    scale=5  nodes=64
    scale=6  nodes=64
    scale=7  nodes=64
    scale=8  nodes=64
    scale=9  nodes=64
    scale=10  nodes=64
    scale=11  nodes=64
    scale=12  nodes=64
    scale=13  nodes=64

3D potential

*FunctionTree: nn
  genNodes: 0
  square norm: 98223.3
  root scale: 0
  order: 10
  nodes: 1096
  endNodes: 960
  nodes per scale: 
    scale=0  nodes=8
    scale=1  nodes=64
    scale=2  nodes=64
    scale=3  nodes=64
    scale=4  nodes=64
    scale=5  nodes=64
    scale=6  nodes=64
    scale=7  nodes=64
    scale=8  nodes=64
    scale=9  nodes=64
    scale=10  nodes=64
    scale=11  nodes=64
    scale=12  nodes=64
    scale=13  nodes=64
    scale=14  nodes=256

Potential

*FunctionTree: nn
  genNodes: 0
  square norm: 98223.3
  root scale: 0
  order: 10
  nodes: 1096
  endNodes: 960
  nodes per scale: 
    scale=0  nodes=8
    scale=1  nodes=64
    scale=2  nodes=64
    scale=3  nodes=64
    scale=4  nodes=64
    scale=5  nodes=64
    scale=6  nodes=64
    scale=7  nodes=64
    scale=8  nodes=64
    scale=9  nodes=64
    scale=10  nodes=64
    scale=11  nodes=64
    scale=12  nodes=64
    scale=13  nodes=64
    scale=14  nodes=256

Number of Atoms =  1
[['Hg', 80, 0.0, 0.0, 0.0, 54, 54]]
Using derivative  ABGV
One-electron calculations 1e-07
calc_dirac_mu 6267.728049423285 15327.91419827053 137.035999139
Error 0.04545703444578421
Delta E 15327.91419827053
Energy -3450.950861753481
Converged?  0.04545703444578421  >  1e-06   ----   15327.91419827053  >  1e-08   ----  iteration 0
calc_dirac_mu 6328.3004822462335 15290.764275444304 137.035999139
Error 0.032639924113571396
Delta E 37.14992282622552
Energy -3488.1007845797067
Converged?  0.032639924113571396  >  1e-06   ----   37.14992282622552  >  1e-08   ----  iteration 1
calc_dirac_mu 6367.446135074872 15266.70760822543 137.035999139
Error 0.019713177187899063
Delta E 24.05666721887428
Energy -3512.157451798581
Converged?  0.019713177187899063  >  1e-06   ----   24.05666721887428  >  1e-08   ----  iteration 2
calc_dirac_mu 6385.036698381728 15255.885106422995 137.035999139
Error 0.012982405372935466
Delta E 10.822501802435
Energy -3522.979953601016
Converged?  0.012982405372935466  >  1e-06   ----   10.822501802435  >  1e-08   ----  iteration 3
calc_dirac_mu 6392.2120790444915 15251.46828587853 137.035999139
Error 0.007817476443387482
Delta E 4.416820544463917
Energy -3527.39677414548
Converged?  0.007817476443387482  >  1e-06   ----   4.416820544463917  >  1e-08   ----  iteration 4
calc_dirac_mu 6395.013724959373 15249.743379630265 137.035999139
Error 0.004831434029431096
Delta E 1.724906248266052
Energy -3529.121680393746
Converged?  0.004831434029431096  >  1e-06   ----   1.724906248266052  >  1e-08   ----  iteration 5
calc_dirac_mu 6396.084082793189 15249.084334452673 137.035999139
Error 0.0028840017575775343
Delta E 0.6590451775919064
Energy -3529.780725571338
Converged?  0.0028840017575775343  >  1e-06   ----   0.6590451775919064  >  1e-08   ----  iteration 6
calc_dirac_mu 6396.486207339414 15248.83672929378 137.035999139
Error 0.0017485108716950109
Delta E 0.24760515889283852
Energy -3530.0283307302307
Converged?  0.0017485108716950109  >  1e-06   ----   0.24760515889283852  >  1e-08   ----  iteration 7
calc_dirac_mu 6396.636061575987 15248.744456648612 137.035999139
Error 0.0010447987533246073
Delta E 0.09227264516812284
Energy -3530.120603375399
Converged?  0.0010447987533246073  >  1e-06   ----   0.09227264516812284  >  1e-08   ----  iteration 8
calc_dirac_mu 6396.6917256986835 15248.710181360355 137.035999139
Error 0.0006307778790445358
Delta E 0.0342752882570494
Energy -3530.154878663656
Converged?  0.0006307778790445358  >  1e-06   ----   0.0342752882570494  >  1e-08   ----  iteration 9
calc_dirac_mu 6396.712316348095 15248.697502609728 137.035999139
Error 0.00037839655158681173
Delta E 0.012678750626946567
Energy -3530.167557414283
Converged?  0.00037839655158681173  >  1e-06   ----   0.012678750626946567  >  1e-08   ----  iteration 10
calc_dirac_mu 6396.72000684041 15248.692767164624 137.035999139
Error 0.00022850702974461432
Delta E 0.004735445103506208
Energy -3530.1722928593863
Converged?  0.00022850702974461432  >  1e-06   ----   0.004735445103506208  >  1e-08   ----  iteration 11
calc_dirac_mu 6396.722858329142 15248.691011350995 137.035999139
Error 0.00013759709293474534
Delta E 0.0017558136296429439
Energy -3530.174048673016
Converged?  0.00013759709293474534  >  1e-06   ----   0.0017558136296429439  >  1e-08   ----  iteration 12
calc_dirac_mu 6396.7238922511015 15248.690374710073 137.035999139
Error 8.319816766251965e-05
Delta E 0.0006366409215843305
Energy -3530.1746853139375
Converged?  8.319816766251965e-05  >  1e-06   ----   0.0006366409215843305  >  1e-08   ----  iteration 13
calc_dirac_mu 6396.724272624317 15248.690140493982 137.035999139
Error 5.023838557623727e-05
Delta E 0.00023421609148499556
Energy -3530.174919530029
Converged?  5.023838557623727e-05  >  1e-06   ----   0.00023421609148499556  >  1e-08   ----  iteration 14
Classic-like energies: cke = 7149.48231674588, cpe = -10347.84479797184, cke + cpe = -3198.3624812259604
Exact Energy = -3532.192093162126
Dirac Energy = -3530.1750058340513
Kutze Energy = -3530.1753442937165
Error Kutze  = 2.016748868409195
Error Dirac  = 2.017087328074922
Delta Energy = -8.63040222611744e-05
Dirac - Kutzelnigg = 0.0003384596639079973

PARAMETERS:
molecule    = [['Hg', 80, 0.0, 0.0, 0.0, 54, 54]]
D2          = False
prec        = 7
derivative  = ABGV
box         = 1

-------------------------------
Hg 1 0 7 ABGV 1
-------------------------------
>>> Elaboro tutti i file contenenti Hg117
Now executing: python test.py Input_Making/input__Hg117ABGV.txt
Input file: Input_Making/input__Hg117ABGV.txt
Output file: outputs/output__Hg117ABGV.txt
light_speed = 137.03599913900001  # default 137.03599913900001
derivative = "ABGV"         # possible values: PH, ABGV, BS
order = 10
box = 1
prec = 1.0e-7                 # precision threshold for the MRA operations
thr  = 1.0e-6                  # error threshold for SCF convergence

readPotential    = True        # bool
computePotential = False         # bool 
savePotential    = False         # bool
potential = "fermi_dirac"       # possible values: point_charge coulomb_HFYGB homogeneus_charge_sphere gaussian

readOrbitals     = True
orbitalName = "spinorb1"        # bool
saveOrbitals     = False         # bool
saveGuess        = False

scf              = True
ktrs             = False
D2               = True         # bool
two_electrons    = False         # bool

runGaunt         = False
runGaugeA        = False
runGaugeB        = False
runGaugeC        = False
runGaugeD        = False
runGaugeDelta    = False

molecule = [ ["Hg", 80, 0.0, 0.0, 0.0, 54, 54] ]

# With the paramenters I got from Robert, the error is (1) higher than
#  what he gets and (2) dominated by the width of the Gaussian
# I get a much better agreement with the ideal value IF the Gaussian
#  size is reduced by one order of magnitude 3e4->3e5 for Ar
# It seems the position of the nucleus is also important: I get bad
#  results from D2 if I move the nucleus
# Higher prec with off centered nucleus is too demanding for my laptop

**************************************
80 [0.0, 0.0, 0.0]
Potential

*FunctionTree: nn
  genNodes: 0
  square norm: 98223.3
  root scale: 0
  order: 10
  nodes: 1096
  endNodes: 960
  nodes per scale: 
    scale=0  nodes=8
    scale=1  nodes=64
    scale=2  nodes=64
    scale=3  nodes=64
    scale=4  nodes=64
    scale=5  nodes=64
    scale=6  nodes=64
    scale=7  nodes=64
    scale=8  nodes=64
    scale=9  nodes=64
    scale=10  nodes=64
    scale=11  nodes=64
    scale=12  nodes=64
    scale=13  nodes=64
    scale=14  nodes=256

Number of Atoms =  1
[['Hg', 80, 0.0, 0.0, 0.0, 54, 54]]
Using derivative  ABGV
Hartree-Fock 1e D2
Classic-like energies: cke = 7149.48231674588 cpe = -10347.844797816928 cke + cpe = -3198.362481071048
mu = 79.97952839409655
Error = 2.1959062178407443e-05
Delta E 3530.1753441029405
Energy -3530.1753441029405 0
Converged?  2.1959062178407443e-05  >  1e-06   ----   3530.1753441029405  >  1e-08   ----  iteration 0
Classic-like energies: cke = 7150.233748200267 cpe = -10348.59820632988 cke + cpe = -3198.364458129613
mu = 79.97955311365041
Error = 2.1974841966672303e-05
Delta E 0.002434761260246887
Energy -3530.1777788642007 -3530.1753441029405
Converged?  2.1974841966672303e-05  >  1e-06   ----   0.002434761260246887  >  1e-08   ----  iteration 1
Classic-like energies: cke = 7150.660150968575 cpe = -10349.024604437753 cke + cpe = -3198.3644534691775
mu = 79.97955305538007
Error = 2.5606066967106426e-05
Delta E 5.7393590395804495e-06
Energy -3530.1777731248417 -3530.1777788642007
Converged?  2.5606066967106426e-05  >  1e-06   ----   5.7393590395804495e-06  >  1e-08   ----  iteration 2
Classic-like energies: cke = 7151.223817503442 cpe = -10349.588215064117 cke + cpe = -3198.3643975606756
mu = 79.97955235634512
Error = 4.246840840768161e-05
Delta E 6.885170978421229e-05
Energy -3530.177704273132 -3530.1777731248417
Converged?  4.246840840768161e-05  >  1e-06   ----   6.885170978421229e-05  >  1e-08   ----  iteration 3
Classic-like energies: cke = 7151.273261339092 cpe = -10349.637493912669 cke + cpe = -3198.3642325735773
mu = 79.97955029347911
Error = 6.588799092126909e-05
Delta E 0.00020318276483521913
Energy -3530.177501090367 -3530.177704273132
Converged?  6.588799092126909e-05  >  1e-06   ----   0.00020318276483521913  >  1e-08   ----  iteration 4
Classic-like energies: cke = 7151.92066683444 cpe = -10350.284475681101 cke + cpe = -3198.3638088466605
mu = 79.9795449955382
Error = 0.0001067422397977228
Delta E 0.0005218226428951311
Energy -3530.176979267724 -3530.177501090367
Converged?  0.0001067422397977228  >  1e-06   ----   0.0005218226428951311  >  1e-08   ----  iteration 5
Classic-like energies: cke = 7151.458860267463 cpe = -10349.82161694072 cke + cpe = -3198.3627566732575
mu = 79.97953184000589
Error = 0.000168460843320084
Delta E 0.0012957587837263418
Energy -3530.1756835089404 -3530.176979267724
Converged?  0.000168460843320084  >  1e-06   ----   0.0012957587837263418  >  1e-08   ----  iteration 6
Classic-like energies: cke = 7152.619227487625 cpe = -10350.979388132622 cke + cpe = -3198.3601606449974
mu = 79.97949938134144
Error = 0.0002672703828676695
Delta E 0.0031970261893548013
Energy -3530.172486482751 -3530.1756835089404
Converged?  0.0002672703828676695  >  1e-06   ----   0.0031970261893548013  >  1e-08   ----  iteration 7
Classic-like energies: cke = 7151.128614906435 cpe = -10349.482388335771 cke + cpe = -3198.353773429336
mu = 79.97941952064089
Error = 0.0004209448522632897
Delta E 0.007865896008752316
Energy -3530.1646205867423 -3530.172486482751
Converged?  0.0004209448522632897  >  1e-06   ----   0.007865896008752316  >  1e-08   ----  iteration 8
Classic-like energies: cke = 7153.721953273057 cpe = -10352.060007512697 cke + cpe = -3198.33805423964
mu = 79.97922297996699
Error = 0.0006627918918671118
Delta E 0.019358263084995997
Energy -3530.1452623236573 -3530.1646205867423
Converged?  0.0006627918918671118  >  1e-06   ----   0.019358263084995997  >  1e-08   ----  iteration 9
Classic-like energies: cke = 7149.82538153432 cpe = -10348.124784446807 cke + cpe = -3198.2994029124875
mu = 79.9787397114069
Error = 0.0010420888111414934
Delta E 0.04759920398237227
Energy -3530.097663119675 -3530.1452623236573
Converged?  0.0010420888111414934  >  1e-06   ----   0.04759920398237227  >  1e-08   ----  iteration 10
Classic-like energies: cke = 7156.022931499105 cpe = -10354.227212969776 cke + cpe = -3198.204281470671
mu = 79.97755036847117
Error = 0.0008179684851543458
Delta E 0.11714165562398193
Energy -3529.980521464051 -3530.097663119675
Converged?  0.0008179684851543458  >  1e-06   ----   0.11714165562398193  >  1e-08   ----  iteration 11
Classic-like energies: cke = 7151.028638537476 cpe = -10349.38022147614 cke + cpe = -3198.3515829386643
mu = 79.97939213245702
Error = 0.0002331268958090295
Delta E 0.18140152067007875
Energy -3530.161922984721 -3529.980521464051
Converged?  0.0002331268958090295  >  1e-06   ----   0.18140152067007875  >  1e-08   ----  iteration 12
Classic-like energies: cke = 7152.452838002464 cpe = -10350.816332557517 cke + cpe = -3198.363494555053
mu = 79.97954106588826
Error = 6.651612403058597e-05
Delta E 0.014669230714389414
Energy -3530.1765922154354 -3530.161922984721
Converged?  6.651612403058597e-05  >  1e-06   ----   0.014669230714389414  >  1e-08   ----  iteration 13
Classic-like energies: cke = 7152.1082302136965 cpe = -10350.472686917428 cke + cpe = -3198.364456703732
mu = 79.97955309582233
Error = 1.8743929532903882e-05
Delta E 0.0011848927829305467
Energy -3530.1777771082184 -3530.1765922154354
Converged?  1.8743929532903882e-05  >  1e-06   ----   0.0011848927829305467  >  1e-08   ----  iteration 14
Classic-like energies: cke = 7152.261948810913, cpe = -10350.6264836546, cke + cpe = -3198.3645348436867
Exact Energy = -3532.192093162126
Dirac Energy = -3530.178084471245
Kutze Energy = -3530.17787333812
Error Kutze  = 2.0142198240064317
Error Dirac  = 2.014008690881383
Delta Energy = -9.622990182833746e-05
Dirac - Kutzelnigg = -0.00021113312322995625

PARAMETERS:
molecule    = [['Hg', 80, 0.0, 0.0, 0.0, 54, 54]]
D2          = True
prec        = 7
derivative  = ABGV
box         = 1

-------------------------------
Hg 1 1 7 ABGV 1
-------------------------------
>>> Elaboro tutti i file contenenti Hg108
Now executing: python test.py Input_Making/input__Hg108ABGV.txt
Input file: Input_Making/input__Hg108ABGV.txt
Output file: outputs/output__Hg108ABGV.txt
light_speed = 137.03599913900001  # default 137.03599913900001
derivative = "ABGV"         # possible values: PH, ABGV, BS
order = 11
box = 1
prec = 1.0e-8                 # precision threshold for the MRA operations
thr  = 1.0e-7                  # error threshold for SCF convergence

readPotential    = False         # bool
computePotential = True         # bool 
savePotential    = True         # bool
potential = "fermi_dirac"       # possible values: point_charge coulomb_HFYGB homogeneus_charge_sphere gaussian

readOrbitals     = False         # bool
saveOrbitals     = True         # bool
saveGuess        = False

scf              = True
ktrs             = False
D2               = False         # bool
two_electrons    = False         # bool

runGaunt         = False
runGaugeA        = False
runGaugeB        = False
runGaugeC        = False
runGaugeD        = False
runGaugeDelta    = False

molecule = [ ["Hg", 80, 0.0, 0.0, 0.0, 54, 54] ]

# With the paramenters I got from Robert, the error is (1) higher than
#  what he gets and (2) dominated by the width of the Gaussian
# I get a much better agreement with the ideal value IF the Gaussian
#  size is reduced by one order of magnitude 3e4->3e5 for Ar
# It seems the position of the nucleus is also important: I get bad
#  results from D2 if I move the nucleus
# Higher prec with off centered nucleus is too demanding for my laptop

**************************************
80 [0.0, 0.0, 0.0]
Fermi Dirac potential
Using Half Charge Radius for Hg: 0.00012485722724
Integral of the Fermi-Dirac distribution via cartesian 3D integration: 8.658788732898135
The normalization constant is: 9.23916756347786
Integral of the Fermi-Dirac distribution via 3D integration: 79.99999999999991
3D density

*FunctionTree: nn
  genNodes: 0
  square norm: 5.70217e+14
  root scale: 0
  order: 11
  nodes: 904
  endNodes: 792
  nodes per scale: 
    scale=0  nodes=8
    scale=1  nodes=64
    scale=2  nodes=64
    scale=3  nodes=64
    scale=4  nodes=64
    scale=5  nodes=64
    scale=6  nodes=64
    scale=7  nodes=64
    scale=8  nodes=64
    scale=9  nodes=64
    scale=10  nodes=64
    scale=11  nodes=64
    scale=12  nodes=64
    scale=13  nodes=64
    scale=14  nodes=64

3D potential

*FunctionTree: nn
  genNodes: 0
  square norm: 98223.3
  root scale: 0
  order: 11
  nodes: 1096
  endNodes: 960
  nodes per scale: 
    scale=0  nodes=8
    scale=1  nodes=64
    scale=2  nodes=64
    scale=3  nodes=64
    scale=4  nodes=64
    scale=5  nodes=64
    scale=6  nodes=64
    scale=7  nodes=64
    scale=8  nodes=64
    scale=9  nodes=64
    scale=10  nodes=64
    scale=11  nodes=64
    scale=12  nodes=64
    scale=13  nodes=64
    scale=14  nodes=256

Potential

*FunctionTree: nn
  genNodes: 0
  square norm: 98223.3
  root scale: 0
  order: 11
  nodes: 1096
  endNodes: 960
  nodes per scale: 
    scale=0  nodes=8
    scale=1  nodes=64
    scale=2  nodes=64
    scale=3  nodes=64
    scale=4  nodes=64
    scale=5  nodes=64
    scale=6  nodes=64
    scale=7  nodes=64
    scale=8  nodes=64
    scale=9  nodes=64
    scale=10  nodes=64
    scale=11  nodes=64
    scale=12  nodes=64
    scale=13  nodes=64
    scale=14  nodes=256

Number of Atoms =  1
[['Hg', 80, 0.0, 0.0, 0.0, 54, 54]]
Using derivative  ABGV
One-electron calculations 1e-08
calc_dirac_mu 6267.727940914157 15327.914264740051 137.035999139
Error 0.04545703204504344
Delta E 15327.914264740051
Energy -3450.9507952839595
Converged?  0.04545703204504344  >  1e-07   ----   15327.914264740051  >  1e-09   ----  iteration 0
calc_dirac_mu 6328.301560664852 15290.763613231553 137.035999139
Error 0.03263996661042783
Delta E 37.15065150849841
Energy -3488.101446792458
Converged?  0.03263996661042783  >  1e-07   ----   37.15065150849841  >  1e-09   ----  iteration 1
calc_dirac_mu 6367.445875750205 15266.707767717018 137.035999139
Error 0.019713152057866997
Delta E 24.055845514534667
Energy -3512.1572923069925
Converged?  0.019713152057866997  >  1e-07   ----   24.055845514534667  >  1e-09   ----  iteration 2
calc_dirac_mu 6385.03549190405 15255.885848965325 137.035999139
Error 0.012982355918554636
Delta E 10.821918751693374
Energy -3522.979211058686
Converged?  0.012982355918554636  >  1e-07   ----   10.821918751693374  >  1e-09   ----  iteration 3
calc_dirac_mu 6392.209987999871 15251.469573211736 137.035999139
Error 0.007817415418617253
Delta E 4.416275753588707
Energy -3527.3954868122746
Converged?  0.007817415418617253  >  1e-07   ----   4.416275753588707  >  1e-09   ----  iteration 4
calc_dirac_mu 6395.016308145391 15249.74178913451 137.035999139
Error 0.004831579238029033
Delta E 1.727784077225806
Energy -3529.1232708895004
Converged?  0.004831579238029033  >  1e-07   ----   1.727784077225806  >  1e-09   ----  iteration 5
calc_dirac_mu 6396.086627005654 15249.082767885659 137.035999139
Error 0.0028840783796240475
Delta E 0.6590212488517864
Energy -3529.782292138352
Converged?  0.0028840783796240475  >  1e-07   ----   0.6590212488517864  >  1e-09   ----  iteration 6
calc_dirac_mu 6396.489022393808 15248.83499593108 137.035999139
Error 0.0017485644219820855
Delta E 0.24777195457863854
Energy -3530.030064092931
Converged?  0.0017485644219820855  >  1e-07   ----   0.24777195457863854  >  1e-09   ----  iteration 7
calc_dirac_mu 6396.639015625522 15248.742637688989 137.035999139
Error 0.001044833977641967
Delta E 0.09235824209099519
Energy -3530.122422335022
Converged?  0.001044833977641967  >  1e-07   ----   0.09235824209099519  >  1e-09   ----  iteration 8
calc_dirac_mu 6396.694680552703 15248.708361901281 137.035999139
Error 0.0006307979209790311
Delta E 0.034275787707883865
Energy -3530.1566981227297
Converged?  0.0006307979209790311  >  1e-07   ----   0.034275787707883865  >  1e-09   ----  iteration 9
calc_dirac_mu 6396.715262633435 15248.695688425332 137.035999139
Error 0.0003784077623899546
Delta E 0.012673475948759005
Energy -3530.1693715986785
Converged?  0.0003784077623899546  >  1e-07   ----   0.012673475948759005  >  1e-09   ----  iteration 10
calc_dirac_mu 6396.7228645227115 15248.691007537283 137.035999139
Error 0.0002285101736204921
Delta E 0.004680888048824272
Energy -3530.1740524867273
Converged?  0.0002285101736204921  >  1e-07   ----   0.004680888048824272  >  1e-09   ----  iteration 11
calc_dirac_mu 6396.725670024099 15248.689280040315 137.035999139
Error 0.00013759738121063073
Delta E 0.001727496968669584
Energy -3530.175779983696
Converged?  0.00013759738121063073  >  1e-07   ----   0.001727496968669584  >  1e-09   ----  iteration 12
calc_dirac_mu 6396.726702515766 15248.68864428003 137.035999139
Error 8.319836334487478e-05
Delta E 0.0006357602851494448
Energy -3530.176415743981
Converged?  8.319836334487478e-05  >  1e-07   ----   0.0006357602851494448  >  1e-09   ----  iteration 13
calc_dirac_mu 6396.727083116404 15248.688409923874 137.035999139
Error 5.0238584706562806e-05
Delta E 0.000234356155488058
Energy -3530.1766501001366
Converged?  5.0238584706562806e-05  >  1e-07   ----   0.000234356155488058  >  1e-09   ----  iteration 14
Classic-like energies: cke = 7149.496850383574, cpe = -10347.868408339595, cke + cpe = -3198.3715579560203
Exact Energy = -3532.192093162126
Dirac Energy = -3530.1767355191896
Kutze Energy = -3530.1865223525942
Error Kutze  = 2.0055708095314912
Error Dirac  = 2.0153576429365785
Delta Energy = -8.541905299352948e-05
Dirac - Kutzelnigg = 0.009786833405087236

PARAMETERS:
molecule    = [['Hg', 80, 0.0, 0.0, 0.0, 54, 54]]
D2          = False
prec        = 8
derivative  = ABGV
box         = 1

-------------------------------
Hg 1 0 8 ABGV 1
-------------------------------
>>> Elaboro tutti i file contenenti Hg118
Now executing: python test.py Input_Making/input__Hg118ABGV.txt
Input file: Input_Making/input__Hg118ABGV.txt
Output file: outputs/output__Hg118ABGV.txt
light_speed = 137.03599913900001  # default 137.03599913900001
derivative = "ABGV"         # possible values: PH, ABGV, BS
order = 11
box = 1
prec = 1.0e-8                 # precision threshold for the MRA operations
thr  = 1.0e-7                  # error threshold for SCF convergence

readPotential    = True        # bool
computePotential = False         # bool 
savePotential    = False         # bool
potential = "fermi_dirac"       # possible values: point_charge coulomb_HFYGB homogeneus_charge_sphere gaussian

readOrbitals     = True
orbitalName = "spinorb1"        # bool
saveOrbitals     = False         # bool
saveGuess        = False

scf              = True
ktrs             = False
D2               = True         # bool
two_electrons    = False         # bool

runGaunt         = False
runGaugeA        = False
runGaugeB        = False
runGaugeC        = False
runGaugeD        = False
runGaugeDelta    = False

molecule = [ ["Hg", 80, 0.0, 0.0, 0.0, 54, 54] ]

# With the paramenters I got from Robert, the error is (1) higher than
#  what he gets and (2) dominated by the width of the Gaussian
# I get a much better agreement with the ideal value IF the Gaussian
#  size is reduced by one order of magnitude 3e4->3e5 for Ar
# It seems the position of the nucleus is also important: I get bad
#  results from D2 if I move the nucleus
# Higher prec with off centered nucleus is too demanding for my laptop

**************************************
80 [0.0, 0.0, 0.0]
Potential

*FunctionTree: nn
  genNodes: 0
  square norm: 98223.3
  root scale: 0
  order: 11
  nodes: 1096
  endNodes: 960
  nodes per scale: 
    scale=0  nodes=8
    scale=1  nodes=64
    scale=2  nodes=64
    scale=3  nodes=64
    scale=4  nodes=64
    scale=5  nodes=64
    scale=6  nodes=64
    scale=7  nodes=64
    scale=8  nodes=64
    scale=9  nodes=64
    scale=10  nodes=64
    scale=11  nodes=64
    scale=12  nodes=64
    scale=13  nodes=64
    scale=14  nodes=256

Number of Atoms =  1
[['Hg', 80, 0.0, 0.0, 0.0, 54, 54]]
Using derivative  ABGV
Hartree-Fock 1e D2
Classic-like energies: cke = 7149.496850383574 cpe = -10347.86840833743 cke + cpe = -3198.3715579538557
mu = 79.97964188409267
Error = 2.2597584457399192e-05
Delta E 3530.1865223499294
Energy -3530.1865223499294 0
Converged?  2.2597584457399192e-05  >  1e-07   ----   3530.1865223499294  >  1e-09   ----  iteration 0
Classic-like energies: cke = 7150.276233475724 cpe = -10348.640774874837 cke + cpe = -3198.3645413991126
mu = 79.97955415478525
Error = 2.0934132405726655e-05
Delta E 0.008640938758617267
Energy -3530.177881411171 -3530.1865223499294
Converged?  2.0934132405726655e-05  >  1e-07   ----   0.008640938758617267  >  1e-09   ----  iteration 1
Classic-like energies: cke = 7150.706384874563 cpe = -10349.070929674794 cke + cpe = -3198.3645448002308
mu = 79.9795541973101
Error = 2.3468219959717818e-05
Delta E 4.188501407043077e-06
Energy -3530.177885599672 -3530.177881411171
Converged?  2.3468219959717818e-05  >  1e-07   ----   4.188501407043077e-06  >  1e-09   ----  iteration 2
Classic-like energies: cke = 7151.2411105856445 cpe = -10349.605620276405 cke + cpe = -3198.3645096907603
mu = 79.97955375832952
Error = 3.7660001639475104e-05
Delta E 4.323755683799391e-05
Energy -3530.1778423621154 -3530.177885599672
Converged?  3.7660001639475104e-05  >  1e-07   ----   4.323755683799391e-05  >  1e-09   ----  iteration 3
Classic-like energies: cke = 7151.323124635308 cpe = -10349.687521484917 cke + cpe = -3198.364396849609
mu = 79.97955234745451
Error = 5.7139387223213065e-05
Delta E 0.0001389646677125711
Energy -3530.1777033974477 -3530.1778423621154
Converged?  5.7139387223213065e-05  >  1e-07   ----   0.0001389646677125711  >  1e-09   ----  iteration 4
Classic-like energies: cke = 7151.903070424874 cpe = -10350.267173412485 cke + cpe = -3198.3641029876107
mu = 79.97954867324034
Error = 9.149699793480751e-05
Delta E 0.0003618931004893966
Energy -3530.177341504347 -3530.1777033974477
Converged?  9.149699793480751e-05  >  1e-07   ----   0.0003618931004893966  >  1e-09   ----  iteration 5
Classic-like energies: cke = 7151.5397268555525 cpe = -10349.903097065991 cke + cpe = -3198.363370210439
mu = 79.97953951118296
Error = 0.00014302037118828017
Delta E 0.0009024201594911574
Energy -3530.1764390841877 -3530.177341504347
Converged?  0.00014302037118828017  >  1e-07   ----   0.0009024201594911574  >  1e-09   ----  iteration 6
Classic-like energies: cke = 7152.533977061492 cpe = -10350.89553844376 cke + cpe = -3198.3615613822676
mu = 79.97951689504342
Error = 0.00022569043746743374
Delta E 0.002227584189768095
Energy -3530.174211499998 -3530.1764390841877
Converged?  0.00022569043746743374  >  1e-07   ----   0.002227584189768095  >  1e-09   ----  iteration 7
Classic-like energies: cke = 7151.3013853460525 cpe = -10349.658494153164 cke + cpe = -3198.357108807111
mu = 79.97946122358053
Error = 0.0003539758135011128
Delta E 0.005483375184212491
Energy -3530.1687281248137 -3530.174211499998
Converged?  0.0003539758135011128  >  1e-07   ----   0.005483375184212491  >  1e-09   ----  iteration 8
Classic-like energies: cke = 7153.484663768611 cpe = -10351.830816081747 cke + cpe = -3198.3461523131355
mu = 79.97932423211809
Error = 0.0005560218460047764
Delta E 0.013492985001448687
Energy -3530.1552351398122 -3530.1687281248137
Converged?  0.0005560218460047764  >  1e-07   ----   0.013492985001448687  >  1e-09   ----  iteration 9
Classic-like energies: cke = 7150.239337323157 cpe = -10348.558544665517 cke + cpe = -3198.3192073423597
mu = 79.9789873322032
Error = 0.0008726132210318864
Delta E 0.033182834841227304
Energy -3530.122052304971 -3530.1552351398122
Converged?  0.0008726132210318864  >  1e-07   ----   0.033182834841227304  >  1e-09   ----  iteration 10
Classic-like energies: cke = 7155.432483904455 cpe = -10353.68538719877 cke + cpe = -3198.252903294315
mu = 79.97815830955743
Error = 0.0006842982004947789
Delta E 0.08165338198114114
Energy -3530.04039892299 -3530.122052304971
Converged?  0.0006842982004947789  >  1e-07   ----   0.08165338198114114  >  1e-09   ----  iteration 11
Classic-like energies: cke = 7151.285173886337 cpe = -10349.640758262149 cke + cpe = -3198.3555843758113
mu = 79.97944216329358
Error = 0.0001946264226212672
Delta E 0.12645185524434055
Energy -3530.166850778234 -3530.04039892299
Converged?  0.0001946264226212672  >  1e-07   ----   0.12645185524434055  >  1e-09   ----  iteration 12
Classic-like energies: cke = 7152.473615386348 cpe = -10350.837501447704 cke + cpe = -3198.3638860613564
mu = 79.97954596096875
Error = 5.550670652176249e-05
Delta E 0.010223579923149373
Energy -3530.1770743581574 -3530.166850778234
Converged?  5.550670652176249e-05  >  1e-07   ----   0.010223579923149373  >  1e-09   ----  iteration 13
Classic-like energies: cke = 7152.183957138944 cpe = -10350.548513629865 cke + cpe = -3198.364556490921
mu = 79.97955434348107
Error = 1.5648048370443244e-05
Delta E 0.0008256386813627614
Energy -3530.1778999968387 -3530.1770743581574
Converged?  1.5648048370443244e-05  >  1e-07   ----   0.0008256386813627614  >  1e-09   ----  iteration 14
Classic-like energies: cke = 7152.31065992627, cpe = -10350.675270704489, cke + cpe = -3198.364610778219
Exact Energy = -3532.192093162126
Dirac Energy = -3530.177978507525
Kutze Energy = -3530.1779668520285
Error Kutze  = 2.0141263100995275
Error Dirac  = 2.014114654601144
Delta Energy = -6.685518974336446e-05
Dirac - Kutzelnigg = -1.1655498383333907e-05

PARAMETERS:
molecule    = [['Hg', 80, 0.0, 0.0, 0.0, 54, 54]]
D2          = True
prec        = 8
derivative  = ABGV
box         = 1

-------------------------------
Hg 1 1 8 ABGV 1
-------------------------------
