nohup: ignoring input
Now executing: python test.py Input_Making/input__Ar017PH.txt
Input file: Input_Making/input__Ar017PH.txt
Output file: outputs/output__Ar017PH.txt
light_speed = 137.03599913900001  # default 137.03599913900001
derivative = "PH"         # possible values: PH, ABGV, BS
order = 10
box = 1
prec = 1.0e-7                 # precision threshold for the MRA operations
thr  = 1.0e-6                  # error threshold for SCF convergence

readPotential    = False        # bool
computePotential = True         # bool 
savePotential    = False         # bool
potential = "fermi_dirac"       # possible values: point_charge coulomb_HFYGB homogeneus_charge_sphere gaussian

readOrbitals     = False        # bool
saveOrbitals     = False         # bool
saveGuess        = False

scf              = True
ktrs             = False
D2               = True         # bool
two_electrons    = False         # bool

runGaunt         = False
runGaugeA        = False
runGaugeB        = False
runGaugeC        = False
runGaugeD        = False
runGaugeDelta    = False

molecule = [ ["Ar", 18, 0.1, 0.2, 0.3, 54, 54] ]

# With the paramenters I got from Robert, the error is (1) higher than
#  what he gets and (2) dominated by the width of the Gaussian
# I get a much better agreement with the ideal value IF the Gaussian
#  size is reduced by one order of magnitude 3e4->3e5 for Ar
# It seems the position of the nucleus is also important: I get bad
#  results from D2 if I move the nucleus
# Higher prec with off centered nucleus is too demanding for my laptop

**************************************
18 [0.1, 0.2, 0.3]
Fermi Dirac potential
Using Half Charge Radius for Ar: 6.8888709658e-05
Integral of the Fermi-Dirac distribution via cartesian 3D integration: 1.6483679074262385
The normalization constant is: 10.919892287945109
Integral of the Fermi-Dirac distribution via 3D integration: 18.000000000000014
3D density

*FunctionTree: nn
  genNodes: 0
  square norm: 1.21406e+14
  root scale: 0
  order: 10
  nodes: 296
  endNodes: 260
  nodes per scale: 
    scale=0  nodes=8
    scale=1  nodes=8
    scale=2  nodes=8
    scale=3  nodes=8
    scale=4  nodes=8
    scale=5  nodes=8
    scale=6  nodes=8
    scale=7  nodes=8
    scale=8  nodes=8
    scale=9  nodes=8
    scale=10  nodes=8
    scale=11  nodes=32
    scale=12  nodes=144
    scale=13  nodes=24
    scale=14  nodes=8

3D potential

*FunctionTree: nn
  genNodes: 0
  square norm: 4812.71
  root scale: 0
  order: 10
  nodes: 1512
  endNodes: 1324
  nodes per scale: 
    scale=0  nodes=8
    scale=1  nodes=64
    scale=2  nodes=104
    scale=3  nodes=104
    scale=4  nodes=104
    scale=5  nodes=104
    scale=6  nodes=104
    scale=7  nodes=104
    scale=8  nodes=104
    scale=9  nodes=104
    scale=10  nodes=96
    scale=11  nodes=104
    scale=12  nodes=96
    scale=13  nodes=104
    scale=14  nodes=120
    scale=15  nodes=88

Potential

*FunctionTree: nn
  genNodes: 0
  square norm: 4812.71
  root scale: 0
  order: 10
  nodes: 1512
  endNodes: 1324
  nodes per scale: 
    scale=0  nodes=8
    scale=1  nodes=64
    scale=2  nodes=104
    scale=3  nodes=104
    scale=4  nodes=104
    scale=5  nodes=104
    scale=6  nodes=104
    scale=7  nodes=104
    scale=8  nodes=104
    scale=9  nodes=104
    scale=10  nodes=96
    scale=11  nodes=104
    scale=12  nodes=96
    scale=13  nodes=104
    scale=14  nodes=120
    scale=15  nodes=88

Number of Atoms =  1
[['Ar', 18, 0.1, 0.2, 0.3, 54, 54]]
Using derivative  PH
Hartree-Fock 1e D2
Classic-like energies: cke = 164.78499629470218 cpe = -326.75522220642137 cke + cpe = -161.97022591171918
mu = 17.99834580797464
Error = 0.002451659461230093
Delta E 162.67482382597592
Energy -162.67482382597592 0
Converged?  0.002451659461230093  >  1e-06   ----   162.67482382597592  >  1e-08   ----  iteration 0
Classic-like energies: cke = 166.14711844282647 cpe = -328.14194701957115 cke + cpe = -161.99482857674468
mu = 17.999712696415166
Error = 0.0014198963026991322
Delta E 0.02481766831519394
Energy -162.69964149429111 -162.67482382597592
Converged?  0.0014198963026991322  >  1e-06   ----   0.02481766831519394  >  1e-08   ----  iteration 1
Classic-like energies: cke = 166.90387741619548 cpe = -328.9024326064897 cke + cpe = -161.9985551902942
mu = 17.999919732615155
Error = 0.0008122827272509947
Delta E 0.003759183403303723
Energy -162.70340067769442 -162.69964149429111
Converged?  0.0008122827272509947  >  1e-06   ----   0.003759183403303723  >  1e-08   ----  iteration 2
Classic-like energies: cke = 167.29908478722848 cpe = -329.2984785820998 cke + cpe = -161.9993937948713
mu = 17.999966321905788
Error = 0.00044443326185357164
Delta E 0.0008459339156559054
Energy -162.70424661161007 -162.70340067769442
Converged?  0.00044443326185357164  >  1e-06   ----   0.0008459339156559054  >  1e-08   ----  iteration 3
Classic-like energies: cke = 167.50620530452974 cpe = -329.5058058108017 cke + cpe = -161.99960050627195
mu = 17.999977805890314
Error = 0.00024010581724400113
Delta E 0.00020851805012966906
Energy -162.7044551296602 -162.70424661161007
Converged?  0.00024010581724400113  >  1e-06   ----   0.00020851805012966906  >  1e-08   ----  iteration 4
Classic-like energies: cke = 167.6131464536968 cpe = -329.61279993072424 cke + cpe = -161.99965347702744
mu = 17.99998074871345
Error = 0.00012732563919556165
Delta E 5.343371671528985e-05
Energy -162.70450856337692 -162.7044551296602
Converged?  0.00012732563919556165  >  1e-06   ----   5.343371671528985e-05  >  1e-08   ----  iteration 5
Classic-like energies: cke = 167.6685033447015 cpe = -329.66817062545954 cke + cpe = -161.99966728075805
mu = 17.99998151558818
Error = 6.70180899976631e-05
Delta E 1.3924373661211575e-05
Energy -162.70452248775058 -162.70450856337692
Converged?  6.70180899976631e-05  >  1e-06   ----   1.3924373661211575e-05  >  1e-08   ----  iteration 6
Classic-like energies: cke = 167.69699584023286 cpe = -329.6966667442686 cke + cpe = -161.99967090403575
mu = 17.99998171688159
Error = 3.4973258365917086e-05
Delta E 3.6549446917888417e-06
Energy -162.70452614269527 -162.70452248775058
Converged?  3.4973258365917086e-05  >  1e-06   ----   3.6549446917888417e-06  >  1e-08   ----  iteration 7
Classic-like energies: cke = 167.7116832018401 cpe = -329.71135506010603 cke + cpe = -161.99967185826594
mu = 17.999981769894433
Error = 1.8181539406207944e-05
Delta E 9.625711925309588e-07
Energy -162.70452710526646 -162.70452614269527
Converged?  1.8181539406207944e-05  >  1e-06   ----   9.625711925309588e-07  >  1e-08   ----  iteration 8
Classic-like energies: cke = 167.71923386382377 cpe = -329.7189059738081 cke + cpe = -161.99967210998432
mu = 17.999981783878802
Error = 9.412488499964056e-06
Delta E 2.5391875624336535e-07
Energy -162.70452735918522 -162.70452710526646
Converged?  9.412488499964056e-06  >  1e-06   ----   2.5391875624336535e-07  >  1e-08   ----  iteration 9
Classic-like energies: cke = 167.72311991491478 cpe = -329.72279209134757 cke + cpe = -161.9996721764328
mu = 17.999981787570388
Error = 4.864497700259996e-06
Delta E 6.702865107399703e-08
Energy -162.70452742621387 -162.70452735918522
Converged?  4.864497700259996e-06  >  1e-06   ----   6.702865107399703e-08  >  1e-08   ----  iteration 10
Classic-like energies: cke = 167.7251166752466 cpe = -329.7247888691883 cke + cpe = -161.99967219394168
mu = 17.999981788543103
Error = 1.2545612734839474e-06
Delta E 1.7663040807747166e-08
Energy -162.7045274438769 -162.70452742621387
Converged?  1.2545612734839474e-06  >  1e-06   ----   1.7663040807747166e-08  >  1e-08   ----  iteration 11
Classic-like energies: cke = 167.7256301714006 cpe = -329.7253023680651 cke + cpe = -161.9996721966645
mu = 17.99998178869437
Error = 9.382330118746763e-07
Delta E 2.7457929263619008e-09
Energy -162.7045274466227 -162.7045274438769
Converged?  9.382330118746763e-07  >  1e-06   ----   2.7457929263619008e-09  >  1e-08   ----  iteration 12
Classic-like energies: cke = 167.72601881301512 cpe = -329.7256910112103 cke + cpe = -161.99967219819519
mu = 17.999981788779408
Error = 7.098102691420249e-07
Delta E 1.5448904377990402e-09
Energy -162.7045274481676 -162.7045274466227
Converged?  7.098102691420249e-07  >  1e-06   ----   1.5448904377990402e-09  >  1e-08   ----  iteration 13
Classic-like energies: cke = 167.72631298954133 cpe = -329.72598518861247 cke + cpe = -161.99967219907114
mu = 17.999981788828073
Error = 5.375747124111375e-07
Delta E 8.818972219160059e-10
Energy -162.7045274490495 -162.7045274481676
Converged?  5.375747124111375e-07  >  1e-06   ----   8.818972219160059e-10  >  1e-08   ----  iteration 14
Classic-like energies: cke = 167.72653566876218, cpe = -329.72620786667784, cke + cpe = -161.99967219791566
Exact Energy = -162.70485811494655
Dirac Energy = -162.7045253595279
Kutze Energy = -162.70452744788403
Error Kutze  = 0.00033066706237150356
Error Dirac  = 0.0003327554186398629
Delta Energy = 1.1654606169031467e-09
Dirac - Kutzelnigg = 2.088356268359348e-06

PARAMETERS:
molecule    = [['Ar', 18, 0.1, 0.2, 0.3, 54, 54]]
D2          = True
prec        = 7
derivative  = PH
box         = 1

-------------------------------
Ar 0 1 7 PH 1
-------------------------------
Now executing: python test.py Input_Making/input__Ar018PH.txt
./run_all.sh: line 4:  9369 Killed                  python test.py "$file"
Now executing: python test.py Input_Making/input__Hg017ABGV.txt
Input file: Input_Making/input__Hg017ABGV.txt
Output file: outputs/output__Hg017ABGV.txt
light_speed = 137.03599913900001  # default 137.03599913900001
derivative = "ABGV"         # possible values: PH, ABGV, BS
order = 10
box = 1
prec = 1.0e-7                 # precision threshold for the MRA operations
thr  = 1.0e-6                  # error threshold for SCF convergence

readPotential    = False        # bool
computePotential = True         # bool 
savePotential    = False         # bool
potential = "fermi_dirac"       # possible values: point_charge coulomb_HFYGB homogeneus_charge_sphere gaussian

readOrbitals     = False        # bool
saveOrbitals     = False         # bool
saveGuess        = False

scf              = True
ktrs             = False
D2               = True         # bool
two_electrons    = False         # bool

runGaunt         = False
runGaugeA        = False
runGaugeB        = False
runGaugeC        = False
runGaugeD        = False
runGaugeDelta    = False

molecule = [ ["Hg", 80, 0.1, 0.2, 0.3, 54, 54] ]

# With the paramenters I got from Robert, the error is (1) higher than
#  what he gets and (2) dominated by the width of the Gaussian
# I get a much better agreement with the ideal value IF the Gaussian
#  size is reduced by one order of magnitude 3e4->3e5 for Ar
# It seems the position of the nucleus is also important: I get bad
#  results from D2 if I move the nucleus
# Higher prec with off centered nucleus is too demanding for my laptop

**************************************
80 [0.1, 0.2, 0.3]
Fermi Dirac potential
Using Half Charge Radius for Hg: 0.00012485722724
Integral of the Fermi-Dirac distribution via cartesian 3D integration: 8.658788729144261
The normalization constant is: 9.239167567483348
Integral of the Fermi-Dirac distribution via 3D integration: 79.99999999999997
3D density

*FunctionTree: nn
  genNodes: 0
  square norm: 5.70217e+14
  root scale: 0
  order: 10
  nodes: 304
  endNodes: 267
  nodes per scale: 
    scale=0  nodes=8
    scale=1  nodes=8
    scale=2  nodes=8
    scale=3  nodes=8
    scale=4  nodes=8
    scale=5  nodes=8
    scale=6  nodes=8
    scale=7  nodes=8
    scale=8  nodes=8
    scale=9  nodes=8
    scale=10  nodes=16
    scale=11  nodes=96
    scale=12  nodes=16
    scale=13  nodes=40
    scale=14  nodes=56

3D potential

*FunctionTree: nn
  genNodes: 0
  square norm: 95063.9
  root scale: 0
  order: 10
  nodes: 1496
  endNodes: 1310
  nodes per scale: 
    scale=0  nodes=8
    scale=1  nodes=64
    scale=2  nodes=104
    scale=3  nodes=104
    scale=4  nodes=104
    scale=5  nodes=104
    scale=6  nodes=104
    scale=7  nodes=104
    scale=8  nodes=104
    scale=9  nodes=104
    scale=10  nodes=96
    scale=11  nodes=104
    scale=12  nodes=96
    scale=13  nodes=112
    scale=14  nodes=184

Potential

*FunctionTree: nn
  genNodes: 0
  square norm: 95063.9
  root scale: 0
  order: 10
  nodes: 1496
  endNodes: 1310
  nodes per scale: 
    scale=0  nodes=8
    scale=1  nodes=64
    scale=2  nodes=104
    scale=3  nodes=104
    scale=4  nodes=104
    scale=5  nodes=104
    scale=6  nodes=104
    scale=7  nodes=104
    scale=8  nodes=104
    scale=9  nodes=104
    scale=10  nodes=96
    scale=11  nodes=104
    scale=12  nodes=96
    scale=13  nodes=112
    scale=14  nodes=184

Number of Atoms =  1
[['Hg', 80, 0.1, 0.2, 0.3, 54, 54]]
Using derivative  ABGV
Hartree-Fock 1e D2
Classic-like energies: cke = 4205.200980469228 cpe = -7225.468953375093 cke + cpe = -3020.2679729058655
mu = 77.7208848753778
Error = 0.04294907176622659
Delta E 3312.4057520256983
Energy -3312.4057520256983 0
Converged?  0.04294907176622659  >  1e-06   ----   3312.4057520256983  >  1e-08   ----  iteration 0
Classic-like energies: cke = 4514.024272257409 cpe = -7519.089404391252 cke + cpe = -3005.065132133843
mu = 77.52502992110152
Error = 0.05138117107061594
Delta E 18.447786225446634
Energy -3293.9579658002517 -3312.4057520256983
Converged?  0.05138117107061594  >  1e-06   ----   18.447786225446634  >  1e-08   ----  iteration 1
Classic-like energies: cke = 5097.017218791581 cpe = -7971.7110223802565 cke + cpe = -2874.693803588675
mu = 75.82471633430191
Error = 0.07527621337194654
Delta E 157.3049900574406
Energy -3136.652975742811 -3293.9579658002517
Converged?  0.07527621337194654  >  1e-06   ----   157.3049900574406  >  1e-08   ----  iteration 2
Classic-like energies: cke = 5040.831906992954 cpe = -7585.126220682279 cke + cpe = -2544.2943136893255
mu = 71.33434395421781
Error = 0.11384186239130635
Delta E 391.7473070567398
Energy -2744.9056686860713 -3136.652975742811
Converged?  0.11384186239130635  >  1e-06   ----   391.7473070567398  >  1e-08   ----  iteration 3
Classic-like energies: cke = 5440.001767907983 cpe = -7320.9104630856245 cke + cpe = -1880.9086951776417
mu = 61.333656261104174
Error = 0.16082079081289968
Delta E 758.9888843120823
Energy -1985.916784373989 -2744.9056686860713
Converged?  0.16082079081289968  >  1e-06   ----   758.9888843120823  >  1e-08   ----  iteration 4
Classic-like energies: cke = 4175.363233371609 cpe = -5379.801242574968 cke + cpe = -1204.438009203359
mu = 49.08030173508225
Error = 0.23809271395309037
Delta E 740.1579878334373
Energy -1245.7587965405517 -1985.916784373989
Converged?  0.23809271395309037  >  1e-06   ----   740.1579878334373  >  1e-08   ----  iteration 5
Classic-like energies: cke = 3321.2772947791314 cpe = -4364.085760875665 cke + cpe = -1042.8084660965337
mu = 45.668555179609825
Error = 0.19732353405115086
Delta E 172.26732777509233
Energy -1073.4914687654593 -1245.7587965405517
Converged?  0.19732353405115086  >  1e-06   ----   172.26732777509233  >  1e-08   ----  iteration 6
Classic-like energies: cke = 2184.29782661865 cpe = -3257.1201935985446 cke + cpe = -1072.8223669798945
mu = 46.321104628017984
Error = 0.19406448532066828
Delta E 31.862338063599054
Energy -1105.3538068290584 -1073.4914687654593
Converged?  0.19406448532066828  >  1e-06   ----   31.862338063599054  >  1e-08   ----  iteration 7
Classic-like energies: cke = 2108.4185862365493 cpe = -3158.4797439932604 cke + cpe = -1050.061157756711
mu = 45.82709150178988
Error = 0.1796865038258672
Delta E 24.168237914012025
Energy -1081.1855689150464 -1105.3538068290584
Converged?  0.1796865038258672  >  1e-06   ----   24.168237914012025  >  1e-08   ----  iteration 8
Classic-like energies: cke = 1697.2330871035956 cpe = -2750.6110029619426 cke + cpe = -1053.377915858347
mu = 45.89940992776153
Error = 0.18664967370912144
Delta E 3.5197352922416485
Energy -1084.705304207288 -1081.1855689150464
Converged?  0.18664967370912144  >  1e-06   ----   3.5197352922416485  >  1e-08   ----  iteration 9
Classic-like energies: cke = 1800.2029266603352 cpe = -2851.3178851702137 cke + cpe = -1051.1149585098785
mu = 45.85008088345927
Error = 0.18311903390667872
Delta E 2.401520480180352
Energy -1082.3037837271077 -1084.705304207288
Converged?  0.18311903390667872  >  1e-06   ----   2.401520480180352  >  1e-08   ----  iteration 10
Classic-like energies: cke = 1552.2882215047744 cpe = -2603.4004047525214 cke + cpe = -1051.112183247747
mu = 45.85002035436292
Error = 0.11393082974308759
Delta E 0.0029449941116581613
Energy -1082.300838732996 -1082.3037837271077
Converged?  0.11393082974308759  >  1e-06   ----   0.0029449941116581613  >  1e-08   ----  iteration 11
Classic-like energies: cke = 1183.5135919901695 cpe = -3494.9493741027336 cke + cpe = -2311.435782112564
mu = 67.99170217184688
Error = 0.08507797987506964
Delta E 1392.1632311232138
Energy -2474.46406985621 -1082.300838732996
Converged?  0.08507797987506964  >  1e-06   ----   1392.1632311232138  >  1e-08   ----  iteration 12
Classic-like energies: cke = 1402.682531447846 cpe = -3907.1921187770417 cke + cpe = -2504.5095873291957
mu = 70.7744245801998
Error = 0.07055542741805872
Delta E 223.91350444126147
Energy -2698.3775742974713 -2474.46406985621
Converged?  0.07055542741805872  >  1e-06   ----   223.91350444126147  >  1e-08   ----  iteration 13
Classic-like energies: cke = 1704.8023508375977 cpe = -4334.924344415621 cke + cpe = -2630.121993578023
mu = 72.52753950849323
Error = 0.06285391382507168
Delta E 147.36597972576055
Energy -2845.743554023232 -2698.3775742974713
Converged?  0.06285391382507168  >  1e-06   ----   147.36597972576055  >  1e-08   ----  iteration 14
Classic-like energies: cke = 2011.4924252055685, cpe = -4743.521911489754, cke + cpe = -2732.029486284185
Exact Energy = -3532.192093162126
Dirac Energy = -3046.6834386502032
Kutze Energy = -2966.3084414149957
Error Kutze  = 565.8836517471318
Error Dirac  = 485.50865451192294
Delta Energy = -120.56488739176393
Dirac - Kutzelnigg = -80.37499723520887

PARAMETERS:
molecule    = [['Hg', 80, 0.1, 0.2, 0.3, 54, 54]]
D2          = True
prec        = 7
derivative  = ABGV
box         = 1

-------------------------------
Hg 0 1 7 ABGV 1
-------------------------------
Now executing: python test.py Input_Making/input__Hg017PH.txt
./run_all.sh: line 4: 14973 Killed                  python test.py "$file"
Now executing: python test.py Input_Making/input__Hg018ABGV.txt
./run_all.sh: line 4: 17493 Killed                  python test.py "$file"
Now executing: python test.py Input_Making/input__Hg018BS.txt
./run_all.sh: line 4: 20894 Killed                  python test.py "$file"
Now executing: python test.py Input_Making/input__Hg018PH.txt
./run_all.sh: line 4: 23322 Killed                  python test.py "$file"
Now executing: python test.py Input_Making/input__Ne018PH.txt
./run_all.sh: line 4: 25083 Killed                  python test.py "$file"
Now executing: python test.py Input_Making/input__Ne118PH.txt
Terminated
