nohup: ignoring input
=== Lancio dei calcoli in ordine definito ===
input__Hg004ABGV.txt
input__Hg014ABGV.txt
input__Hg005ABGV.txt
input__Hg015ABGV.txt
input__Hg006ABGV.txt
input__Hg016ABGV.txt
input__Hg007ABGV.txt
input__Hg017ABGV.txt
input__Hg008ABGV.txt
input__Hg018ABGV.txt
input__Hg104ABGV.txt
input__Hg114ABGV.txt
input__Hg105ABGV.txt
input__Hg115ABGV.txt
input__Hg106ABGV.txt
input__Hg116ABGV.txt
input__Hg107ABGV.txt
input__Hg117ABGV.txt
input__Hg108ABGV.txt
input__Hg118ABGV.txt
>>> Elaboro tutti i file contenenti Hg004
Now executing: python test.py Input_Making/input__Hg004ABGV.txt#
Input file: Input_Making/input__Hg004ABGV.txt
Output file: outputs/output__Hg004ABGV.txt
light_speed = 137.03599913900001  # default 137.03599913900001
derivative = "ABGV"         # possible values: PH, ABGV, BS
order = 7
box = 1
prec = 1.0e-4                 # precision threshold for the MRA operations
thr  = 1.0e-3                  # error threshold for SCF convergence

readPotential    = False         # bool
computePotential = True         # bool 
savePotential    = True         # bool
potential = "fermi_dirac"       # possible values: point_charge coulomb_HFYGB homogeneus_charge_sphere gaussian

readOrbitals     = False         # bool
saveOrbitals     = True         # bool
saveGuess        = False

scf              = True
ktrs             = False
D2               = False         # bool
two_electrons    = False         # bool

runGaunt         = False
runGaugeA        = False
runGaugeB        = False
runGaugeC        = False
runGaugeD        = False
runGaugeDelta    = False

molecule = [ ["Hg", 80, 0.1, 0.2, 0.3, 54, 54] ]

# With the paramenters I got from Robert, the error is (1) higher than
#  what he gets and (2) dominated by the width of the Gaussian
# I get a much better agreement with the ideal value IF the Gaussian
#  size is reduced by one order of magnitude 3e4->3e5 for Ar
# It seems the position of the nucleus is also important: I get bad
#  results from D2 if I move the nucleus
# Higher prec with off centered nucleus is too demanding for my laptop

**************************************
80 [0.1, 0.2, 0.3]
Fermi Dirac potential
Using Half Charge Radius for Hg: 0.00012485722724
Integral of the Fermi-Dirac distribution via cartesian 3D integration: 8.681462019814425
The normalization constant is: 9.215037722610468
Integral of the Fermi-Dirac distribution via 3D integration: 80.0
3D density

*FunctionTree: nn
  genNodes: 0
  square norm: 5.70938e+14
  root scale: 0
  order: 7
  nodes: 192
  endNodes: 169
  nodes per scale: 
    scale=0  nodes=8
    scale=1  nodes=8
    scale=2  nodes=8
    scale=3  nodes=8
    scale=4  nodes=8
    scale=5  nodes=8
    scale=6  nodes=8
    scale=7  nodes=8
    scale=8  nodes=8
    scale=9  nodes=8
    scale=10  nodes=16
    scale=11  nodes=96

3D potential

*FunctionTree: nn
  genNodes: 0
  square norm: 95063.8
  root scale: 0
  order: 7
  nodes: 688
  endNodes: 603
  nodes per scale: 
    scale=0  nodes=8
    scale=1  nodes=56
    scale=2  nodes=48
    scale=3  nodes=56
    scale=4  nodes=48
    scale=5  nodes=56
    scale=6  nodes=48
    scale=7  nodes=56
    scale=8  nodes=48
    scale=9  nodes=56
    scale=10  nodes=48
    scale=11  nodes=56
    scale=12  nodes=48
    scale=13  nodes=56

Potential

*FunctionTree: nn
  genNodes: 0
  square norm: 95063.8
  root scale: 0
  order: 7
  nodes: 688
  endNodes: 603
  nodes per scale: 
    scale=0  nodes=8
    scale=1  nodes=56
    scale=2  nodes=48
    scale=3  nodes=56
    scale=4  nodes=48
    scale=5  nodes=56
    scale=6  nodes=48
    scale=7  nodes=56
    scale=8  nodes=48
    scale=9  nodes=56
    scale=10  nodes=48
    scale=11  nodes=56
    scale=12  nodes=48
    scale=13  nodes=56

Number of Atoms =  1
[['Hg', 80, 0.1, 0.2, 0.3, 54, 54]]
Using derivative  ABGV
One-electron calculations 0.0001
calc_dirac_mu 6268.76936094565 15327.276307973943 137.035999139
Error 0.04548306235627531
Delta E 15327.276307973943
Energy -3451.5887520500673
Converged?  0.04548306235627531  >  0.001   ----   15327.276307973943  >  1e-05   ----  iteration 0
calc_dirac_mu 6327.765968447719 15291.092494969049 137.035999139
Error 0.0326004534956896
Delta E 36.183813004894546
Energy -3487.772565054962
Converged?  0.0326004534956896  >  0.001   ----   36.183813004894546  >  1e-05   ----  iteration 1
calc_dirac_mu 6366.971362464681 15266.999603256338 137.035999139
Error 0.019693324284539293
Delta E 24.092891712711207
Energy -3511.865456767673
Converged?  0.019693324284539293  >  0.001   ----   24.092891712711207  >  1e-05   ----  iteration 2
calc_dirac_mu 6384.508890962429 15256.209948892407 137.035999139
Error 0.012969302990160607
Delta E 10.789654363930822
Energy -3522.655111131604
Converged?  0.012969302990160607  >  0.001   ----   10.789654363930822  >  1e-05   ----  iteration 3
calc_dirac_mu 6391.715103749479 15251.774241286219 137.035999139
Error 0.007811320356446835
Delta E 4.4357076061878615
Energy -3527.090818737792
Converged?  0.007811320356446835  >  0.001   ----   4.4357076061878615  >  1e-05   ----  iteration 4
calc_dirac_mu 6394.532449434774 15250.039703315864 137.035999139
Error 0.004828491941014095
Delta E 1.7345379703547223
Energy -3528.8253567081465
Converged?  0.004828491941014095  >  0.001   ----   1.7345379703547223  >  1e-05   ----  iteration 5
calc_dirac_mu 6395.6167323042955 15249.372096942765 137.035999139
Error 0.002882808017181097
Delta E 0.667606373099261
Energy -3529.4929630812458
Converged?  0.002882808017181097  >  0.001   ----   0.667606373099261  >  1e-05   ----  iteration 6
calc_dirac_mu 6396.016447695644 15249.125979859306 137.035999139
Error 0.0017476800138967994
Delta E 0.2461170834594668
Energy -3529.7390801647052
Converged?  0.0017476800138967994  >  0.001   ----   0.2461170834594668  >  1e-05   ----  iteration 7
calc_dirac_mu 6396.171804150011 15249.030321031147 137.035999139
Error 0.0010445027951220755
Delta E 0.09565882815877558
Energy -3529.834738992864
Converged?  0.0010445027951220755  >  0.001   ----   0.09565882815877558  >  1e-05   ----  iteration 8
calc_dirac_mu 6396.223969260037 15248.998200870943 137.035999139
Error 0.0006304484216710431
Delta E 0.03212016020370356
Energy -3529.8668591530677
Converged?  0.0006304484216710431  >  0.001   ----   0.03212016020370356  >  1e-05   ----  iteration 9
calc_dirac_mu 6396.238707610331 15248.989125862536 137.035999139
Error 0.00037797570813108416
Delta E 0.009075008407307905
Energy -3529.875934161475
Converged?  0.00037797570813108416  >  0.001   ----   0.009075008407307905  >  1e-05   ----  iteration 10
calc_dirac_mu 6396.245608573872 15248.984876653618 137.035999139
Error 0.00022823504986125298
Delta E 0.004249208917826763
Energy -3529.880183370393
Converged?  0.00022823504986125298  >  0.001   ----   0.004249208917826763  >  1e-05   ----  iteration 11
calc_dirac_mu 6396.251131312562 15248.98147607394 137.035999139
Error 0.00013753989548166449
Delta E 0.0034005796787823783
Energy -3529.8835839500716
Converged?  0.00013753989548166449  >  0.001   ----   0.0034005796787823783  >  1e-05   ----  iteration 12
calc_dirac_mu 6396.251666018026 15248.981146833528 137.035999139
Error 8.314109797125225e-05
Delta E 0.0003292404107924085
Energy -3529.8839131904824
Converged?  8.314109797125225e-05  >  0.001   ----   0.0003292404107924085  >  1e-05   ----  iteration 13
calc_dirac_mu 6396.254259779058 15248.979549746795 137.035999139
Error 5.028766984806943e-05
Delta E 0.0015970867334544891
Energy -3529.885510277216
Converged?  5.028766984806943e-05  >  0.001   ----   0.0015970867334544891  >  1e-05   ----  iteration 14
Classic-like energies: cke = 7149.074304401673, cpe = -10348.657046094135, cke + cpe = -3199.582741692462
Exact Energy = -3532.192093162126
Dirac Energy = -3529.885456602091
Kutze Energy = -3531.678177410491
Error Kutze  = 0.5139157516350679
Error Dirac  = 2.3066365600352583
Delta Energy = 5.3675124945584685e-05
Dirac - Kutzelnigg = 1.7927208084001904

PARAMETERS:
molecule    = [['Hg', 80, 0.1, 0.2, 0.3, 54, 54]]
D2          = False
prec        = 4
derivative  = ABGV
box         = 1

-------------------------------
Hg 0 0 4 ABGV 1
-------------------------------
>>> Elaboro tutti i file contenenti Hg014
Now executing: python test.py Input_Making/input__Hg014ABGV.txt#
Input file: Input_Making/input__Hg014ABGV.txt
Output file: outputs/output__Hg014ABGV.txt
light_speed = 137.03599913900001  # default 137.03599913900001
derivative = "ABGV"         # possible values: PH, ABGV, BS
order = 7
box = 1
prec = 1.0e-4                 # precision threshold for the MRA operations
thr  = 1.0e-3                  # error threshold for SCF convergence

readPotential    = True        # bool
computePotential = False         # bool 
savePotential    = True         # bool
potential = "fermi_dirac"       # possible values: point_charge coulomb_HFYGB homogeneus_charge_sphere gaussian

readOrbitals     = True
orbitalName = "spinorb1"        # bool
saveOrbitals     = False         # bool
saveGuess        = False

scf              = True
ktrs             = False
D2               = True         # bool
two_electrons    = False         # bool

runGaunt         = False
runGaugeA        = False
runGaugeB        = False
runGaugeC        = False
runGaugeD        = False
runGaugeDelta    = False

molecule = [ ["Hg", 80, 0.1, 0.2, 0.3, 54, 54] ]

# With the paramenters I got from Robert, the error is (1) higher than
#  what he gets and (2) dominated by the width of the Gaussian
# I get a much better agreement with the ideal value IF the Gaussian
#  size is reduced by one order of magnitude 3e4->3e5 for Ar
# It seems the position of the nucleus is also important: I get bad
#  results from D2 if I move the nucleus
# Higher prec with off centered nucleus is too demanding for my laptop

**************************************
80 [0.1, 0.2, 0.3]
Potential

*FunctionTree: nn
  genNodes: 0
  square norm: 95063.8
  root scale: 0
  order: 7
  nodes: 688
  endNodes: 603
  nodes per scale: 
    scale=0  nodes=8
    scale=1  nodes=56
    scale=2  nodes=48
    scale=3  nodes=56
    scale=4  nodes=48
    scale=5  nodes=56
    scale=6  nodes=48
    scale=7  nodes=56
    scale=8  nodes=48
    scale=9  nodes=56
    scale=10  nodes=48
    scale=11  nodes=56
    scale=12  nodes=48
    scale=13  nodes=56

Number of Atoms =  1
[['Hg', 80, 0.1, 0.2, 0.3, 54, 54]]
Using derivative  ABGV
Hartree-Fock 1e D2
Classic-like energies: cke = 7149.074304401673 cpe = -10348.656890682554 cke + cpe = -3199.5825862808815
mu = 79.99478215834932
Error = 0.00019558750830097794
Delta E 3531.6779860012102
Energy -3531.6779860012102 0
Converged?  0.00019558750830097794  >  0.001   ----   3531.6779860012102  >  1e-05   ----  iteration 0
Classic-like energies: cke = 7153.166868392126 cpe = -10351.492498481519 cke + cpe = -3198.3256300893927
mu = 79.97906763759369
Error = 0.00016651792820133532
Delta E 1.548024065194113
Energy -3530.129961936016 -3531.6779860012102
Converged?  0.00016651792820133532  >  0.001   ----   1.548024065194113  >  1e-05   ----  iteration 1
Classic-like energies: cke = 7153.566192917771 cpe = -10351.904411139942 cke + cpe = -3198.3382182221703
mu = 79.97922503028109
Error = 0.0002830921176539296
Delta E 0.015502332846153877
Energy -3530.1454642688623 -3530.129961936016
Converged?  0.0002830921176539296  >  0.001   ----   0.015502332846153877  >  1e-05   ----  iteration 2
Classic-like energies: cke = 7152.024271707259 cpe = -10350.360548402194 cke + cpe = -3198.336276694935
mu = 79.97920075488295
Error = 0.0005152038755117242
Delta E 0.0023909991182335943
Energy -3530.143073269744 -3530.1454642688623
Converged?  0.0005152038755117242  >  0.001   ----   0.0023909991182335943  >  1e-05   ----  iteration 3
Classic-like energies: cke = 7153.66864507647 cpe = -10351.994628547975 cke + cpe = -3198.3259834715045
mu = 79.97907205602607
Error = 0.0009362332913424759
Delta E 0.012676142542659363
Energy -3530.1303971272014 -3530.143073269744
Converged?  0.0009362332913424759  >  0.001   ----   0.012676142542659363  >  1e-05   ----  iteration 4
Classic-like energies: cke = 7150.792075916579 cpe = -10349.08996671503 cke + cpe = -3198.2978907984507
mu = 79.97872080495475
Error = 0.0016714447541070565
Delta E 0.034596176643844956
Energy -3530.0958009505575 -3530.1303971272014
Converged?  0.0016714447541070565  >  0.001   ----   0.034596176643844956  >  1e-05   ----  iteration 5
Classic-like energies: cke = 7154.84394258942 cpe = -10353.068592093494 cke + cpe = -3198.2246495040736
mu = 79.97780503994935
Error = 0.0029202001864353545
Delta E 0.09019641473196316
Energy -3530.0056045358256 -3530.0958009505575
Converged?  0.0029202001864353545  >  0.001   ----   0.09019641473196316  >  1e-05   ----  iteration 6
Classic-like energies: cke = 7148.293129564872 cpe = -10346.326973525125 cke + cpe = -3198.033843960253
mu = 79.97541927317734
Error = 0.005019602070777019
Delta E 0.2349738984871692
Energy -3529.7706306373384 -3530.0056045358256
Converged?  0.005019602070777019  >  0.001   ----   0.2349738984871692  >  1e-05   ----  iteration 7
Classic-like energies: cke = 7157.881859764095 cpe = -10355.417755546283 cke + cpe = -3197.535895782188
mu = 79.96919276549174
Error = 0.008514246584545268
Delta E 0.6131979626870816
Energy -3529.1574326746513 -3529.7706306373384
Converged?  0.008514246584545268  >  0.001   ----   0.6131979626870816  >  1e-05   ----  iteration 8
Classic-like energies: cke = 7141.729044560881 cpe = -10337.962155928948 cke + cpe = -3196.2331113680666
mu = 79.95290002705426
Error = 0.014339274785266998
Delta E 1.6041963944371673
Energy -3527.553236280214 -3529.1574326746513
Converged?  0.014339274785266998  >  0.001   ----   1.6041963944371673  >  1e-05   ----  iteration 9
Classic-like energies: cke = 7163.71938831925 cpe = -10356.52582002649 cke + cpe = -3192.8064317072403
mu = 79.91002980486543
Error = 0.023965848912712175
Delta E 4.218670309058325
Energy -3523.334565971156 -3527.553236280214
Converged?  0.023965848912712175  >  0.001   ----   4.218670309058325  >  1e-05   ----  iteration 10
Classic-like energies: cke = 7120.972381398817 cpe = -10304.786296974511 cke + cpe = -3183.8139155756944
mu = 79.79741744662786
Error = 0.0200078859128564
Delta E 11.065365828460926
Energy -3512.269200142695 -3523.334565971156
Converged?  0.0200078859128564  >  0.001   ----   11.065365828460926  >  1e-05   ----  iteration 11
Classic-like energies: cke = 7137.733534433624 cpe = -10334.660379803187 cke + cpe = -3196.926845369562
mu = 79.96157633975912
Error = 0.00665765583138877
Delta E 16.138251315464004
Energy -3528.407451458159 -3512.269200142695
Converged?  0.00665765583138877  >  0.001   ----   16.138251315464004  >  1e-05   ----  iteration 12
Classic-like energies: cke = 7131.438164328122 cpe = -10329.639853542318 cke + cpe = -3198.2016892141955
mu = 79.9775179561631
Error = 0.002187239985566943
Delta E 1.5698776655381153
Energy -3529.977329123697 -3528.407451458159
Converged?  0.002187239985566943  >  0.001   ----   1.5698776655381153  >  1e-05   ----  iteration 13
Classic-like energies: cke = 7136.492679030657 cpe = -10334.822790546188 cke + cpe = -3198.330111515531
mu = 79.97912367006194
Error = 0.0007321343303556045
Delta E 0.15815170365203812
Energy -3530.135480827349 -3529.977329123697
Converged?  0.0007321343303556045  >  0.001   ----   0.15815170365203812  >  1e-05   ----  iteration 14
Classic-like energies: cke = 7138.206564209224, cpe = -10336.550406824164, cke + cpe = -3198.3438426149405
Exact Energy = -3532.192093162126
Dirac Energy = -3530.1768834372488
Kutze Energy = -3530.152390734798
Error Kutze  = 2.0397024273297575
Error Dirac  = 2.0152097248774226
Delta Energy = -0.016909907448734884
Dirac - Kutzelnigg = -0.024492702450515935

PARAMETERS:
molecule    = [['Hg', 80, 0.1, 0.2, 0.3, 54, 54]]
D2          = True
prec        = 4
derivative  = ABGV
box         = 1

-------------------------------
Hg 0 1 4 ABGV 1
-------------------------------
>>> Elaboro tutti i file contenenti Hg005
Now executing: python test.py Input_Making/input__Hg005ABGV.txt#
Input file: Input_Making/input__Hg005ABGV.txt
Output file: outputs/output__Hg005ABGV.txt
light_speed = 137.03599913900001  # default 137.03599913900001
derivative = "ABGV"         # possible values: PH, ABGV, BS
order = 8
box = 1
prec = 1.0e-5                 # precision threshold for the MRA operations
thr  = 1.0e-4                  # error threshold for SCF convergence

readPotential    = False         # bool
computePotential = True         # bool 
savePotential    = True         # bool
potential = "fermi_dirac"       # possible values: point_charge coulomb_HFYGB homogeneus_charge_sphere gaussian

readOrbitals     = False         # bool
saveOrbitals     = True         # bool
saveGuess        = False

scf              = True
ktrs             = False
D2               = False         # bool
two_electrons    = False         # bool

runGaunt         = False
runGaugeA        = False
runGaugeB        = False
runGaugeC        = False
runGaugeD        = False
runGaugeDelta    = False

molecule = [ ["Hg", 80, 0.1, 0.2, 0.3, 54, 54] ]

# With the paramenters I got from Robert, the error is (1) higher than
#  what he gets and (2) dominated by the width of the Gaussian
# I get a much better agreement with the ideal value IF the Gaussian
#  size is reduced by one order of magnitude 3e4->3e5 for Ar
# It seems the position of the nucleus is also important: I get bad
#  results from D2 if I move the nucleus
# Higher prec with off centered nucleus is too demanding for my laptop

**************************************
80 [0.1, 0.2, 0.3]
Fermi Dirac potential
Using Half Charge Radius for Hg: 0.00012485722724
Integral of the Fermi-Dirac distribution via cartesian 3D integration: 8.659171750638407
The normalization constant is: 9.238758891010784
Integral of the Fermi-Dirac distribution via 3D integration: 80.00000000000009
3D density

*FunctionTree: nn
  genNodes: 0
  square norm: 5.70239e+14
  root scale: 0
  order: 8
  nodes: 200
  endNodes: 176
  nodes per scale: 
    scale=0  nodes=8
    scale=1  nodes=8
    scale=2  nodes=8
    scale=3  nodes=8
    scale=4  nodes=8
    scale=5  nodes=8
    scale=6  nodes=8
    scale=7  nodes=8
    scale=8  nodes=8
    scale=9  nodes=8
    scale=10  nodes=16
    scale=11  nodes=96
    scale=12  nodes=8

3D potential

*FunctionTree: nn
  genNodes: 0
  square norm: 95063.9
  root scale: 0
  order: 8
  nodes: 912
  endNodes: 799
  nodes per scale: 
    scale=0  nodes=8
    scale=1  nodes=64
    scale=2  nodes=64
    scale=3  nodes=56
    scale=4  nodes=64
    scale=5  nodes=56
    scale=6  nodes=64
    scale=7  nodes=56
    scale=8  nodes=64
    scale=9  nodes=56
    scale=10  nodes=64
    scale=11  nodes=56
    scale=12  nodes=64
    scale=13  nodes=72
    scale=14  nodes=104

Potential

*FunctionTree: nn
  genNodes: 0
  square norm: 95063.9
  root scale: 0
  order: 8
  nodes: 912
  endNodes: 799
  nodes per scale: 
    scale=0  nodes=8
    scale=1  nodes=64
    scale=2  nodes=64
    scale=3  nodes=56
    scale=4  nodes=64
    scale=5  nodes=56
    scale=6  nodes=64
    scale=7  nodes=56
    scale=8  nodes=64
    scale=9  nodes=56
    scale=10  nodes=64
    scale=11  nodes=56
    scale=12  nodes=64
    scale=13  nodes=72
    scale=14  nodes=104

Number of Atoms =  1
[['Hg', 80, 0.1, 0.2, 0.3, 54, 54]]
Using derivative  ABGV
One-electron calculations 1e-05
calc_dirac_mu 6267.729573554055 15327.913264632509 137.035999139
Error 0.04545747427006459
Delta E 15327.913264632509
Energy -3450.951795391502
Converged?  0.04545747427006459  >  0.0001   ----   15327.913264632509  >  1.0000000000000002e-06   ----  iteration 0
calc_dirac_mu 6328.287833706206 15290.77204239309 137.035999139
Error 0.03263966281518536
Delta E 37.14122223941922
Energy -3488.093017630921
Converged?  0.03263966281518536  >  0.0001   ----   37.14122223941922  >  1.0000000000000002e-06   ----  iteration 1
calc_dirac_mu 6367.444021305771 15266.708908249771 137.035999139
Error 0.019713405299516894
Delta E 24.063134143318166
Energy -3512.1561517742393
Converged?  0.019713405299516894  >  0.0001   ----   24.063134143318166  >  1.0000000000000002e-06   ----  iteration 2
calc_dirac_mu 6385.015880442541 15255.897919088531 137.035999139
Error 0.01298179617647047
Delta E 10.810989161240286
Energy -3522.9671409354796
Converged?  0.01298179617647047  >  0.0001   ----   10.810989161240286  >  1.0000000000000002e-06   ----  iteration 3
calc_dirac_mu 6392.192489633504 15251.480345922626 137.035999139
Error 0.007817184784749959
Delta E 4.417573165905196
Energy -3527.384714101385
Converged?  0.007817184784749959  >  0.0001   ----   4.417573165905196  >  1.0000000000000002e-06   ----  iteration 4
calc_dirac_mu 6394.99768519858 15249.753255481894 137.035999139
Error 0.004831396887951205
Delta E 1.7270904407323542
Energy -3529.111804542117
Converged?  0.004831396887951205  >  0.0001   ----   1.7270904407323542  >  1.0000000000000002e-06   ----  iteration 5
calc_dirac_mu 6396.071793187231 15249.091901621612 137.035999139
Error 0.0028841180815022643
Delta E 0.6613538602814515
Energy -3529.7731584023986
Converged?  0.0028841180815022643  >  0.0001   ----   0.6613538602814515  >  1.0000000000000002e-06   ----  iteration 6
calc_dirac_mu 6396.473427619163 15248.844598372072 137.035999139
Error 0.001748550613195971
Delta E 0.24730324953998206
Energy -3530.0204616519386
Converged?  0.001748550613195971  >  0.0001   ----   0.24730324953998206  >  1.0000000000000002e-06   ----  iteration 7
calc_dirac_mu 6396.624377695117 15248.751651010452 137.035999139
Error 0.0010448613193170058
Delta E 0.0929473616197356
Energy -3530.1134090135583
Converged?  0.0010448613193170058  >  0.0001   ----   0.0929473616197356  >  1.0000000000000002e-06   ----  iteration 8
calc_dirac_mu 6396.680675316356 15248.716985660189 137.035999139
Error 0.0006308350733344153
Delta E 0.03466535026382189
Energy -3530.148074363822
Converged?  0.0006308350733344153  >  0.0001   ----   0.03466535026382189  >  1.0000000000000002e-06   ----  iteration 9
calc_dirac_mu 6396.701352317553 15248.704253743865 137.035999139
Error 0.0003784311318387654
Delta E 0.012731916323900805
Energy -3530.160806280146
Converged?  0.0003784311318387654  >  0.0001   ----   0.012731916323900805  >  1.0000000000000002e-06   ----  iteration 10
calc_dirac_mu 6396.708524080812 15248.699837709828 137.035999139
Error 0.00022850647462792584
Delta E 0.004416034036694327
Energy -3530.1652223141828
Converged?  0.00022850647462792584  >  0.0001   ----   0.004416034036694327  >  1.0000000000000002e-06   ----  iteration 11
calc_dirac_mu 6396.711288916767 15248.698135253724 137.035999139
Error 0.0001375938607174155
Delta E 0.001702456103885197
Energy -3530.1669247702866
Converged?  0.0001375938607174155  >  0.0001   ----   0.001702456103885197  >  1.0000000000000002e-06   ----  iteration 12
calc_dirac_mu 6396.712297090982 15248.697514467354 137.035999139
Error 8.319541373422472e-05
Delta E 0.0006207863698364235
Energy -3530.1675455566565
Converged?  8.319541373422472e-05  >  0.0001   ----   0.0006207863698364235  >  1.0000000000000002e-06   ----  iteration 13
calc_dirac_mu 6396.712666757073 15248.697286844317 137.035999139
Error 5.0236477637357025e-05
Delta E 0.00022762303706258535
Energy -3530.1677731796935
Converged?  5.0236477637357025e-05  >  0.0001   ----   0.00022762303706258535  >  1.0000000000000002e-06   ----  iteration 14
Classic-like energies: cke = 7149.467065181518, cpe = -10347.763179888841, cke + cpe = -3198.296114707324
Exact Energy = -3532.192093162126
Dirac Energy = -3530.168873355311
Kutze Energy = -3530.0936136938253
Error Kutze  = 2.098479468299047
Error Dirac  = 2.0232198068151774
Delta Energy = -0.0011001756174664479
Dirac - Kutzelnigg = -0.0752596614875074

PARAMETERS:
molecule    = [['Hg', 80, 0.1, 0.2, 0.3, 54, 54]]
D2          = False
prec        = 5
derivative  = ABGV
box         = 1

-------------------------------
Hg 0 0 5 ABGV 1
-------------------------------
>>> Elaboro tutti i file contenenti Hg015
Now executing: python test.py Input_Making/input__Hg015ABGV.txt#
Input file: Input_Making/input__Hg015ABGV.txt
Output file: outputs/output__Hg015ABGV.txt
light_speed = 137.03599913900001  # default 137.03599913900001
derivative = "ABGV"         # possible values: PH, ABGV, BS
order = 8
box = 1
prec = 1.0e-5                 # precision threshold for the MRA operations
thr  = 1.0e-4                  # error threshold for SCF convergence

readPotential    = True        # bool
computePotential = False         # bool 
savePotential    = False         # bool
potential = "fermi_dirac"       # possible values: point_charge coulomb_HFYGB homogeneus_charge_sphere gaussian

readOrbitals     = True
orbitalName = "spinorb1"        # bool
saveOrbitals     = False         # bool
saveGuess        = False

scf              = True
ktrs             = False
D2               = True         # bool
two_electrons    = False         # bool

runGaunt         = False
runGaugeA        = False
runGaugeB        = False
runGaugeC        = False
runGaugeD        = False
runGaugeDelta    = False

molecule = [ ["Hg", 80, 0.1, 0.2, 0.3, 54, 54] ]

# With the paramenters I got from Robert, the error is (1) higher than
#  what he gets and (2) dominated by the width of the Gaussian
# I get a much better agreement with the ideal value IF the Gaussian
#  size is reduced by one order of magnitude 3e4->3e5 for Ar
# It seems the position of the nucleus is also important: I get bad
#  results from D2 if I move the nucleus
# Higher prec with off centered nucleus is too demanding for my laptop

**************************************
80 [0.1, 0.2, 0.3]
Potential

*FunctionTree: nn
  genNodes: 0
  square norm: 95063.9
  root scale: 0
  order: 8
  nodes: 912
  endNodes: 799
  nodes per scale: 
    scale=0  nodes=8
    scale=1  nodes=64
    scale=2  nodes=64
    scale=3  nodes=56
    scale=4  nodes=64
    scale=5  nodes=56
    scale=6  nodes=64
    scale=7  nodes=56
    scale=8  nodes=64
    scale=9  nodes=56
    scale=10  nodes=64
    scale=11  nodes=56
    scale=12  nodes=64
    scale=13  nodes=72
    scale=14  nodes=104

Number of Atoms =  1
[['Hg', 80, 0.1, 0.2, 0.3, 54, 54]]
Using derivative  ABGV
Hartree-Fock 1e D2
Classic-like energies: cke = 7149.467065181518 cpe = -10347.76315089192 cke + cpe = -3198.2960857104026
mu = 79.97869823534768
Error = 2.4687339230784304e-05
Delta E 3530.0935779841107
Energy -3530.0935779841107 0
Converged?  2.4687339230784304e-05  >  0.0001   ----   3530.0935779841107  >  1.0000000000000002e-06   ----  iteration 0
Classic-like energies: cke = 7150.024533786207 cpe = -10348.388486164611 cke + cpe = -3198.363952378404
mu = 79.97954679014384
Error = 2.8012823587496225e-05
Delta E 0.08357804395063795
Energy -3530.1771560280613 -3530.0935779841107
Converged?  2.8012823587496225e-05  >  0.0001   ----   0.08357804395063795  >  1.0000000000000002e-06   ----  iteration 1
Classic-like energies: cke = 7150.429357923413 cpe = -10348.793224430565 cke + cpe = -3198.363866507152
mu = 79.97954571647868
Error = 3.847818562998227e-05
Delta E 0.0001057510421560437
Energy -3530.177050277019 -3530.1771560280613
Converged?  3.847818562998227e-05  >  0.0001   ----   0.0001057510421560437  >  1.0000000000000002e-06   ----  iteration 2
Classic-like energies: cke = 7151.1580074245885 cpe = -10349.521619547117 cke + cpe = -3198.363612122528
mu = 79.9795425358576
Error = 7.13686360752166e-05
Delta E 0.0003132764263682475
Energy -3530.1767370005928 -3530.177050277019
Converged?  7.13686360752166e-05  >  0.0001   ----   0.0003132764263682475  >  1.0000000000000002e-06   ----  iteration 3
Classic-like energies: cke = 7151.01499498084 cpe = -10349.377940366729 cke + cpe = -3198.3629453858885
mu = 79.97953419951742
Error = 0.00011980182240832738
Delta E 0.0008210907585635141
Energy -3530.175915909834 -3530.1767370005928
Converged?  0.00011980182240832738  >  0.0001   ----   0.0008210907585635141  >  1.0000000000000002e-06   ----  iteration 4
Classic-like energies: cke = 7152.055513287221 cpe = -10350.416779486373 cke + cpe = -3198.361266199152
mu = 79.97951320430941
Error = 0.00020197061886799092
Delta E 0.002067929819531855
Energy -3530.1738479800147 -3530.175915909834
Converged?  0.00020197061886799092  >  0.0001   ----   0.002067929819531855  >  1.0000000000000002e-06   ----  iteration 5
Classic-like energies: cke = 7151.012205756219 cpe = -10349.369327663228 cke + cpe = -3198.357121907008
mu = 79.9794613873713
Error = 0.0003297304222970395
Delta E 0.005103722596686566
Energy -3530.168744257418 -3530.1738479800147
Converged?  0.0003297304222970395  >  0.0001   ----   0.005103722596686566  >  1.0000000000000002e-06   ----  iteration 6
Classic-like energies: cke = 7153.147689379044 cpe = -10351.49458759782 cke + cpe = -3198.346898218775
mu = 79.97933355834837
Error = 0.00053404383239543
Delta E 0.012590530921443133
Energy -3530.1561537264965 -3530.168744257418
Converged?  0.00053404383239543  >  0.0001   ----   0.012590530921443133  >  1.0000000000000002e-06   ----  iteration 7
Classic-like energies: cke = 7150.13113476101 cpe = -10348.452865963975 cke + cpe = -3198.3217312029647
mu = 79.97901888874313
Error = 0.0008560846369649508
Delta E 0.030993280577149562
Energy -3530.1251604459194 -3530.1561537264965
Converged?  0.0008560846369649508  >  0.0001   ----   0.030993280577149562  >  1.0000000000000002e-06   ----  iteration 8
Classic-like energies: cke = 7155.132194365157 cpe = -10353.39189622645 cke + cpe = -3198.2597018612933
mu = 79.97824331480773
Error = 0.0013650474666432601
Delta E 0.07638911326739617
Energy -3530.048771332652 -3530.1251604459194
Converged?  0.0013650474666432601  >  0.0001   ----   0.07638911326739617  >  1.0000000000000002e-06   ----  iteration 9
Classic-like energies: cke = 7147.369781569026 cpe = -10345.476792034158 cke + cpe = -3198.1070104651326
mu = 79.9763341303555
Error = 0.0021721247738341123
Delta E 0.18803777230459673
Energy -3529.8607335603474 -3530.048771332652
Converged?  0.0021721247738341123  >  0.0001   ----   0.18803777230459673  >  1.0000000000000002e-06   ----  iteration 10
Classic-like energies: cke = 7159.434630009691 cpe = -10357.165118883011 cke + cpe = -3197.7304888733197
mu = 79.97162607917035
Error = 0.0017215821225700617
Delta E 0.4636722842687959
Energy -3529.3970612760786 -3529.8607335603474
Converged?  0.0017215821225700617  >  0.0001   ----   0.4636722842687959  >  1.0000000000000002e-06   ----  iteration 11
Classic-like energies: cke = 7149.26036141359 cpe = -10347.57295013745 cke + cpe = -3198.3125887238602
mu = 79.97890457769299
Error = 0.0005048929838620543
Delta E 0.7168401858739344
Energy -3530.1139014619525 -3529.3970612760786
Converged?  0.0005048929838620543  >  0.0001   ----   0.7168401858739344  >  1.0000000000000002e-06   ----  iteration 12
Classic-like energies: cke = 7152.1030561635 cpe = -10350.463001866592 cke + cpe = -3198.3599457030923
mu = 79.97949669387889
Error = 0.00014856537457959813
Delta E 0.05832031843419827
Energy -3530.1722217803867 -3530.1139014619525
Converged?  0.00014856537457959813  >  0.0001   ----   0.05832031843419827  >  1.0000000000000002e-06   ----  iteration 13
Classic-like energies: cke = 7151.470069336749 cpe = -10349.83386407307 cke + cpe = -3198.3637947363222
mu = 79.97954481911387
Error = 4.347703667605468e-05
Delta E 0.004740110357943195
Energy -3530.1769618907447 -3530.1722217803867
Converged?  4.347703667605468e-05  >  0.0001   ----   0.004740110357943195  >  1.0000000000000002e-06   ----  iteration 14
Classic-like energies: cke = 7151.814502985145, cpe = -10350.178639688049, cke + cpe = -3198.364136702904
Exact Energy = -3532.192093162126
Dirac Energy = -3530.1786967301214
Kutze Energy = -3530.177383024967
Error Kutze  = 2.014710137158545
Error Dirac  = 2.0133964320048108
Delta Energy = -0.00042113422250622534
Dirac - Kutzelnigg = -0.0013137051537341904

PARAMETERS:
molecule    = [['Hg', 80, 0.1, 0.2, 0.3, 54, 54]]
D2          = True
prec        = 5
derivative  = ABGV
box         = 1

-------------------------------
Hg 0 1 5 ABGV 1
-------------------------------
>>> Elaboro tutti i file contenenti Hg006
Now executing: python test.py Input_Making/input__Hg006ABGV.txt#
Input file: Input_Making/input__Hg006ABGV.txt
Output file: outputs/output__Hg006ABGV.txt
light_speed = 137.03599913900001  # default 137.03599913900001
derivative = "ABGV"         # possible values: PH, ABGV, BS
order = 9
box = 1
prec = 1.0e-6                 # precision threshold for the MRA operations
thr  = 1.0e-5                  # error threshold for SCF convergence

readPotential    = False         # bool
computePotential = True         # bool 
savePotential    = True         # bool
potential = "fermi_dirac"       # possible values: point_charge coulomb_HFYGB homogeneus_charge_sphere gaussian

readOrbitals     = False         # bool
saveOrbitals     = True         # bool
saveGuess        = False

scf              = True
ktrs             = False
D2               = False         # bool
two_electrons    = False         # bool

runGaunt         = False
runGaugeA        = False
runGaugeB        = False
runGaugeC        = False
runGaugeD        = False
runGaugeDelta    = False

molecule = [ ["Hg", 80, 0.1, 0.2, 0.3, 54, 54] ]

# With the paramenters I got from Robert, the error is (1) higher than
#  what he gets and (2) dominated by the width of the Gaussian
# I get a much better agreement with the ideal value IF the Gaussian
#  size is reduced by one order of magnitude 3e4->3e5 for Ar
# It seems the position of the nucleus is also important: I get bad
#  results from D2 if I move the nucleus
# Higher prec with off centered nucleus is too demanding for my laptop

**************************************
80 [0.1, 0.2, 0.3]
Fermi Dirac potential
Using Half Charge Radius for Hg: 0.00012485722724
Integral of the Fermi-Dirac distribution via cartesian 3D integration: 8.658786291111504
The normalization constant is: 9.239170168932604
Integral of the Fermi-Dirac distribution via 3D integration: 79.99999999999999
3D density

*FunctionTree: nn
  genNodes: 0
  square norm: 5.70217e+14
  root scale: 0
  order: 9
  nodes: 240
  endNodes: 211
  nodes per scale: 
    scale=0  nodes=8
    scale=1  nodes=8
    scale=2  nodes=8
    scale=3  nodes=8
    scale=4  nodes=8
    scale=5  nodes=8
    scale=6  nodes=8
    scale=7  nodes=8
    scale=8  nodes=8
    scale=9  nodes=8
    scale=10  nodes=16
    scale=11  nodes=96
    scale=12  nodes=16
    scale=13  nodes=32

3D potential

*FunctionTree: nn
  genNodes: 0
  square norm: 95063.9
  root scale: 0
  order: 9
  nodes: 1288
  endNodes: 1128
  nodes per scale: 
    scale=0  nodes=8
    scale=1  nodes=64
    scale=2  nodes=88
    scale=3  nodes=88
    scale=4  nodes=88
    scale=5  nodes=88
    scale=6  nodes=88
    scale=7  nodes=88
    scale=8  nodes=88
    scale=9  nodes=88
    scale=10  nodes=88
    scale=11  nodes=88
    scale=12  nodes=88
    scale=13  nodes=88
    scale=14  nodes=160

Potential

*FunctionTree: nn
  genNodes: 0
  square norm: 95063.9
  root scale: 0
  order: 9
  nodes: 1288
  endNodes: 1128
  nodes per scale: 
    scale=0  nodes=8
    scale=1  nodes=64
    scale=2  nodes=88
    scale=3  nodes=88
    scale=4  nodes=88
    scale=5  nodes=88
    scale=6  nodes=88
    scale=7  nodes=88
    scale=8  nodes=88
    scale=9  nodes=88
    scale=10  nodes=88
    scale=11  nodes=88
    scale=12  nodes=88
    scale=13  nodes=88
    scale=14  nodes=160

Number of Atoms =  1
[['Hg', 80, 0.1, 0.2, 0.3, 54, 54]]
Using derivative  ABGV
One-electron calculations 1e-06
calc_dirac_mu 6267.73114908572 15327.912299507741 137.035999139
Error 0.04545711081785311
Delta E 15327.912299507741
Energy -3450.9527605162693
Converged?  0.04545711081785311  >  9.999999999999999e-06   ----   15327.912299507741  >  1e-07   ----  iteration 0
calc_dirac_mu 6328.290662666525 15290.770305245123 137.035999139
Error 0.03263950604249112
Delta E 37.14199426261803
Energy -3488.0947547788874
Converged?  0.03263950604249112  >  9.999999999999999e-06   ----   37.14199426261803  >  1e-07   ----  iteration 1
calc_dirac_mu 6367.442097796171 15266.710091259352 137.035999139
Error 0.019713158883694876
Delta E 24.060213985771043
Energy -3512.1549687646584
Converged?  0.019713158883694876  >  9.999999999999999e-06   ----   24.060213985771043  >  1e-07   ----  iteration 2
calc_dirac_mu 6385.033609327255 15255.887007621552 137.035999139
Error 0.012982427041861084
Delta E 10.823083637800664
Energy -3522.978052402459
Converged?  0.012982427041861084  >  9.999999999999999e-06   ----   10.823083637800664  >  1e-07   ----  iteration 3
calc_dirac_mu 6392.2099580877575 15251.469591626865 137.035999139
Error 0.007817526030880522
Delta E 4.417415994686962
Energy -3527.395468397146
Converged?  0.007817526030880522  >  9.999999999999999e-06   ----   4.417415994686962  >  1e-07   ----  iteration 4
calc_dirac_mu 6395.016913588573 15249.741416356528 137.035999139
Error 0.004831663398387692
Delta E 1.7281752703365783
Energy -3529.1236436674826
Converged?  0.004831663398387692  >  9.999999999999999e-06   ----   1.7281752703365783  >  1e-07   ----  iteration 5
calc_dirac_mu 6396.088823529492 15249.08141540344 137.035999139
Error 0.0028841863203906515
Delta E 0.6600009530884563
Energy -3529.783644620571
Converged?  0.0028841863203906515  >  9.999999999999999e-06   ----   0.6600009530884563  >  1e-07   ----  iteration 6
calc_dirac_mu 6396.491516137311 15248.833460414593 137.035999139
Error 0.0017486352311929802
Delta E 0.24795498884668632
Energy -3530.0315996094178
Converged?  0.0017486352311929802  >  9.999999999999999e-06   ----   0.24795498884668632  >  1e-07   ----  iteration 7
calc_dirac_mu 6396.64144990949 15248.74113877549 137.035999139
Error 0.0010448717040018416
Delta E 0.09232163910382951
Energy -3530.1239212485216
Converged?  0.0010448717040018416  >  9.999999999999999e-06   ----   0.09232163910382951  >  1e-07   ----  iteration 8
calc_dirac_mu 6396.697249487205 15248.70678007298 137.035999139
Error 0.0006308246534474572
Delta E 0.03435870250905282
Energy -3530.1582799510306
Converged?  0.0006308246534474572  >  9.999999999999999e-06   ----   0.03435870250905282  >  1e-07   ----  iteration 9
calc_dirac_mu 6396.717944787569 15248.694036880364 137.035999139
Error 0.0003784273820795958
Delta E 0.012743192615744192
Energy -3530.1710231436464
Converged?  0.0003784273820795958  >  9.999999999999999e-06   ----   0.012743192615744192  >  1e-07   ----  iteration 10
calc_dirac_mu 6396.725583630408 15248.689333237526 137.035999139
Error 0.00022852282264327408
Delta E 0.0047036428386491025
Energy -3530.175726786485
Converged?  0.00022852282264327408  >  9.999999999999999e-06   ----   0.0047036428386491025  >  1e-07   ----  iteration 11
calc_dirac_mu 6396.728462224015 15248.687560733579 137.035999139
Error 0.00013760745337272907
Delta E 0.0017725039469951298
Energy -3530.177499290432
Converged?  0.00013760745337272907  >  9.999999999999999e-06   ----   0.0017725039469951298  >  1e-07   ----  iteration 12
calc_dirac_mu 6396.72951662241 15248.686911484077 137.035999139
Error 8.320496597026753e-05
Delta E 0.0006492495012935251
Energy -3530.1781485399333
Converged?  8.320496597026753e-05  >  9.999999999999999e-06   ----   0.0006492495012935251  >  1e-07   ----  iteration 13
calc_dirac_mu 6396.7298810490865 15248.686687087069 137.035999139
Error 5.024178664251481e-05
Delta E 0.00022439700842369348
Energy -3530.1783729369417
Converged?  5.024178664251481e-05  >  9.999999999999999e-06   ----   0.00022439700842369348  >  1e-07   ----  iteration 14
Classic-like energies: cke = 7149.4623536484705, cpe = -10347.7206756827, cke + cpe = -3198.2583220342294
Exact Energy = -3532.192093162126
Dirac Energy = -3530.1784671700534
Kutze Energy = -3530.047072080441
Error Kutze  = 2.145021081683808
Error Dirac  = 2.0136259920727753
Delta Energy = -9.423311166756321e-05
Dirac - Kutzelnigg = -0.13139508961103274

PARAMETERS:
molecule    = [['Hg', 80, 0.1, 0.2, 0.3, 54, 54]]
D2          = False
prec        = 6
derivative  = ABGV
box         = 1

-------------------------------
Hg 0 0 6 ABGV 1
-------------------------------
>>> Elaboro tutti i file contenenti Hg016
Now executing: python test.py Input_Making/input__Hg016ABGV.txt#
Input file: Input_Making/input__Hg016ABGV.txt
Output file: outputs/output__Hg016ABGV.txt
light_speed = 137.03599913900001  # default 137.03599913900001
derivative = "ABGV"         # possible values: PH, ABGV, BS
order = 9
box = 1
prec = 1.0e-6                 # precision threshold for the MRA operations
thr  = 1.0e-5                  # error threshold for SCF convergence

readPotential    = True        # bool
computePotential = False         # bool 
savePotential    = False         # bool
potential = "fermi_dirac"       # possible values: point_charge coulomb_HFYGB homogeneus_charge_sphere gaussian

readOrbitals     = True
orbitalName = "spinorb1"        # bool
saveOrbitals     = False         # bool
saveGuess        = False

scf              = True
ktrs             = False
D2               = True         # bool
two_electrons    = False         # bool

runGaunt         = False
runGaugeA        = False
runGaugeB        = False
runGaugeC        = False
runGaugeD        = False
runGaugeDelta    = False

molecule = [ ["Hg", 80, 0.1, 0.2, 0.3, 54, 54] ]

# With the paramenters I got from Robert, the error is (1) higher than
#  what he gets and (2) dominated by the width of the Gaussian
# I get a much better agreement with the ideal value IF the Gaussian
#  size is reduced by one order of magnitude 3e4->3e5 for Ar
# It seems the position of the nucleus is also important: I get bad
#  results from D2 if I move the nucleus
# Higher prec with off centered nucleus is too demanding for my laptop

**************************************
80 [0.1, 0.2, 0.3]
Potential

*FunctionTree: nn
  genNodes: 0
  square norm: 95063.9
  root scale: 0
  order: 9
  nodes: 1288
  endNodes: 1128
  nodes per scale: 
    scale=0  nodes=8
    scale=1  nodes=64
    scale=2  nodes=88
    scale=3  nodes=88
    scale=4  nodes=88
    scale=5  nodes=88
    scale=6  nodes=88
    scale=7  nodes=88
    scale=8  nodes=88
    scale=9  nodes=88
    scale=10  nodes=88
    scale=11  nodes=88
    scale=12  nodes=88
    scale=13  nodes=88
    scale=14  nodes=160

Number of Atoms =  1
[['Hg', 80, 0.1, 0.2, 0.3, 54, 54]]
Using derivative  ABGV
Hartree-Fock 1e D2
Classic-like energies: cke = 7149.4623536484705 cpe = -10347.720676032672 cke + cpe = -3198.258322384201
mu = 79.97822606665143
Error = 1.5254554578385019e-05
Delta E 3530.04707251143
Energy -3530.04707251143 0
Converged?  1.5254554578385019e-05  >  9.999999999999999e-06   ----   3530.04707251143  >  1e-07   ----  iteration 0
Classic-like energies: cke = 7149.918802918555 cpe = -10348.283263580519 cke + cpe = -3198.3644606619637
mu = 79.97955314531288
Error = 3.302252506811739e-05
Delta E 0.1307094713774859
Energy -3530.1777819828076 -3530.04707251143
Converged?  3.302252506811739e-05  >  9.999999999999999e-06   ----   0.1307094713774859  >  1e-07   ----  iteration 1
Classic-like energies: cke = 7150.33517899835 cpe = -10348.699559190747 cke + cpe = -3198.364380192397
mu = 79.97955213918614
Error = 4.536254589302134e-05
Delta E 9.909883237924078e-05
Energy -3530.177682883975 -3530.1777819828076
Converged?  4.536254589302134e-05  >  9.999999999999999e-06   ----   9.909883237924078e-05  >  1e-07   ----  iteration 2
Classic-like energies: cke = 7151.110477734765 cpe = -10349.474603208899 cke + cpe = -3198.364125474134
mu = 79.97954895439376
Error = 7.865242982026512e-05
Delta E 0.0003136873192488565
Energy -3530.177369196656 -3530.177682883975
Converged?  7.865242982026512e-05  >  9.999999999999999e-06   ----   0.0003136873192488565  >  1e-07   ----  iteration 3
Classic-like energies: cke = 7150.960994108578 cpe = -10349.32445601495 cke + cpe = -3198.3634619063723
mu = 79.97954065767536
Error = 0.00012647863180952464
Delta E 0.0008171882955139154
Energy -3530.1765520083604 -3530.177369196656
Converged?  0.00012647863180952464  >  9.999999999999999e-06   ----   0.0008171882955139154  >  1e-07   ----  iteration 4
Classic-like energies: cke = 7152.033910026231 cpe = -10350.395716353496 cke + cpe = -3198.361806327265
mu = 79.97951995763997
Error = 0.00020629088262469068
Delta E 0.0020388569514580013
Energy -3530.174513151409 -3530.1765520083604
Converged?  0.00020629088262469068  >  9.999999999999999e-06   ----   0.0020388569514580013  >  1e-07   ----  iteration 5
Classic-like energies: cke = 7150.977701434722 cpe = -10349.335421685111 cke + cpe = -3198.3577202503893
mu = 79.97946886858388
Error = 0.00032876082564446153
Delta E 0.005032030348047556
Energy -3530.169481121061 -3530.174513151409
Converged?  0.00032876082564446153  >  9.999999999999999e-06   ----   0.005032030348047556  >  1e-07   ----  iteration 6
Classic-like energies: cke = 7153.135332859542 cpe = -10351.482990833334 cke + cpe = -3198.3476579737917
mu = 79.9793430577395
Error = 0.0005230599252459485
Delta E 0.012391752244184318
Energy -3530.1570893688167 -3530.169481121061
Converged?  0.0005230599252459485  >  9.999999999999999e-06   ----   0.012391752244184318  >  1e-07   ----  iteration 7
Classic-like energies: cke = 7150.108378896644 cpe = -10348.431285541892 cke + cpe = -3198.3229066452477
mu = 79.97903358562478
Error = 0.0008267595726143759
Delta E 0.030481362431146408
Energy -3530.1266080063856 -3530.1570893688167
Converged?  0.0008267595726143759  >  9.999999999999999e-06   ----   0.030481362431146408  >  1e-07   ----  iteration 8
Classic-like energies: cke = 7155.119390959151 cpe = -10353.381387193163 cke + cpe = -3198.2619962340123
mu = 79.97827200226337
Error = 0.0013031774515236357
Delta E 0.07501116132198149
Energy -3530.0515968450636 -3530.1266080063856
Converged?  0.0013031774515236357  >  9.999999999999999e-06   ----   0.07501116132198149  >  1e-07   ----  iteration 9
Classic-like energies: cke = 7147.361651837752 cpe = -10345.473904770397 cke + cpe = -3198.112252932645
mu = 79.97639968056383
Error = 0.002052928024517499
Delta E 0.18440728216592106
Energy -3529.8671895628977 -3530.0515968450636
Converged?  0.002052928024517499  >  9.999999999999999e-06   ----   0.18440728216592106  >  1e-07   ----  iteration 10
Classic-like energies: cke = 7159.415395977177 cpe = -10357.158999526437 cke + cpe = -3197.74360354926
mu = 79.97179007061503
Error = 0.0016116764204886635
Delta E 0.45397828996328826
Energy -3529.4132112729344 -3529.8671895628977
Converged?  0.0016116764204886635  >  9.999999999999999e-06   ----   0.45397828996328826  >  1e-07   ----  iteration 11
Classic-like energies: cke = 7149.2716315107555 cpe = -10347.585970647335 cke + cpe = -3198.3143391365793
mu = 79.97892646362014
Error = 0.0004605607851249091
Delta E 0.7028458256495469
Energy -3530.116057098584 -3529.4132112729344
Converged?  0.0004605607851249091  >  9.999999999999999e-06   ----   0.7028458256495469  >  1e-07   ----  iteration 12
Classic-like energies: cke = 7152.103942581305 cpe = -10350.464500337583 cke + cpe = -3198.3605577562776
mu = 79.97950434650464
Error = 0.0001319906156507107
Delta E 0.056918429325378384
Energy -3530.1729755279093 -3530.116057098584
Converged?  0.0001319906156507107  >  9.999999999999999e-06   ----   0.056918429325378384  >  1e-07   ----  iteration 13
Classic-like energies: cke = 7151.471219232734 cpe = -10349.835509862685 cke + cpe = -3198.364290629951
mu = 79.97955101936934
Error = 3.723927465517963e-05
Delta E 0.00459705928551557
Energy -3530.177572587195 -3530.1729755279093
Converged?  3.723927465517963e-05  >  9.999999999999999e-06   ----   0.00459705928551557  >  1e-07   ----  iteration 14
Classic-like energies: cke = 7151.812956812006, cpe = -10350.177550039361, cke + cpe = -3198.3645932273557
Exact Energy = -3532.192093162126
Dirac Energy = -3530.1778805756385
Kutze Energy = -3530.177945238016
Error Kutze  = 2.014147924110148
Error Dirac  = 2.0142125864877016
Delta Energy = -0.0003726508211912005
Dirac - Kutzelnigg = 6.466237755375914e-05

PARAMETERS:
molecule    = [['Hg', 80, 0.1, 0.2, 0.3, 54, 54]]
D2          = True
prec        = 6
derivative  = ABGV
box         = 1

-------------------------------
Hg 0 1 6 ABGV 1
-------------------------------
>>> Elaboro tutti i file contenenti Hg007
Now executing: python test.py Input_Making/input__Hg007ABGV.txt#
Input file: Input_Making/input__Hg007ABGV.txt
Output file: outputs/output__Hg007ABGV.txt
light_speed = 137.03599913900001  # default 137.03599913900001
derivative = "ABGV"         # possible values: PH, ABGV, BS
order = 10
box = 1
prec = 1.0e-7                 # precision threshold for the MRA operations
thr  = 1.0e-6                  # error threshold for SCF convergence

readPotential    = False         # bool
computePotential = True         # bool 
savePotential    = True         # bool
potential = "fermi_dirac"       # possible values: point_charge coulomb_HFYGB homogeneus_charge_sphere gaussian

readOrbitals     = False         # bool
saveOrbitals     = True         # bool
saveGuess        = False

scf              = True
ktrs             = False
D2               = False         # bool
two_electrons    = False         # bool

runGaunt         = False
runGaugeA        = False
runGaugeB        = False
runGaugeC        = False
runGaugeD        = False
runGaugeDelta    = False

molecule = [ ["Hg", 80, 0.1, 0.2, 0.3, 54, 54] ]

# With the paramenters I got from Robert, the error is (1) higher than
#  what he gets and (2) dominated by the width of the Gaussian
# I get a much better agreement with the ideal value IF the Gaussian
#  size is reduced by one order of magnitude 3e4->3e5 for Ar
# It seems the position of the nucleus is also important: I get bad
#  results from D2 if I move the nucleus
# Higher prec with off centered nucleus is too demanding for my laptop

**************************************
80 [0.1, 0.2, 0.3]
Fermi Dirac potential
Using Half Charge Radius for Hg: 0.00012485722724
Integral of the Fermi-Dirac distribution via cartesian 3D integration: 8.658788729144261
The normalization constant is: 9.239167567483348
Integral of the Fermi-Dirac distribution via 3D integration: 79.99999999999997
3D density

*FunctionTree: nn
  genNodes: 0
  square norm: 5.70217e+14
  root scale: 0
  order: 10
  nodes: 304
  endNodes: 267
  nodes per scale: 
    scale=0  nodes=8
    scale=1  nodes=8
    scale=2  nodes=8
    scale=3  nodes=8
    scale=4  nodes=8
    scale=5  nodes=8
    scale=6  nodes=8
    scale=7  nodes=8
    scale=8  nodes=8
    scale=9  nodes=8
    scale=10  nodes=16
    scale=11  nodes=96
    scale=12  nodes=16
    scale=13  nodes=40
    scale=14  nodes=56

3D potential

*FunctionTree: nn
  genNodes: 0
  square norm: 95063.9
  root scale: 0
  order: 10
  nodes: 1496
  endNodes: 1310
  nodes per scale: 
    scale=0  nodes=8
    scale=1  nodes=64
    scale=2  nodes=104
    scale=3  nodes=104
    scale=4  nodes=104
    scale=5  nodes=104
    scale=6  nodes=104
    scale=7  nodes=104
    scale=8  nodes=104
    scale=9  nodes=104
    scale=10  nodes=96
    scale=11  nodes=104
    scale=12  nodes=96
    scale=13  nodes=112
    scale=14  nodes=184

Potential

*FunctionTree: nn
  genNodes: 0
  square norm: 95063.9
  root scale: 0
  order: 10
  nodes: 1496
  endNodes: 1310
  nodes per scale: 
    scale=0  nodes=8
    scale=1  nodes=64
    scale=2  nodes=104
    scale=3  nodes=104
    scale=4  nodes=104
    scale=5  nodes=104
    scale=6  nodes=104
    scale=7  nodes=104
    scale=8  nodes=104
    scale=9  nodes=104
    scale=10  nodes=96
    scale=11  nodes=104
    scale=12  nodes=96
    scale=13  nodes=112
    scale=14  nodes=184

Number of Atoms =  1
[['Hg', 80, 0.1, 0.2, 0.3, 54, 54]]
Using derivative  ABGV
One-electron calculations 1e-07
calc_dirac_mu 6267.727987702061 15327.914236079148 137.035999139
Error 0.045457033098151876
Delta E 15327.914236079148
Energy -3450.9508239448623
Converged?  0.045457033098151876  >  1e-06   ----   15327.914236079148  >  1e-08   ----  iteration 0
calc_dirac_mu 6328.299852236591 15290.764662307436 137.035999139
Error 0.032639903211981215
Delta E 37.14957377171231
Energy -3488.1003977165747
Converged?  0.032639903211981215  >  1e-06   ----   37.14957377171231  >  1e-08   ----  iteration 1
calc_dirac_mu 6367.444316417896 15266.708726747955 137.035999139
Error 0.01971312141977075
Delta E 24.05593555948144
Energy -3512.156333276056
Converged?  0.01971312141977075  >  1e-06   ----   24.05593555948144  >  1e-08   ----  iteration 2
calc_dirac_mu 6385.034140073618 15255.88668096685 137.035999139
Error 0.012982346040844257
Delta E 10.822045781103952
Energy -3522.97837905716
Converged?  0.012982346040844257  >  1e-06   ----   10.822045781103952  >  1e-08   ----  iteration 3
calc_dirac_mu 6392.20854864712 15251.470459336519 137.035999139
Error 0.007817406216541685
Delta E 4.416221630332075
Energy -3527.394600687492
Converged?  0.007817406216541685  >  1e-06   ----   4.416221630332075  >  1e-08   ----  iteration 4
calc_dirac_mu 6395.014971468073 15249.742612141308 137.035999139
Error 0.0048315777710870225
Delta E 1.7278471952104155
Energy -3529.1224478827025
Converged?  0.0048315777710870225  >  1e-06   ----   1.7278471952104155  >  1e-08   ----  iteration 5
calc_dirac_mu 6396.085218073522 15249.083635418023 137.035999139
Error 0.002884074544622121
Delta E 0.6589767232853774
Energy -3529.781424605988
Converged?  0.002884074544622121  >  1e-06   ----   0.6589767232853774  >  1e-08   ----  iteration 6
calc_dirac_mu 6396.487548362304 15248.835903562316 137.035999139
Error 0.0017485597258083893
Delta E 0.247731855706661
Energy -3530.0291564616946
Converged?  0.0017485597258083893  >  1e-06   ----   0.247731855706661  >  1e-08   ----  iteration 7
calc_dirac_mu 6396.637571292521 15248.743527038832 137.035999139
Error 0.0010448324335262029
Delta E 0.09237652348383563
Energy -3530.1215329851784
Converged?  0.0010448324335262029  >  1e-06   ----   0.09237652348383563  >  1e-08   ----  iteration 8
calc_dirac_mu 6396.69323056798 15248.709254733185 137.035999139
Error 0.0006307967703225756
Delta E 0.03427230564739148
Energy -3530.155805290826
Converged?  0.0006307967703225756  >  1e-06   ----   0.03427230564739148  >  1e-08   ----  iteration 9
calc_dirac_mu 6396.713810965857 15248.696582294202 137.035999139
Error 0.0003784070149446488
Delta E 0.01267243898291781
Energy -3530.1684777298087
Converged?  0.0003784070149446488  >  1e-06   ----   0.01267243898291781  >  1e-08   ----  iteration 10
calc_dirac_mu 6396.721427530173 15248.691892370223 137.035999139
Error 0.00022851028714654747
Delta E 0.004689923978730803
Energy -3530.1731676537875
Converged?  0.00022851028714654747  >  1e-06   ----   0.004689923978730803  >  1e-08   ----  iteration 11
calc_dirac_mu 6396.724237138521 15248.690162344481 137.035999139
Error 0.00013759756793848253
Delta E 0.0017300257422903087
Energy -3530.1748976795297
Converged?  0.00013759756793848253  >  1e-06   ----   0.0017300257422903087  >  1e-08   ----  iteration 12
calc_dirac_mu 6396.725270906909 15248.689525798087 137.035999139
Error 8.319850735722921e-05
Delta E 0.0006365463941619964
Energy -3530.175534225924
Converged?  8.319850735722921e-05  >  1e-06   ----   0.0006365463941619964  >  1e-08   ----  iteration 13
calc_dirac_mu 6396.725677036001 15248.689275722712 137.035999139
Error 5.0239622166128876e-05
Delta E 0.00025007537442434113
Energy -3530.1757843012983
Converged?  5.0239622166128876e-05  >  1e-06   ----   0.00025007537442434113  >  1e-08   ----  iteration 14
Classic-like energies: cke = 7149.492389117466, cpe = -10347.861543929317, cke + cpe = -3198.3691548118513
Exact Energy = -3532.192093162126
Dirac Energy = -3530.1758705281372
Kutze Energy = -3530.1835628623303
Error Kutze  = 2.0085302997940744
Error Dirac  = 2.0162226339889457
Delta Energy = -8.622683890280314e-05
Dirac - Kutzelnigg = 0.007692334194871364

PARAMETERS:
molecule    = [['Hg', 80, 0.1, 0.2, 0.3, 54, 54]]
D2          = False
prec        = 7
derivative  = ABGV
box         = 1

-------------------------------
Hg 0 0 7 ABGV 1
-------------------------------
>>> Elaboro tutti i file contenenti Hg017
Now executing: python test.py Input_Making/input__Hg017ABGV.txt#
Input file: Input_Making/input__Hg017ABGV.txt
Output file: outputs/output__Hg017ABGV.txt
light_speed = 137.03599913900001  # default 137.03599913900001
derivative = "ABGV"         # possible values: PH, ABGV, BS
order = 10
box = 1
prec = 1.0e-7                 # precision threshold for the MRA operations
thr  = 1.0e-6                  # error threshold for SCF convergence

readPotential    = True        # bool
computePotential = False         # bool 
savePotential    = False         # bool
potential = "fermi_dirac"       # possible values: point_charge coulomb_HFYGB homogeneus_charge_sphere gaussian

readOrbitals     = True
orbitalName = "spinorb1"        # bool
saveOrbitals     = False         # bool
saveGuess        = False

scf              = True
ktrs             = False
D2               = True         # bool
two_electrons    = False         # bool

runGaunt         = False
runGaugeA        = False
runGaugeB        = False
runGaugeC        = False
runGaugeD        = False
runGaugeDelta    = False

molecule = [ ["Hg", 80, 0.1, 0.2, 0.3, 54, 54] ]

# With the paramenters I got from Robert, the error is (1) higher than
#  what he gets and (2) dominated by the width of the Gaussian
# I get a much better agreement with the ideal value IF the Gaussian
#  size is reduced by one order of magnitude 3e4->3e5 for Ar
# It seems the position of the nucleus is also important: I get bad
#  results from D2 if I move the nucleus
# Higher prec with off centered nucleus is too demanding for my laptop

**************************************
80 [0.1, 0.2, 0.3]
Potential

*FunctionTree: nn
  genNodes: 0
  square norm: 95063.9
  root scale: 0
  order: 10
  nodes: 1496
  endNodes: 1310
  nodes per scale: 
    scale=0  nodes=8
    scale=1  nodes=64
    scale=2  nodes=104
    scale=3  nodes=104
    scale=4  nodes=104
    scale=5  nodes=104
    scale=6  nodes=104
    scale=7  nodes=104
    scale=8  nodes=104
    scale=9  nodes=104
    scale=10  nodes=96
    scale=11  nodes=104
    scale=12  nodes=96
    scale=13  nodes=112
    scale=14  nodes=184

Number of Atoms =  1
[['Hg', 80, 0.1, 0.2, 0.3, 54, 54]]
Using derivative  ABGV
Hartree-Fock 1e D2
Classic-like energies: cke = 7149.492389117466 cpe = -10347.861543932695 cke + cpe = -3198.369154815229
mu = 79.97961183720798
Error = 2.2435785613249264e-05
Delta E 3530.1835628664917
Energy -3530.1835628664917 0
Converged?  2.2435785613249264e-05  >  1e-06   ----   3530.1835628664917  >  1e-08   ----  iteration 0
Classic-like energies: cke = 7150.26460868401 cpe = -10348.629169776923 cke + cpe = -3198.3645610929125
mu = 79.97955440102066
Error = 2.1270883397743765e-05
Delta E 0.0056572022663203825
Energy -3530.1779056642254 -3530.1835628664917
Converged?  2.1270883397743765e-05  >  1e-06   ----   0.0056572022663203825  >  1e-08   ----  iteration 1
Classic-like energies: cke = 7150.694334034581 cpe = -10349.058896968549 cke + cpe = -3198.364562933968
mu = 79.97955442403975
Error = 2.4101809752456252e-05
Delta E 2.2672720660921186e-06
Energy -3530.1779079314974 -3530.1779056642254
Converged?  2.4101809752456252e-05  >  1e-06   ----   2.2672720660921186e-06  >  1e-08   ----  iteration 2
Classic-like energies: cke = 7151.23671966506 cpe = -10349.601243258827 cke + cpe = -3198.3645235937665
mu = 79.97955393216152
Error = 3.8927251344225864e-05
Delta E 4.8447734570800094e-05
Energy -3530.177859483763 -3530.1779079314974
Converged?  3.8927251344225864e-05  >  1e-06   ----   4.8447734570800094e-05  >  1e-08   ----  iteration 3
Classic-like energies: cke = 7151.3114021040465 cpe = -10349.675802134601 cke + cpe = -3198.364400030555
mu = 79.9795523872265
Error = 5.931592879378933e-05
Delta E 0.00015216896008496406
Energy -3530.177707314803 -3530.177859483763
Converged?  5.931592879378933e-05  >  1e-06   ----   0.00015216896008496406  >  1e-08   ----  iteration 4
Classic-like energies: cke = 7151.907152958568 cpe = -10350.271232539679 cke + cpe = -3198.3640795811107
mu = 79.97954838058428
Error = 9.513688502081428e-05
Delta E 0.00039463572420572746
Energy -3530.1773126790786 -3530.177707314803
Converged?  9.513688502081428e-05  >  1e-06   ----   0.00039463572420572746  >  1e-08   ----  iteration 5
Classic-like energies: cke = 7151.521692595479 cpe = -10349.88497387147 cke + cpe = -3198.3632812759915
mu = 79.97953839921797
Error = 0.000148934924441091
Delta E 0.0009831182769630686
Energy -3530.1763295608016 -3530.1773126790786
Converged?  0.000148934924441091  >  1e-06   ----   0.0009831182769630686  >  1e-08   ----  iteration 6
Classic-like energies: cke = 7152.553314960267 cpe = -10350.91462616053 cke + cpe = -3198.361311200262
mu = 79.97951376696737
Error = 0.00023518793706274138
Delta E 0.002426161618586775
Energy -3530.173903399183 -3530.1763295608016
Converged?  0.00023518793706274138  >  1e-06   ----   0.002426161618586775  >  1e-08   ----  iteration 7
Classic-like energies: cke = 7151.263340486916 cpe = -10349.619802403799 cke + cpe = -3198.356461916883
mu = 79.97945313537575
Error = 0.00036909531396263253
Delta E 0.005971923717424943
Energy -3530.1679314754656 -3530.173903399183
Converged?  0.00036909531396263253  >  1e-06   ----   0.005971923717424943  >  1e-08   ----  iteration 8
Classic-like energies: cke = 7153.537692133063 cpe = -10351.882221548374 cke + cpe = -3198.3445294153116
mu = 79.97930394064844
Error = 0.0005799488370643638
Delta E 0.014694942589812854
Energy -3530.153236532876 -3530.1679314754656
Converged?  0.0005799488370643638  >  1e-06   ----   0.014694942589812854  >  1e-08   ----  iteration 9
Classic-like energies: cke = 7150.14835831597 cpe = -10348.463542714057 cke + cpe = -3198.315184398087
mu = 79.97893703217225
Error = 0.000910407918553359
Delta E 0.0361384930110944
Energy -3530.1170980398647 -3530.153236532876
Converged?  0.000910407918553359  >  1e-06   ----   0.0361384930110944  >  1e-08   ----  iteration 10
Classic-like energies: cke = 7155.563705463179 cpe = -10353.806679189334 cke + cpe = -3198.2429737261555
mu = 79.97803415596255
Error = 0.0007140235623847996
Delta E 0.08892733445600243
Energy -3530.0281707054087 -3530.1170980398647
Converged?  0.0007140235623847996  >  1e-06   ----   0.08892733445600243  >  1e-08   ----  iteration 11
Classic-like energies: cke = 7151.230179136086 cpe = -10349.58498023805 cke + cpe = -3198.3548011019648
mu = 79.97943236985324
Error = 0.00020314713592786736
Delta E 0.13771546632415266
Energy -3530.165886171733 -3530.0281707054087
Converged?  0.00020314713592786736  >  1e-06   ----   0.13771546632415266  >  1e-08   ----  iteration 12
Classic-like energies: cke = 7152.470470093791 cpe = -10350.834312803763 cke + cpe = -3198.3638427099722
mu = 79.97954541893786
Error = 5.794536897050298e-05
Delta E 0.011134798893635889
Energy -3530.1770209706265 -3530.165886171733
Converged?  5.794536897050298e-05  >  1e-06   ----   0.011134798893635889  >  1e-08   ----  iteration 13
Classic-like energies: cke = 7152.168559371403 cpe = -10350.533132228255 cke + cpe = -3198.3645728568517
mu = 79.9795545481075
Error = 1.6335529765675503e-05
Delta E 0.0008991809718281729
Energy -3530.1779201515983 -3530.1770209706265
Converged?  1.6335529765675503e-05  >  1e-06   ----   0.0008991809718281729  >  1e-08   ----  iteration 14
Classic-like energies: cke = 7152.3010915723125, cpe = -10350.665723522698, cke + cpe = -3198.364631950385
Exact Energy = -3532.192093162126
Dirac Energy = -3530.1779898095792
Kutze Energy = -3530.177992925698
Error Kutze  = 2.0141002364289307
Error Dirac  = 2.014103352546954
Delta Energy = -7.277409986272687e-05
Dirac - Kutzelnigg = 3.116118023172021e-06

PARAMETERS:
molecule    = [['Hg', 80, 0.1, 0.2, 0.3, 54, 54]]
D2          = True
prec        = 7
derivative  = ABGV
box         = 1

-------------------------------
Hg 0 1 7 ABGV 1
-------------------------------
>>> Elaboro tutti i file contenenti Hg008
Now executing: python test.py Input_Making/input__Hg008ABGV.txt#
Input file: Input_Making/input__Hg008ABGV.txt
Output file: outputs/output__Hg008ABGV.txt
light_speed = 137.03599913900001  # default 137.03599913900001
derivative = "ABGV"         # possible values: PH, ABGV, BS
order = 11
box = 1
prec = 1.0e-8                 # precision threshold for the MRA operations
thr  = 1.0e-7                  # error threshold for SCF convergence

readPotential    = False         # bool
computePotential = True         # bool 
savePotential    = True         # bool
potential = "fermi_dirac"       # possible values: point_charge coulomb_HFYGB homogeneus_charge_sphere gaussian

readOrbitals     = False         # bool
saveOrbitals     = True         # bool
saveGuess        = False

scf              = True
ktrs             = False
D2               = False         # bool
two_electrons    = False         # bool

runGaunt         = False
runGaugeA        = False
runGaugeB        = False
runGaugeC        = False
runGaugeD        = False
runGaugeDelta    = False

molecule = [ ["Hg", 80, 0.1, 0.2, 0.3, 54, 54] ]

# With the paramenters I got from Robert, the error is (1) higher than
#  what he gets and (2) dominated by the width of the Gaussian
# I get a much better agreement with the ideal value IF the Gaussian
#  size is reduced by one order of magnitude 3e4->3e5 for Ar
# It seems the position of the nucleus is also important: I get bad
#  results from D2 if I move the nucleus
# Higher prec with off centered nucleus is too demanding for my laptop

**************************************
80 [0.1, 0.2, 0.3]
Fermi Dirac potential
Using Half Charge Radius for Hg: 0.00012485722724
Integral of the Fermi-Dirac distribution via cartesian 3D integration: 8.658788732985998
The normalization constant is: 9.239167563384106
Integral of the Fermi-Dirac distribution via 3D integration: 80.00000000000001
3D density

*FunctionTree: nn
  genNodes: 0
  square norm: 5.70217e+14
  root scale: 0
  order: 11
  nodes: 392
  endNodes: 344
  nodes per scale: 
    scale=0  nodes=8
    scale=1  nodes=8
    scale=2  nodes=8
    scale=3  nodes=8
    scale=4  nodes=8
    scale=5  nodes=8
    scale=6  nodes=8
    scale=7  nodes=8
    scale=8  nodes=8
    scale=9  nodes=8
    scale=10  nodes=16
    scale=11  nodes=96
    scale=12  nodes=16
    scale=13  nodes=56
    scale=14  nodes=128

3D potential

*FunctionTree: nn
  genNodes: 0
  square norm: 95063.9
  root scale: 0
  order: 11
  nodes: 1808
  endNodes: 1583
  nodes per scale: 
    scale=0  nodes=8
    scale=1  nodes=64
    scale=2  nodes=120
    scale=3  nodes=112
    scale=4  nodes=120
    scale=5  nodes=112
    scale=6  nodes=120
    scale=7  nodes=112
    scale=8  nodes=120
    scale=9  nodes=112
    scale=10  nodes=120
    scale=11  nodes=112
    scale=12  nodes=120
    scale=13  nodes=112
    scale=14  nodes=200
    scale=15  nodes=144

Potential

*FunctionTree: nn
  genNodes: 0
  square norm: 95063.9
  root scale: 0
  order: 11
  nodes: 1808
  endNodes: 1583
  nodes per scale: 
    scale=0  nodes=8
    scale=1  nodes=64
    scale=2  nodes=120
    scale=3  nodes=112
    scale=4  nodes=120
    scale=5  nodes=112
    scale=6  nodes=120
    scale=7  nodes=112
    scale=8  nodes=120
    scale=9  nodes=112
    scale=10  nodes=120
    scale=11  nodes=112
    scale=12  nodes=120
    scale=13  nodes=112
    scale=14  nodes=200
    scale=15  nodes=144

Number of Atoms =  1
[['Hg', 80, 0.1, 0.2, 0.3, 54, 54]]
Using derivative  ABGV
One-electron calculations 1e-08
calc_dirac_mu 6267.72797277641 15327.914245222166 137.035999139
Error 0.045457033027157215
Delta E 15327.914245222166
Energy -3450.950814801845
Converged?  0.045457033027157215  >  1e-07   ----   15327.914245222166  >  1e-09   ----  iteration 0
calc_dirac_mu 6328.301887871477 15290.763412307346 137.035999139
Error 0.032639978157659025
Delta E 37.15083291482006
Energy -3488.101647716665
Converged?  0.032639978157659025  >  1e-07   ----   37.15083291482006  >  1e-09   ----  iteration 1
calc_dirac_mu 6367.4464895703995 15266.70739020122 137.035999139
Error 0.01971316951078868
Delta E 24.056022106125965
Energy -3512.157669822791
Converged?  0.01971316951078868  >  1e-07   ----   24.056022106125965  >  1e-09   ----  iteration 2
calc_dirac_mu 6385.036330114753 15255.885333077684 137.035999139
Error 0.012982374340751435
Delta E 10.82205712353607
Energy -3522.979726946327
Converged?  0.012982374340751435  >  1e-07   ----   10.82205712353607  >  1e-09   ----  iteration 3
calc_dirac_mu 6392.210895852746 15251.469014300123 137.035999139
Error 0.007817428426177357
Delta E 4.416318777561173
Energy -3527.396045723888
Converged?  0.007817428426177357  >  1e-07   ----   4.416318777561173  >  1e-09   ----  iteration 4
calc_dirac_mu 6395.017279526089 15249.741191044797 137.035999139
Error 0.0048315890702214
Delta E 1.7278232553253474
Energy -3529.1238689792135
Converged?  0.0048315890702214  >  1e-07   ----   1.7278232553253474  >  1e-09   ----  iteration 5
calc_dirac_mu 6396.087570397691 15249.082187003767 137.035999139
Error 0.0028840828855530576
Delta E 0.6590040410301299
Energy -3529.7828730202436
Converged?  0.0028840828855530576  >  1e-07   ----   0.6590040410301299  >  1e-09   ----  iteration 6
calc_dirac_mu 6396.489979204782 15248.834406777072 137.035999139
Error 0.0017485676120116771
Delta E 0.24778022669488564
Energy -3530.0306532469385
Converged?  0.0017485676120116771  >  1e-07   ----   0.24778022669488564  >  1e-09   ----  iteration 7
calc_dirac_mu 6396.639989321058 15248.742038134722 137.035999139
Error 0.0010448364718188058
Delta E 0.09236864235026587
Energy -3530.123021889289
Converged?  0.0010448364718188058  >  1e-07   ----   0.09236864235026587  >  1e-09   ----  iteration 8
calc_dirac_mu 6396.6956440587455 15248.707768619874 137.035999139
Error 0.000630798994477715
Delta E 0.03426951484834717
Energy -3530.157291404137
Converged?  0.000630798994477715  >  1e-07   ----   0.03426951484834717  >  1e-09   ----  iteration 9
calc_dirac_mu 6396.716234987804 15248.695089695047 137.035999139
Error 0.00037840874499353165
Delta E 0.012678924826104776
Energy -3530.1699703289632
Converged?  0.00037840874499353165  >  1e-07   ----   0.012678924826104776  >  1e-09   ----  iteration 10
calc_dirac_mu 6396.723846160869 15248.69040309029 137.035999139
Error 0.00022851110476268492
Delta E 0.0046866047578078
Energy -3530.174656933721
Converged?  0.00022851110476268492  >  1e-07   ----   0.0046866047578078  >  1e-09   ----  iteration 11
calc_dirac_mu 6396.726649051932 15248.68867720057 137.035999139
Error 0.00013759781225239866
Delta E 0.0017258897205465473
Energy -3530.1763828234416
Converged?  0.00013759781225239866  >  1e-07   ----   0.0017258897205465473  >  1e-09   ----  iteration 12
calc_dirac_mu 6396.727684133486 15248.688039845527 137.035999139
Error 8.319872363280099e-05
Delta E 0.0006373550422722474
Energy -3530.177020178484
Converged?  8.319872363280099e-05  >  1e-07   ----   0.0006373550422722474  >  1e-09   ----  iteration 13
calc_dirac_mu 6396.72806517315 15248.687805219031 137.035999139
Error 5.023880879377064e-05
Delta E 0.00023462649551220238
Energy -3530.1772548049794
Converged?  5.023880879377064e-05  >  1e-07   ----   0.00023462649551220238  >  1e-09   ----  iteration 14
Classic-like energies: cke = 7149.497388775085, cpe = -10347.8649384754, cke + cpe = -3198.367549700316
Exact Energy = -3532.192093162126
Dirac Energy = -3530.177340901584
Kutze Energy = -3530.1815861556256
Error Kutze  = 2.01050700650012
Error Dirac  = 2.014752260542082
Delta Energy = -8.609660471847747e-05
Dirac - Kutzelnigg = 0.004245254040142754

PARAMETERS:
molecule    = [['Hg', 80, 0.1, 0.2, 0.3, 54, 54]]
D2          = False
prec        = 8
derivative  = ABGV
box         = 1

-------------------------------
Hg 0 0 8 ABGV 1
-------------------------------
>>> Elaboro tutti i file contenenti Hg018
Now executing: python test.py Input_Making/input__Hg018ABGV.txt#
./run_all.sh: line 18:   675 Killed                  python "$SCRIPT" "$file"
>>> Elaboro tutti i file contenenti Hg104
Now executing: python test.py Input_Making/input__Hg104ABGV.txt#
Input file: Input_Making/input__Hg104ABGV.txt
Output file: outputs/output__Hg104ABGV.txt
light_speed = 137.03599913900001  # default 137.03599913900001
derivative = "ABGV"         # possible values: PH, ABGV, BS
order = 7
box = 1
prec = 1.0e-4                 # precision threshold for the MRA operations
thr  = 1.0e-3                  # error threshold for SCF convergence

readPotential    = False         # bool
computePotential = True         # bool 
savePotential    = True         # bool
potential = "fermi_dirac"       # possible values: point_charge coulomb_HFYGB homogeneus_charge_sphere gaussian

readOrbitals     = False         # bool
saveOrbitals     = True         # bool
saveGuess        = False

scf              = True
ktrs             = False
D2               = False         # bool
two_electrons    = False         # bool

runGaunt         = False
runGaugeA        = False
runGaugeB        = False
runGaugeC        = False
runGaugeD        = False
runGaugeDelta    = False

molecule = [ ["Hg", 80, 0.0, 0.0, 0.0, 54, 54] ]

# With the paramenters I got from Robert, the error is (1) higher than
#  what he gets and (2) dominated by the width of the Gaussian
# I get a much better agreement with the ideal value IF the Gaussian
#  size is reduced by one order of magnitude 3e4->3e5 for Ar
# It seems the position of the nucleus is also important: I get bad
#  results from D2 if I move the nucleus
# Higher prec with off centered nucleus is too demanding for my laptop

**************************************
80 [0.0, 0.0, 0.0]
Fermi Dirac potential
Using Half Charge Radius for Hg: 0.00012485722724
Integral of the Fermi-Dirac distribution via cartesian 3D integration: 8.718057234102968
The normalization constant is: 9.176356366078787
Integral of the Fermi-Dirac distribution via 3D integration: 80.00000000000058
3D density

*FunctionTree: nn
  genNodes: 0
  square norm: 5.71427e+14
  root scale: 0
  order: 7
  nodes: 712
  endNodes: 624
  nodes per scale: 
    scale=0  nodes=8
    scale=1  nodes=64
    scale=2  nodes=64
    scale=3  nodes=64
    scale=4  nodes=64
    scale=5  nodes=64
    scale=6  nodes=64
    scale=7  nodes=64
    scale=8  nodes=64
    scale=9  nodes=64
    scale=10  nodes=64
    scale=11  nodes=64

3D potential

*FunctionTree: nn
  genNodes: 0
  square norm: 98223.4
  root scale: 0
  order: 7
  nodes: 840
  endNodes: 736
  nodes per scale: 
    scale=0  nodes=8
    scale=1  nodes=64
    scale=2  nodes=64
    scale=3  nodes=64
    scale=4  nodes=64
    scale=5  nodes=64
    scale=6  nodes=64
    scale=7  nodes=64
    scale=8  nodes=64
    scale=9  nodes=64
    scale=10  nodes=64
    scale=11  nodes=64
    scale=12  nodes=64
    scale=13  nodes=64

Potential

*FunctionTree: nn
  genNodes: 0
  square norm: 98223.4
  root scale: 0
  order: 7
  nodes: 840
  endNodes: 736
  nodes per scale: 
    scale=0  nodes=8
    scale=1  nodes=64
    scale=2  nodes=64
    scale=3  nodes=64
    scale=4  nodes=64
    scale=5  nodes=64
    scale=6  nodes=64
    scale=7  nodes=64
    scale=8  nodes=64
    scale=9  nodes=64
    scale=10  nodes=64
    scale=11  nodes=64
    scale=12  nodes=64
    scale=13  nodes=64

Number of Atoms =  1
[['Hg', 80, 0.0, 0.0, 0.0, 54, 54]]
Using derivative  ABGV
One-electron calculations 0.0001
calc_dirac_mu 6267.879388060468 15327.82149236144 137.035999139
Error 0.04545516186045455
Delta E 15327.82149236144
Energy -3451.043567662571
Converged?  0.04545516186045455  >  0.001   ----   15327.82149236144  >  1e-05   ----  iteration 0
calc_dirac_mu 6326.277105318018 15292.006697928964 137.035999139
Error 0.03255919087148845
Delta E 35.81479443247554
Energy -3486.8583620950467
Converged?  0.03255919087148845  >  0.001   ----   35.81479443247554  >  1e-05   ----  iteration 1
calc_dirac_mu 6364.366726992861 15268.60140890072 137.035999139
Error 0.019626419051147176
Delta E 23.405289028243715
Energy -3510.2636511232904
Converged?  0.019626419051147176  >  0.001   ----   23.405289028243715  >  1e-05   ----  iteration 2
calc_dirac_mu 6381.080904093895 15258.31955713064 137.035999139
Error 0.012899923539872063
Delta E 10.281851770079811
Energy -3520.54550289337
Converged?  0.012899923539872063  >  0.001   ----   10.281851770079811  >  1e-05   ----  iteration 3
calc_dirac_mu 6387.531836480524 15254.34936399175 137.035999139
Error 0.007743019536272572
Delta E 3.970193138889954
Energy -3524.51569603226
Converged?  0.007743019536272572  >  0.001   ----   3.970193138889954  >  1e-05   ----  iteration 4
calc_dirac_mu 6389.872685230997 15252.908445142666 137.035999139
Error 0.004771670737272042
Delta E 1.4409188490844826
Energy -3525.9566148813446
Converged?  0.004771670737272042  >  0.001   ----   1.4409188490844826  >  1e-05   ----  iteration 5
calc_dirac_mu 6390.768469410945 15252.357005580034 137.035999139
Error 0.002843524160178965
Delta E 0.5514395626323676
Energy -3526.508054443977
Converged?  0.002843524160178965  >  0.001   ----   0.5514395626323676  >  1e-05   ----  iteration 6
calc_dirac_mu 6391.040571597022 15252.189497099473 137.035999139
Error 0.0017203933490320634
Delta E 0.16750848056108225
Energy -3526.675562924538
Converged?  0.0017203933490320634  >  0.001   ----   0.16750848056108225  >  1e-05   ----  iteration 7
calc_dirac_mu 6391.148868454008 15252.12282809733 137.035999139
Error 0.0010272233554300143
Delta E 0.0666690021425893
Energy -3526.7422319266807
Converged?  0.0010272233554300143  >  0.001   ----   0.0666690021425893  >  1e-05   ----  iteration 8
calc_dirac_mu 6391.165712159822 15252.112458859236 137.035999139
Error 0.0006191485471788989
Delta E 0.010369238094426692
Energy -3526.752601164775
Converged?  0.0006191485471788989  >  0.001   ----   0.010369238094426692  >  1e-05   ----  iteration 9
calc_dirac_mu 6391.161371645809 15252.11513094548 137.035999139
Error 0.00037078654107911284
Delta E 0.0026720862442743964
Energy -3526.749929078531
Converged?  0.00037078654107911284  >  0.001   ----   0.0026720862442743964  >  1e-05   ----  iteration 10
calc_dirac_mu 6391.151757481852 15252.12104956893 137.035999139
Error 0.0002234473624011279
Delta E 0.005918623450270388
Energy -3526.7440104550806
Converged?  0.0002234473624011279  >  0.001   ----   0.005918623450270388  >  1e-05   ----  iteration 11
calc_dirac_mu 6391.145088662642 15252.125154992655 137.035999139
Error 0.00013430077399228128
Delta E 0.0041054237244679825
Energy -3526.739905031356
Converged?  0.00013430077399228128  >  0.001   ----   0.0041054237244679825  >  1e-05   ----  iteration 12
calc_dirac_mu 6391.140220338969 15252.128152004003 137.035999139
Error 8.104080951939403e-05
Delta E 0.002997011348270462
Energy -3526.736908020008
Converged?  8.104080951939403e-05  >  0.001   ----   0.002997011348270462  >  1e-05   ----  iteration 13
calc_dirac_mu 6391.136766729106 15252.130278096454 137.035999139
Error 4.8831595887677865e-05
Delta E 0.002126092451362638
Energy -3526.7347819275565
Converged?  4.8831595887677865e-05  >  0.001   ----   0.002126092451362638  >  1e-05   ----  iteration 14
Classic-like energies: cke = 7151.378301988316, cpe = -10331.864271406903, cke + cpe = -3180.485969418587
Exact Energy = -3532.192093162126
Dirac Energy = -3526.732654155905
Kutze Energy = -3508.1761674897907
Error Kutze  = 24.01592567233456
Error Dirac  = 5.459439006221146
Delta Energy = 0.002127771651430521
Dirac - Kutzelnigg = -18.556486666115234

PARAMETERS:
molecule    = [['Hg', 80, 0.0, 0.0, 0.0, 54, 54]]
D2          = False
prec        = 4
derivative  = ABGV
box         = 1

-------------------------------
Hg 1 0 4 ABGV 1
-------------------------------
>>> Elaboro tutti i file contenenti Hg114
Now executing: python test.py Input_Making/input__Hg114ABGV.txt#
Input file: Input_Making/input__Hg114ABGV.txt
Output file: outputs/output__Hg114ABGV.txt
light_speed = 137.03599913900001  # default 137.03599913900001
derivative = "ABGV"         # possible values: PH, ABGV, BS
order = 7
box = 1
prec = 1.0e-4                 # precision threshold for the MRA operations
thr  = 1.0e-3                  # error threshold for SCF convergence

readPotential    = True        # bool
computePotential = False         # bool 
savePotential    = False         # bool
potential = "fermi_dirac"       # possible values: point_charge coulomb_HFYGB homogeneus_charge_sphere gaussian

readOrbitals     = True
orbitalName = "spinorb1"        # bool
saveOrbitals     = False         # bool
saveGuess        = False

scf              = True
ktrs             = False
D2               = True         # bool
two_electrons    = False         # bool

runGaunt         = False
runGaugeA        = False
runGaugeB        = False
runGaugeC        = False
runGaugeD        = False
runGaugeDelta    = False

molecule = [ ["Hg", 80, 0.0, 0.0, 0.0, 54, 54] ]

# With the paramenters I got from Robert, the error is (1) higher than
#  what he gets and (2) dominated by the width of the Gaussian
# I get a much better agreement with the ideal value IF the Gaussian
#  size is reduced by one order of magnitude 3e4->3e5 for Ar
# It seems the position of the nucleus is also important: I get bad
#  results from D2 if I move the nucleus
# Higher prec with off centered nucleus is too demanding for my laptop

**************************************
80 [0.0, 0.0, 0.0]
Potential

*FunctionTree: nn
  genNodes: 0
  square norm: 98223.4
  root scale: 0
  order: 7
  nodes: 840
  endNodes: 736
  nodes per scale: 
    scale=0  nodes=8
    scale=1  nodes=64
    scale=2  nodes=64
    scale=3  nodes=64
    scale=4  nodes=64
    scale=5  nodes=64
    scale=6  nodes=64
    scale=7  nodes=64
    scale=8  nodes=64
    scale=9  nodes=64
    scale=10  nodes=64
    scale=11  nodes=64
    scale=12  nodes=64
    scale=13  nodes=64

Number of Atoms =  1
[['Hg', 80, 0.0, 0.0, 0.0, 54, 54]]
Using derivative  ABGV
Hartree-Fock 1e D2
Classic-like energies: cke = 7151.378301988316 cpe = -10331.864275660051 cke + cpe = -3180.4859736717353
mu = 79.75570166040464
Error = 0.0010563841771546946
Delta E 3508.176172720026
Energy -3508.176172720026 0
Converged?  0.0010563841771546946  >  0.001   ----   3508.176172720026  >  1e-05   ----  iteration 0
Classic-like energies: cke = 7107.377566284389 cpe = -10299.978287168353 cke + cpe = -3192.6007208839637
mu = 79.90745548300188
Error = 0.0007812171528248456
Delta E 14.905174673552665
Energy -3523.0813473935787 -3508.176172720026
Converged?  0.0007812171528248456  >  0.001   ----   14.905174673552665  >  1e-05   ----  iteration 1
Classic-like energies: cke = 7101.307071761612 cpe = -10295.674390177819 cke + cpe = -3194.367318416207
mu = 79.9295604694059
Error = 0.000772770400884045
Delta E 2.174720224299108
Energy -3525.2560676178778 -3523.0813473935787
Converged?  0.000772770400884045  >  0.001   ----   2.174720224299108  >  1e-05   ----  iteration 2
Classic-like energies: cke = 7117.746013269204 cpe = -10311.468981577973 cke + cpe = -3193.722968308769
mu = 79.92149858841198
Error = 0.0021479749930149055
Delta E 0.7932450022908597
Energy -3524.462822615587 -3525.2560676178778
Converged?  0.0021479749930149055  >  0.001   ----   0.7932450022908597  >  1e-05   ----  iteration 3
Classic-like energies: cke = 7094.631475574627 cpe = -10285.308720386865 cke + cpe = -3190.6772448122383
mu = 79.88338055956619
Error = 0.005177616276558341
Delta E 3.7489638922816084
Energy -3520.7138587233053 -3524.462822615587
Converged?  0.005177616276558341  >  0.001   ----   3.7489638922816084  >  1e-05   ----  iteration 4
Classic-like energies: cke = 7142.735957644793 cpe = -10324.92513621081 cke + cpe = -3182.1891785660164
mu = 79.7770540765453
Error = 0.010229566949321648
Delta E 10.443055639610975
Energy -3510.2708030836943 -3520.7138587233053
Converged?  0.010229566949321648  >  0.001   ----   10.443055639610975  >  1e-05   ----  iteration 5
Classic-like energies: cke = 7055.485643457659 cpe = -10216.912664744239 cke + cpe = -3161.4270212865804
mu = 79.51637593963372
Error = 0.019104843895637342
Delta E 25.514088526635987
Energy -3484.7567145570583 -3510.2708030836943
Converged?  0.019104843895637342  >  0.001   ----   25.514088526635987  >  1e-05   ----  iteration 6
Classic-like energies: cke = 7165.188459315229 cpe = -10275.305909511764 cke + cpe = -3110.117450196535
mu = 78.86846581741698
Error = 0.03191490841673664
Delta E 62.87121128369108
Energy -3421.8855032733672 -3484.7567145570583
Converged?  0.03191490841673664  >  0.001   ----   62.87121128369108  >  1e-05   ----  iteration 7
Classic-like energies: cke = 6892.2785634644915 cpe = -9882.997328514413 cke + cpe = -2990.718765049922
mu = 77.33975387922982
Error = 0.055211167864945586
Delta E 145.31590875646816
Energy -3276.569594516899 -3421.8855032733672
Converged?  0.055211167864945586  >  0.001   ----   145.31590875646816  >  1e-05   ----  iteration 8
Classic-like energies: cke = 7057.713937815815 cpe = -9772.875590425472 cke + cpe = -2715.161652609657
mu = 73.69072740324467
Error = 0.08420974328802565
Delta E 330.28058394149093
Energy -2946.289010575408 -3276.569594516899
Converged?  0.08420974328802565  >  0.001   ----   330.28058394149093  >  1e-05   ----  iteration 9
Classic-like energies: cke = 6198.588339488568 cpe = -8395.019199986476 cke + cpe = -2196.4308604979087
mu = 66.27866716369466
Error = 0.14269419112423296
Delta E 603.7500441973039
Energy -2342.5389663781043 -2946.289010575408
Converged?  0.14269419112423296  >  0.001   ----   603.7500441973039  >  1e-05   ----  iteration 10
Classic-like energies: cke = 5898.2881587053325 cpe = -7324.563645746046 cke + cpe = -1426.2754870407134
mu = 53.40927797753333
Error = 0.11928660803667822
Delta E 857.5486348085417
Energy -1484.9903315695626 -2342.5389663781043
Converged?  0.11928660803667822  >  0.001   ----   857.5486348085417  >  1e-05   ----  iteration 11
Classic-like energies: cke = 3867.688613324822 cpe = -6810.330183981312 cke + cpe = -2942.64157065649
mu = 76.71559907419729
Error = 0.040909511511211236
Delta E 1733.449445325458
Energy -3218.4397768950207 -1484.9903315695626
Converged?  0.040909511511211236  >  0.001   ----   1733.449445325458  >  1e-05   ----  iteration 12
Classic-like energies: cke = 4204.736226631529 cpe = -7283.940362669512 cke + cpe = -3079.2041360379835
mu = 78.47552658043122
Error = 0.03171713699478531
Delta E 165.69063076357816
Energy -3384.130407658599 -3218.4397768950207
Converged?  0.03171713699478531  >  0.001   ----   165.69063076357816  >  1e-05   ----  iteration 13
Classic-like energies: cke = 4490.543189988928 cpe = -7605.214228641026 cke + cpe = -3114.671038652098
mu = 78.92618119042753
Error = 0.025081860837416394
Delta E 43.324337343361094
Energy -3427.45474500196 -3384.130407658599
Converged?  0.025081860837416394  >  0.001   ----   43.324337343361094  >  1e-05   ----  iteration 14
Classic-like energies: cke = 4787.883177701455, cpe = -7923.579353946958, cke + cpe = -3135.696176245503
Exact Energy = -3532.192093162126
Dirac Energy = -3469.497079742312
Kutze Energy = -3453.195671162216
Error Kutze  = 78.99642199990922
Error Dirac  = 62.69501341981413
Delta Energy = -25.740926160256095
Dirac - Kutzelnigg = -16.301408580096904

PARAMETERS:
molecule    = [['Hg', 80, 0.0, 0.0, 0.0, 54, 54]]
D2          = True
prec        = 4
derivative  = ABGV
box         = 1

-------------------------------
Hg 1 1 4 ABGV 1
-------------------------------
>>> Elaboro tutti i file contenenti Hg105
Now executing: python test.py Input_Making/input__Hg105ABGV.txt#
./run_all.sh: line 18:   799 Segmentation fault      python "$SCRIPT" "$file"
>>> Elaboro tutti i file contenenti Hg115
Now executing: python test.py Input_Making/input__Hg115ABGV.txt#
./run_all.sh: line 18:   800 Segmentation fault      python "$SCRIPT" "$file"
>>> Elaboro tutti i file contenenti Hg106
Now executing: python test.py Input_Making/input__Hg106ABGV.txt#
./run_all.sh: line 18:   801 Segmentation fault      python "$SCRIPT" "$file"
>>> Elaboro tutti i file contenenti Hg116
Now executing: python test.py Input_Making/input__Hg116ABGV.txt#
./run_all.sh: line 18:   802 Segmentation fault      python "$SCRIPT" "$file"
>>> Elaboro tutti i file contenenti Hg107
Now executing: python test.py Input_Making/input__Hg107ABGV.txt#
./run_all.sh: line 18:   803 Segmentation fault      python "$SCRIPT" "$file"
>>> Elaboro tutti i file contenenti Hg117
Now executing: python test.py Input_Making/input__Hg117ABGV.txt#
./run_all.sh: line 18:   804 Segmentation fault      python "$SCRIPT" "$file"
>>> Elaboro tutti i file contenenti Hg108
Now executing: python test.py Input_Making/input__Hg108ABGV.txt#
./run_all.sh: line 18:   809 Segmentation fault      python "$SCRIPT" "$file"
>>> Elaboro tutti i file contenenti Hg118
Now executing: python test.py Input_Making/input__Hg118ABGV.txt#
./run_all.sh: line 18:   811 Segmentation fault      python "$SCRIPT" "$file"
